<html>
<body>
<pre>
<h1>µVision Build Log</h1>
<h2>Tool Versions:</h2>
IDE-Version: µVision V5.24.2.0
Copyright (C) 2017 ARM Ltd and ARM Germany GmbH. All rights reserved.
License Information: Alex Pirs, BSVT, LIC=----
 
Tool Versions:
Toolchain:       MDK-Lite  Version: 5.24.1
Toolchain Path:  D:\Keil_v5\ARM\ARMCC\Bin
C Compiler:      Armcc.exe V5.06 update 5 (build 528)
Assembler:       Armasm.exe V5.06 update 5 (build 528)
Linker/Locator:  ArmLink.exe V5.06 update 5 (build 528)
Library Manager: ArmAr.exe V5.06 update 5 (build 528)
Hex Converter:   FromElf.exe V5.06 update 5 (build 528)
CPU DLL:         SARMCM3.DLL V5.24.1
Dialog DLL:      DCM.DLL V1.16.0.0
Target DLL:      STLink\ST-LINKIII-KEIL_SWO.dll V3.0.1.0
Dialog DLL:      TCM.DLL V1.32.0.0
 
<h2>Project:</h2>
D:\GitRepository\Programming_Microcontroller\STM32\Lesson\F746Disco\LTDC_SDRAM_W\DMA2D\MDK-ARM\LTDC_SDRAM_DMA2D.uvprojx
Project File Date:  09/29/2018

<h2>Output:</h2>
*** Using Compiler 'V5.06 update 5 (build 528)', folder: 'D:\Keil_v5\ARM\ARMCC\Bin'
Build target 'LTDC_SDRAM_DMA2D'
compiling fatfs.c...
compiling stm32f7xx_it.c...
compiling bsp_driver_sd.c...
compiling stm32f7xx_hal_msp.c...
compiling sd_diskio.c...
compiling main.c...
../Src/main.c(107): warning:  #177-D: variable "j"  was declared but never referenced
        uint16_t i,j;
../Src/main.c: 1 warning, 0 errors
compiling LTDC.c...
..\Src\LTDC.c(165): warning:  #177-D: variable "ix"  was declared but never referenced
    uint32_t index = 0, ix=0, width = 0, height = 0, bit_pixel = 0;
..\Src\LTDC.c(339): warning:  #1-D: last line of file ends without a newline
  //--
..\Src\LTDC.c: 2 warnings, 0 errors
compiling MT48LC4M32B2.c...
compiling stm32f7xx_hal.c...
compiling stm32f7xx_hal_ltdc_ex.c...
compiling stm32f7xx_hal_ltdc.c...
compiling stm32f7xx_hal_dma_ex.c...
compiling stm32f7xx_hal_cortex.c...
compiling stm32f7xx_hal_dsi.c...
compiling stm32f7xx_hal_rng.c...
compiling stm32f7xx_hal_gpio.c...
compiling stm32f7xx_hal_dma2d.c...
compiling stm32f7xx_hal_flash_ex.c...
compiling stm32f7xx_hal_tim.c...
compiling stm32f7xx_hal_tim_ex.c...
compiling stm32f7xx_hal_pwr_ex.c...
compiling stm32f7xx_hal_dma.c...
compiling stm32f7xx_hal_rcc.c...
compiling stm32f7xx_hal_sd.c...
compiling stm32f7xx_ll_fmc.c...
compiling stm32f7xx_hal_i2c.c...
compiling stm32f7xx_hal_sdram.c...
compiling stm32f7xx_hal_i2c_ex.c...
compiling stm32f7xx_ll_sdmmc.c...
compiling stm32f7xx_hal_flash.c...
compiling stm32f7xx_hal_pwr.c...
compiling stm32f7xx_hal_rcc_ex.c...
compiling ff.c...
compiling diskio.c...
compiling ff_gen_drv.c...
compiling syscall.c...
compiling system_stm32f7xx.c...
linking...
Program Size: Code=12968 RO-data=524 RW-data=60 ZI-data=16844  
"LTDC_SDRAM_DMA2D\LTDC_SDRAM_DMA2D.axf" - 0 Error(s), 3 Warning(s).

<h2>Software Packages used:</h2>

Package Vendor: ARM
                http://www.keil.com/pack/ARM.CMSIS.5.0.1.pack
                ARM.CMSIS.5.0.1
                CMSIS (Cortex Microcontroller Software Interface Standard)
   * Component: CORE Version: 5.0.1

Package Vendor: Keil
                http://www.keil.com/pack/Keil.STM32F7xx_DFP.2.11.0.pack
                Keil.STM32F7xx_DFP.2.11.0
                STMicroelectronics STM32F7 Series Device Support, Drivers and Examples

<h2>Collection of Component include folders:</h2>
  .\RTE\_LTDC_SDRAM_DMA2D
  D:\Keil_v5\ARM\PACK\ARM\CMSIS\5.0.1\CMSIS\Include
  D:\Keil_v5\ARM\PACK\Keil\STM32F7xx_DFP\2.11.0\Drivers\CMSIS\Device\ST\STM32F7xx\Include

<h2>Collection of Component Files used:</h2>

   * Component: ARM::CMSIS:CORE:5.0.1
Build Time Elapsed:  00:12:27
</pre>
</body>
</html>
