Microchip MPLAB XC8 Compiler V1.45 ()

Linker command line:

-W-3 --edf=D:\Program Files\Microchip\xc8\v1.45\dat\en_msgs.txt -cs \
  -h+dist/default/production\ProjectLCD.X.production.sym \
  --cmf=dist/default/production\ProjectLCD.X.production.cmf -z -Q16F877 \
  -oC:\Users\DANTE_~1\AppData\Local\Temp\s7jg.2 \
  -Mdist/default/production/ProjectLCD.X.production.map -E1 -ver=XC8 \
  -ASTACK=0110h-016fh -pstack=STACK -ACODE=00h-07FFhx4 -ASTRCODE=00h-01FFFh \
  -ASTRING=00h-0FFhx32 -ACONST=00h-0FFhx32 -AENTRY=00h-0FFhx32 \
  -ACOMMON=070h-07Fh -ABANK0=020h-06Fh -ABANK1=0A0h-0EFh \
  -ABANK2=0110h-016Fh -ABANK3=0190h-01EFh \
  -ARAM=020h-06Fh,0A0h-0EFh,0110h-016Fh,0190h-01EFh \
  -AABS1=020h-07Fh,0A0h-0EFh,0110h-016Fh,0190h-01EFh -ASFR0=00h-01Fh \
  -ASFR1=080h-09Fh -ASFR2=0100h-010Fh -ASFR3=0180h-018Fh \
  -preset_vec=00h,intentry,init,end_init -ppowerup=CODE -pcinit=CODE \
  -pfunctab=ENTRY -ACONFIG=02007h-02007h -pconfig=CONFIG -DCONFIG=2 \
  -AIDLOC=02000h-02003h -pidloc=IDLOC -DIDLOC=2 -AEEDATA=00h-0FFh/02100h \
  -peeprom_data=EEDATA -DEEDATA=2 -DCODE=2 -DSTRCODE=2 -DSTRING=2 -DCONST=2 \
  -DENTRY=2 -k C:\Users\DANTE_~1\AppData\Local\Temp\s7jg.obj \
  dist/default/production\ProjectLCD.X.production.obj 

Object code version is 3.11

Machine type is 16F877



                Name                               Link     Load   Length Selector   Space Scale
C:\Users\DANTE_~1\AppData\Local\Temp\s7jg.obj
                end_init                              0        0        3        0       0
dist/default/production\ProjectLCD.X.production.obj
                cinit                               7FC      7FC        4      FF8       0
                text9                               5EB      5EB       1A      BD6       0
                text8                               5D3      5D3       18      BA6       0
                text7                               621      621       2B      C42       0
                text6                               64C      64C       33      C98       0
                text5                               6EA      6EA       89      DD4       0
                text4                               605      605       1C      C0A       0
                text3                               773      773       89      EE6       0
                text2                               5C3      5C3       10      B86       0
                text1                               5B8      5B8        B      B70       0
                maintext                            67F      67F       6B      CFE       0
                cstackBANK0                          20       20        3       20       1
                cstackCOMMON                         70       70        C       70       1
                strings                               3        3       8C        6       0

TOTAL           Name                               Link     Load   Length     Space
        CLASS   STACK          

        CLASS   CODE           
                end_init                              0        0        3         0
                cinit                               7FC      7FC        4         0
                text9                               5EB      5EB       1A         0
                text8                               5D3      5D3       18         0
                text7                               621      621       2B         0
                text6                               64C      64C       33         0
                text5                               6EA      6EA       89         0
                text4                               605      605       1C         0
                text3                               773      773       89         0
                text2                               5C3      5C3       10         0
                text1                               5B8      5B8        B         0
                maintext                            67F      67F       6B         0

        CLASS   STRCODE        

        CLASS   STRING         
                strings                               3        3       8C         0

        CLASS   CONST          

        CLASS   ENTRY          

        CLASS   COMMON         
                cstackCOMMON                         70       70        C         1

        CLASS   BANK0          
                cstackBANK0                          20       20        3         1

        CLASS   BANK1          

        CLASS   BANK2          

        CLASS   BANK3          

        CLASS   RAM            

        CLASS   ABS1           
                abs_s1                               7E       7E        2         1

        CLASS   SFR0           

        CLASS   SFR1           

        CLASS   SFR2           

        CLASS   SFR3           

        CLASS   CONFIG         

        CLASS   IDLOC          

        CLASS   EEDATA         



SEGMENTS        Name                           Load    Length   Top    Selector   Space  Class     Delta

                reset_vec                      000000  000003  000003         0       0  CODE        2
                strings                        000003  00008C  00008F         6       0  STRING      2
                cstackBANK0                    000020  000003  000023        20       1  BANK0       1
                cstackCOMMON                   000070  00000C  00007C        70       1  COMMON      1
                text1                          0005B8  00000B  0005C3       B70       0  CODE        2
                text2                          0005C3  000010  0005D3       B86       0  CODE        2
                text8                          0005D3  000018  0005EB       BA6       0  CODE        2
                text9                          0005EB  00001A  000605       BD6       0  CODE        2
                text4                          000605  00001C  000621       C0A       0  CODE        2
                text7                          000621  00002B  00064C       C42       0  CODE        2
                text6                          00064C  000033  00067F       C98       0  CODE        2
                maintext                       00067F  00006B  0006EA       CFE       0  CODE        2
                text5                          0006EA  000089  000773       DD4       0  CODE        2
                text3                          000773  000089  0007FC       EE6       0  CODE        2
                cinit                          0007FC  000004  000800       FF8       0  CODE        2


UNUSED ADDRESS RANGES

        Name                Unused          Largest block    Delta
        BANK0            0023-006F             4D           1
        BANK1            00A0-00EF             50           1
        BANK2            0110-016F             60           1
        BANK3            0190-01EF             60           1
        CODE             008F-05B7            529           2
                         0800-1FFF            800
        COMMON           007C-007D              2           1
        CONFIG           2007-2007              1           2
        CONST            008F-05B7            100           2
                         0800-1FFF            100
        EEDATA           2100-21FF            100           2
        ENTRY            008F-05B7            100           2
                         0800-1FFF            100
        IDLOC            2000-2003              4           2
        RAM              0023-006F             4D           1
                         00A0-00EF             50
                         0110-016F             60
                         0190-01EF             60
        SFR0             0000-001F             20           1
        SFR1             0080-009F             20           1
        SFR2             0100-010F             10           1
        SFR3             0180-018F             10           1
        STACK            0110-016F             60           1
        STRCODE          008F-05B7            529           2
                         0800-1FFF           1800
        STRING           008F-05B7            100           2
                         0800-1FFF            100

                                  Symbol Table

InitCustomeChars@i          cstackCOMMON 0075
LCD_SendCommand@com         cstackCOMMON 0073
LCD_SendData@data           cstackCOMMON 0070
LCD_printStringXY@str       cstackCOMMON 007B
LCD_printStringXY@x         cstackCOMMON 0078
LCD_printStringXY@y         cstackCOMMON 0079
Lcd_PrintString@str         cstackCOMMON 0075
Lcd_Print_char@data         cstackCOMMON 0073
_InitCustomeChars           text6        064C
_LCD_Init                   text5        06EA
_LCD_SendCommand            text8        05D3
_LCD_SendData               text9        05EB
_LCD_printStringXY          text2        05C3
_Lcd_Clear                  text1        05B8
_Lcd_PrintString            text4        0605
_Lcd_Print_char             text7        0621
_MyChar5x8                  strings      0009
_PORTBbits                  (abs)        0006
_TRISB0                     (abs)        0430
_TRISB1                     (abs)        0431
_TRISB2                     (abs)        0432
_TRISB4                     (abs)        0434
_TRISB5                     (abs)        0435
_TRISB6                     (abs)        0436
_TRISB7                     (abs)        0437
__Habs1                     abs1         0000
__Hbank0                    bank0        0000
__Hbank1                    bank1        0000
__Hbank2                    bank2        0000
__Hbank3                    bank3        0000
__Hcinit                    cinit        0800
__Hclrtext                  clrtext      0000
__Hcode                     code         0000
__Hcommon                   common       0000
__Hconfig                   config       0000
__HcstackBANK0              cstackBANK0  0000
__HcstackCOMMON             cstackCOMMON 0000
__Heeprom_data              eeprom_data  0000
__Hend_init                 end_init     0003
__Hfunctab                  functab      0000
__Hidloc                    idloc        0000
__Hinit                     init         0000
__Hintentry                 intentry     0000
__Hmaintext                 maintext     0000
__Hpowerup                  powerup      0000
__Hram                      ram          0000
__Hreset_vec                reset_vec    0000
__Hsfr0                     sfr0         0000
__Hsfr1                     sfr1         0000
__Hsfr2                     sfr2         0000
__Hsfr3                     sfr3         0000
__Hspace_0                  (abs)        0800
__Hspace_1                  (abs)        007C
__Hspace_2                  (abs)        0000
__Hspace_3                  (abs)        0000
__Hstack                    stack        0000
__Hstrings                  strings      0000
__Htext                     text         0000
__Labs1                     abs1         0000
__Lbank0                    bank0        0000
__Lbank1                    bank1        0000
__Lbank2                    bank2        0000
__Lbank3                    bank3        0000
__Lcinit                    cinit        07FC
__Lclrtext                  clrtext      0000
__Lcode                     code         0000
__Lcommon                   common       0000
__Lconfig                   config       0000
__LcstackBANK0              cstackBANK0  0000
__LcstackCOMMON             cstackCOMMON 0000
__Leeprom_data              eeprom_data  0000
__Lend_init                 end_init     0000
__Lfunctab                  functab      0000
__Lidloc                    idloc        0000
__Linit                     init         0000
__Lintentry                 intentry     0000
__Lmaintext                 maintext     0000
__Lpowerup                  powerup      0000
__Lram                      ram          0000
__Lreset_vec                reset_vec    0000
__Lsfr0                     sfr0         0000
__Lsfr1                     sfr1         0000
__Lsfr2                     sfr2         0000
__Lsfr3                     sfr3         0000
__Lspace_0                  (abs)        0000
__Lspace_1                  (abs)        0000
__Lspace_2                  (abs)        0000
__Lspace_3                  (abs)        0000
__Lstack                    stack        0000
__Lstrings                  strings      0000
__Ltext                     text         0000
__S0                        (abs)        0800
__S1                        (abs)        007C
__S2                        (abs)        0000
__S3                        (abs)        0000
___int_sp                   stack        0000
___latbits                  (abs)        0002
___sp                       stack        0000
__end_of_InitCustomeChars   text6        067F
__end_of_LCD_Init           text5        0773
__end_of_LCD_SendCommand    text8        05EB
__end_of_LCD_SendData       text9        0605
__end_of_LCD_printStringXY  text2        05D3
__end_of_Lcd_Clear          text1        05C3
__end_of_Lcd_PrintString    text4        0621
__end_of_Lcd_Print_char     text7        064C
__end_of_MyChar5x8          strings      0089
__end_of__initialization    cinit        07FC
__end_of__stringtab         strings      0009
__end_of_lcd_gotoxy         text3        07FC
__end_of_main               maintext     06EA
__initialization            cinit        07FC
__pcstackBANK0              cstackBANK0  0020
__pcstackCOMMON             cstackCOMMON 0070
__pmaintext                 maintext     067F
__pstrings                  strings      0003
__ptext1                    text1        05B8
__ptext2                    text2        05C3
__ptext3                    text3        0773
__ptext4                    text4        0605
__ptext5                    text5        06EA
__ptext6                    text6        064C
__ptext7                    text7        0621
__ptext8                    text8        05D3
__ptext9                    text9        05EB
__size_of_InitCustomeChars  (abs)        0000
__size_of_LCD_Init          (abs)        0000
__size_of_LCD_SendCommand   (abs)        0000
__size_of_LCD_SendData      (abs)        0000
__size_of_LCD_printStringXY (abs)        0000
__size_of_Lcd_Clear         (abs)        0000
__size_of_Lcd_PrintString   (abs)        0000
__size_of_Lcd_Print_char    (abs)        0000
__size_of_lcd_gotoxy        (abs)        0000
__size_of_main              (abs)        0000
__stringbase                strings      0008
__stringtab                 strings      0003
_lcd_gotoxy                 text3        0773
_main                       maintext     067F
btemp                       (abs)        007E
end_of_initialization       cinit        07FC
intlevel0                   functab      0000
intlevel1                   functab      0000
intlevel2                   functab      0000
intlevel3                   functab      0000
intlevel4                   functab      0000
intlevel5                   functab      0000
lcd_gotoxy@temp             cstackCOMMON 0077
lcd_gotoxy@x                cstackCOMMON 0076
lcd_gotoxy@y                cstackCOMMON 0074
reset_vec                   reset_vec    0000
stackhi                     (abs)        0000
stacklo                     (abs)        0000
start                       init         0000
start_initialization        cinit        07FC
wtemp0                      (abs)        007E


FUNCTION INFORMATION:

 *************** function _main *****************
 Defined at:
		line 15 in file "main.c"
 Parameters:    Size  Location     Type
		None
 Auto vars:     Size  Location     Type
		None
 Return value:  Size  Location     Type
                  1    wreg      void 
 Registers used:
		wreg, fsr0l, fsr0h, status,2, status,0, pclath, cstack
 Tracked objects:
		On entry : 
		On exit  : 
		Unchanged: 
 Data sizes:     COMMON   BANK0   BANK1   BANK3   BANK2
      Params:         0       0       0       0       0
      Locals:         0       0       0       0       0
      Temps:          0       3       0       0       0
      Totals:         0       3       0       0       0
Total ram usage:        3 bytes
 Hardware stack levels required when called:    4
 This function calls:
		_InitCustomeChars
		_LCD_Init
		_LCD_printStringXY
		_Lcd_Clear
		_Lcd_Print_char
		_lcd_gotoxy
 This function is called by:
		Startup code after reset
 This function uses a non-reentrant model


 *************** function _Lcd_Clear *****************
 Defined at:
		line 137 in file "LCD.c"
 Parameters:    Size  Location     Type
		None
 Auto vars:     Size  Location     Type
		None
 Return value:  Size  Location     Type
                  1    wreg      void 
 Registers used:
		wreg, status,2, status,0, pclath, cstack
 Tracked objects:
		On entry : 
		On exit  : 
		Unchanged: 
 Data sizes:     COMMON   BANK0   BANK1   BANK3   BANK2
      Params:         0       0       0       0       0
      Locals:         0       0       0       0       0
      Temps:          0       0       0       0       0
      Totals:         0       0       0       0       0
Total ram usage:        0 bytes
 Hardware stack levels used:    1
 Hardware stack levels required when called:    2
 This function calls:
		_LCD_SendCommand
 This function is called by:
		_main
 This function uses a non-reentrant model


 *************** function _LCD_printStringXY *****************
 Defined at:
		line 195 in file "LCD.c"
 Parameters:    Size  Location     Type
  str             1    wreg     PTR unsigned char 
		 -> STR_1(6), 
  x               1    8[COMMON] unsigned char 
  y               1    9[COMMON] unsigned char 
 Auto vars:     Size  Location     Type
  str             1   11[COMMON] PTR unsigned char 
		 -> STR_1(6), 
 Return value:  Size  Location     Type
                  1    wreg      void 
 Registers used:
		wreg, fsr0l, fsr0h, status,2, status,0, pclath, cstack
 Tracked objects:
		On entry : 
		On exit  : 
		Unchanged: 
 Data sizes:     COMMON   BANK0   BANK1   BANK3   BANK2
      Params:         2       0       0       0       0
      Locals:         1       0       0       0       0
      Temps:          1       0       0       0       0
      Totals:         4       0       0       0       0
Total ram usage:        4 bytes
 Hardware stack levels used:    1
 Hardware stack levels required when called:    3
 This function calls:
		_Lcd_PrintString
		_lcd_gotoxy
 This function is called by:
		_main
 This function uses a non-reentrant model


 *************** function _lcd_gotoxy *****************
 Defined at:
		line 147 in file "LCD.c"
 Parameters:    Size  Location     Type
  x               1    wreg     unsigned char 
  y               1    4[COMMON] unsigned char 
 Auto vars:     Size  Location     Type
  x               1    6[COMMON] unsigned char 
  temp            1    7[COMMON] unsigned char 
 Return value:  Size  Location     Type
                  1    wreg      void 
 Registers used:
		wreg, fsr0l, fsr0h, status,2, status,0, pclath, cstack
 Tracked objects:
		On entry : 
		On exit  : 
		Unchanged: 
 Data sizes:     COMMON   BANK0   BANK1   BANK3   BANK2
      Params:         1       0       0       0       0
      Locals:         2       0       0       0       0
      Temps:          1       0       0       0       0
      Totals:         4       0       0       0       0
Total ram usage:        4 bytes
 Hardware stack levels used:    1
 Hardware stack levels required when called:    2
 This function calls:
		_LCD_SendCommand
 This function is called by:
		_main
		_LCD_printStringXY
 This function uses a non-reentrant model


 *************** function _Lcd_PrintString *****************
 Defined at:
		line 124 in file "LCD.c"
 Parameters:    Size  Location     Type
  str             1    wreg     PTR unsigned char 
		 -> STR_1(6), 
 Auto vars:     Size  Location     Type
  str             1    5[COMMON] PTR unsigned char 
		 -> STR_1(6), 
 Return value:  Size  Location     Type
                  1    wreg      void 
 Registers used:
		wreg, fsr0l, fsr0h, status,2, status,0, pclath, cstack
 Tracked objects:
		On entry : 
		On exit  : 
		Unchanged: 
 Data sizes:     COMMON   BANK0   BANK1   BANK3   BANK2
      Params:         0       0       0       0       0
      Locals:         1       0       0       0       0
      Temps:          1       0       0       0       0
      Totals:         2       0       0       0       0
Total ram usage:        2 bytes
 Hardware stack levels used:    1
 Hardware stack levels required when called:    2
 This function calls:
		_Lcd_Print_char
 This function is called by:
		_LCD_printStringXY
 This function uses a non-reentrant model


 *************** function _LCD_Init *****************
 Defined at:
		line 70 in file "LCD.c"
 Parameters:    Size  Location     Type
		None
 Auto vars:     Size  Location     Type
		None
 Return value:  Size  Location     Type
                  1    wreg      void 
 Registers used:
		wreg, status,2, status,0, pclath, cstack
 Tracked objects:
		On entry : 
		On exit  : 
		Unchanged: 
 Data sizes:     COMMON   BANK0   BANK1   BANK3   BANK2
      Params:         0       0       0       0       0
      Locals:         0       0       0       0       0
      Temps:          2       0       0       0       0
      Totals:         2       0       0       0       0
Total ram usage:        2 bytes
 Hardware stack levels used:    1
 Hardware stack levels required when called:    2
 This function calls:
		_LCD_SendCommand
 This function is called by:
		_main
 This function uses a non-reentrant model


 *************** function _InitCustomeChars *****************
 Defined at:
		line 205 in file "LCD.c"
 Parameters:    Size  Location     Type
		None
 Auto vars:     Size  Location     Type
  i               1    5[COMMON] unsigned char 
 Return value:  Size  Location     Type
                  1    wreg      void 
 Registers used:
		wreg, fsr0l, fsr0h, status,2, status,0, pclath, cstack
 Tracked objects:
		On entry : 
		On exit  : 
		Unchanged: 
 Data sizes:     COMMON   BANK0   BANK1   BANK3   BANK2
      Params:         0       0       0       0       0
      Locals:         1       0       0       0       0
      Temps:          1       0       0       0       0
      Totals:         2       0       0       0       0
Total ram usage:        2 bytes
 Hardware stack levels used:    1
 Hardware stack levels required when called:    2
 This function calls:
		_LCD_SendCommand
		_Lcd_Print_char
 This function is called by:
		_main
 This function uses a non-reentrant model


 *************** function _Lcd_Print_char *****************
 Defined at:
		line 108 in file "LCD.c"
 Parameters:    Size  Location     Type
  data            1    wreg     unsigned char 
 Auto vars:     Size  Location     Type
  data            1    3[COMMON] unsigned char 
 Return value:  Size  Location     Type
                  1    wreg      void 
 Registers used:
		wreg, status,2, status,0, pclath, cstack
 Tracked objects:
		On entry : 
		On exit  : 
		Unchanged: 
 Data sizes:     COMMON   BANK0   BANK1   BANK3   BANK2
      Params:         0       0       0       0       0
      Locals:         1       0       0       0       0
      Temps:          2       0       0       0       0
      Totals:         3       0       0       0       0
Total ram usage:        3 bytes
 Hardware stack levels used:    1
 Hardware stack levels required when called:    1
 This function calls:
		_LCD_SendData
 This function is called by:
		_main
		_Lcd_PrintString
		_InitCustomeChars
 This function uses a non-reentrant model


 *************** function _LCD_SendCommand *****************
 Defined at:
		line 57 in file "LCD.c"
 Parameters:    Size  Location     Type
  com             1    wreg     unsigned char 
 Auto vars:     Size  Location     Type
  com             1    3[COMMON] unsigned char 
 Return value:  Size  Location     Type
                  1    wreg      void 
 Registers used:
		wreg, status,2, status,0, pclath, cstack
 Tracked objects:
		On entry : 
		On exit  : 
		Unchanged: 
 Data sizes:     COMMON   BANK0   BANK1   BANK3   BANK2
      Params:         0       0       0       0       0
      Locals:         1       0       0       0       0
      Temps:          2       0       0       0       0
      Totals:         3       0       0       0       0
Total ram usage:        3 bytes
 Hardware stack levels used:    1
 Hardware stack levels required when called:    1
 This function calls:
		_LCD_SendData
 This function is called by:
		_LCD_Init
		_Lcd_Clear
		_lcd_gotoxy
		_InitCustomeChars
 This function uses a non-reentrant model


 *************** function _LCD_SendData *****************
 Defined at:
		line 8 in file "LCD.c"
 Parameters:    Size  Location     Type
  data            1    wreg     unsigned char 
 Auto vars:     Size  Location     Type
  data            1    0[COMMON] unsigned char 
 Return value:  Size  Location     Type
                  1    wreg      void 
 Registers used:
		wreg
 Tracked objects:
		On entry : 
		On exit  : 
		Unchanged: 
 Data sizes:     COMMON   BANK0   BANK1   BANK3   BANK2
      Params:         0       0       0       0       0
      Locals:         1       0       0       0       0
      Temps:          0       0       0       0       0
      Totals:         1       0       0       0       0
Total ram usage:        1 bytes
 Hardware stack levels used:    1
 This function calls:
		Nothing
 This function is called by:
		_LCD_SendCommand
		_Lcd_Print_char
 This function uses a non-reentrant model



MODULE INFORMATION

Module		Function		Class		Link	Load	Size
shared
		__stringtab    		STRING         	0003	0000	7
		__initialization		CODE           	07FC	0000	1
		_MyChar5x8     		STRING         	0009	0000	129

shared estimated size: 137

main.c
		_main          		CODE           	067F	0000	108

main.c estimated size: 108

LCD.c
		_LCD_Init      		CODE           	06EA	0000	138
		_LCD_printStringXY		CODE           	05C3	0000	17
		_LCD_SendData  		CODE           	05EB	0000	27
		_Lcd_PrintString		CODE           	0605	0000	29
		_lcd_gotoxy    		CODE           	0773	0000	138
		_Lcd_Clear     		CODE           	05B8	0000	12
		_LCD_SendCommand		CODE           	05D3	0000	25
		_InitCustomeChars		CODE           	064C	0000	52
		_Lcd_Print_char		CODE           	0621	0000	44

LCD.c estimated size: 482

