Microchip MPLAB XC8 Compiler V1.45 ()

Linker command line:

-W-3 --edf=D:\Program Files\Microchip\xc8\v1.45\dat\en_msgs.txt -cs \
  -h+dist/default/production\Project_DCMotor.X.production.sym \
  --cmf=dist/default/production\Project_DCMotor.X.production.cmf -z \
  -Q18F4550 -oC:\Users\DANTE_~1\AppData\Local\Temp\s7s8.2 \
  -Mdist/default/production/Project_DCMotor.X.production.map -E1 -ver=XC8 \
  -ASTACK=07Ch-07ffh -pstack=STACK -ACODE=00h-07FFFh -ACONST=00h-07FFFh \
  -ASMALLCONST=0800h-08FFhx120 -AMEDIUMCONST=0800h-07FFFh -ACOMRAM=01h-05Fh \
  -AABS1=00h-07FFh -ABIGRAM=01h-07FFh -ARAM=060h-0FFh,0100h-01FFhx7 \
  -ABANK0=060h-0FFh -ABANK1=0100h-01FFh -ABANK2=0200h-02FFh \
  -ABANK3=0300h-03FFh -ABANK4=0400h-04FFh -ABANK5=0500h-05FFh \
  -ABANK6=0600h-06FFh -ABANK7=0700h-07FFh -ASFR=0F60h-0FFFh \
  -preset_vec=00h,intcode=08h,intcodelo,powerup,init -pramtop=0800h \
  -psmallconst=SMALLCONST -pmediumconst=MEDIUMCONST -pconst=CONST \
  -AFARRAM=00h-00h -ACONFIG=0300000h-030000Dh -pconfig=CONFIG \
  -AIDLOC=0200000h-0200007h -pidloc=IDLOC -AEEDATA=0F00000h-0F000FFh \
  -peeprom_data=EEDATA \
  -prdata=COMRAM,nvrram=COMRAM,nvbit=COMRAM,rbss=COMRAM,rbit=COMRAM \
  -pfarbss=FARRAM,fardata=FARRAM,nvFARRAM=FARRAM \
  -pintsave_regs=BIGRAM,bigbss=BIGRAM,bigdata=BIGRAM -pbss=RAM \
  -pidata=CODE,irdata=CODE,ibigdata=CODE,ifardata=CODE -prparam=COMRAM \
  C:\Users\DANTE_~1\AppData\Local\Temp\s7s8.obj \
  dist/default/production\Project_DCMotor.X.production.obj 

Object code version is 3.11

Machine type is 18F4550

Call graph: (short form)




                Name                               Link     Load   Length Selector   Space Scale
C:\Users\DANTE_~1\AppData\Local\Temp\s7s8.obj
                init                                  E        E        4        4       0
                reset_vec                             0        0        4        0       0
                idloc                            200000   200000        8   200000       0
                config                           300000   300000        E   300000       0
dist/default/production\Project_DCMotor.X.production.obj
                intcode                               8        8        6        4       0
                temp                                 4C       4C        1        1       1
                intcode_body                        710      710       E0        4       0
                text21                              C96      C96       18        4       0
                text20                              B14      B14       48        4       0
                text19                              C16      C16       26        4       0
                text18                              BF0      BF0       26        4       0
                text17                              8BE      8BE       CC        4       0
                text16                              AB0      AB0       64        4       0
                text15                              98A      98A       AE        4       0
                text14                              A38      A38       78        4       0
                text13                              62A      62A       E6        4       0
                text12                              44C      44C       F4        4       0
                text11                              354      354       F8        4       0
                text10                              C3C      C3C       24        4       0
                text9                               540      540       EA        4       0
                text8                               C7E      C7E       18        4       0
                text7                               CC0      CC0        8        4       0
                text6                               B9C      B9C       2E        4       0
                text5                               CAE      CAE       12        4       0
                text4                               22A      22A      12A        4       0
                text3                               BCA      BCA       26        4       0
                text2                               C60      C60       1E        4       0
                text1                               7F0      7F0       CE        4       0
                text0                                12       12      218        4       0
                cstackCOMRAM                          1        1       44        1       1
                cstackBANK0                          60       60       17       60       1
                bssBANK0                             77       77        5       60       1
                dataCOMRAM                           45       45        4        1       1
                bssCOMRAM                            49       49        3        1       1
                cinit                               B5C      B5C       40        4       0
                idataCOMRAM                         CC8      CC8        4        4       0

TOTAL           Name                               Link     Load   Length     Space
        CLASS   STACK          

        CLASS   CODE           
                intcode                               8        8        6         0
                init                                  E        E        4         0
                reset_vec                             0        0        4         0
                intcode_body                        710      710       E0         0
                text21                              C96      C96       18         0
                text20                              B14      B14       48         0
                text19                              C16      C16       26         0
                text18                              BF0      BF0       26         0
                text17                              8BE      8BE       CC         0
                text16                              AB0      AB0       64         0
                text15                              98A      98A       AE         0
                text14                              A38      A38       78         0
                text13                              62A      62A       E6         0
                text12                              44C      44C       F4         0
                text11                              354      354       F8         0
                text10                              C3C      C3C       24         0
                text9                               540      540       EA         0
                text8                               C7E      C7E       18         0
                text7                               CC0      CC0        8         0
                text6                               B9C      B9C       2E         0
                text5                               CAE      CAE       12         0
                text4                               22A      22A      12A         0
                text3                               BCA      BCA       26         0
                text2                               C60      C60       1E         0
                text1                               7F0      7F0       CE         0
                text0                                12       12      218         0
                cinit                               B5C      B5C       40         0
                idataCOMRAM                         CC8      CC8        4         0

        CLASS   CONST          

        CLASS   SMALLCONST     

        CLASS   MEDIUMCONST    

        CLASS   COMRAM         
                temp                                 4C       4C        1         1
                cstackCOMRAM                          1        1       44         1
                dataCOMRAM                           45       45        4         1
                bssCOMRAM                            49       49        3         1

        CLASS   ABS1           

        CLASS   BIGRAM         

        CLASS   RAM            

        CLASS   BANK0          
                cstackBANK0                          60       60       17         1
                bssBANK0                             77       77        5         1

        CLASS   BANK1          

        CLASS   BANK2          

        CLASS   BANK3          

        CLASS   BANK4          

        CLASS   BANK5          

        CLASS   BANK6          

        CLASS   BANK7          

        CLASS   SFR            

        CLASS   FARRAM         

        CLASS   CONFIG         
                config                           300000   300000        E         0

        CLASS   IDLOC          
                idloc                            200000   200000        8         0

        CLASS   EEDATA         



SEGMENTS        Name                           Load    Length   Top    Selector   Space  Class

                reset_vec                      000000  000004  000004         0       0  CODE    
                cstackCOMRAM                   000001  00004C  00004D         1       1  COMRAM  
                intcode                        000008  000CC4  000CCC         4       0  CODE    
                cstackBANK0                    000060  00001C  00007C        60       1  BANK0   
                idloc                          200000  000008  200008    200000       0  IDLOC   
                config                         300000  00000E  30000E    300000       0  CONFIG  


UNUSED ADDRESS RANGES

        Name                Unused          Largest block    Delta
        BANK0            00007C-0000FF               84
        BANK1            000100-0001FF              100
        BANK2            000200-0002FF              100
        BANK3            000300-0003FF              100
        BANK4            000400-0004FF              100
        BANK5            000500-0005FF              100
        BANK6            000600-0006FF              100
        BANK7            000700-0007FF              100
        BIGRAM           00004D-00005F               13
                         00007C-0007FF              784
        CODE             000004-000007                4
                         000CCC-007FFF             7334
        COMRAM           00004D-00005F               13
        CONST            000004-000007                4
                         000CCC-007FFF             7334
        EEDATA           F00000-F000FF              100
        MEDIUMCONST      000CCC-007FFF             7334
        RAM              00007C-0007FF              100
        SFR              000F60-000FFF               A0
        SMALLCONST       000CCC-007FFF              100
        STACK            00007C-0007FF              784

                                  Symbol Table

?_ADC_read                       cstackCOMRAM 000013
?___aldiv                        cstackCOMRAM 000013
?___altoft                       cstackCOMRAM 000021
?___ftdiv                        cstackCOMRAM 00001E
?___ftmul                        cstackCOMRAM 00002D
?___ftpack                       cstackCOMRAM 000013
?___fttol                        cstackCOMRAM 00003C
?___lwtoft                       cstackCOMRAM 00001B
?___wmul                         cstackCOMRAM 000013
?_atoi                           cstackCOMRAM 000019
ADC_Init@Uref                    cstackCOMRAM 000013
ADC_read@channel                 cstackCOMRAM 000017
Check_ModeWork@count             cstackCOMRAM 000013
Check_ModeWork@result            cstackCOMRAM 000015
Check_button_direction@count     cstackCOMRAM 000013
Check_button_direction@result    cstackCOMRAM 000015
PWM_SetValue@val                 cstackBANK0  000066
Ressieve_String@buffer           cstackCOMRAM 000013
Ressieve_String@i                cstackCOMRAM 000017
Ressieve_String@length           cstackCOMRAM 000015
Usart_Init@baud                  cstackCOMRAM 000021
Usart_Init@x                     cstackCOMRAM 00002D
_ADCON0                          (abs)        000FC2
_ADCS0                           (abs)        007E00
_ADCS1                           (abs)        007E01
_ADCS2                           (abs)        007E02
_ADC_Init                        text21       000C96
_ADC_read                        text20       000B14
_ADFM                            (abs)        007E07
_ADON                            (abs)        007E10
_ADRESH                          (abs)        000FC4
_ADRESL                          (abs)        000FC3
_CCP2M2                          (abs)        007DD2
_CCP2M3                          (abs)        007DD3
_CCPR2L                          (abs)        000FBB
_CREN                            (abs)        007D5C
_Check_ModeWork                  text19       000C16
_Check_button_direction          text18       000BF0
_DC2B0                           (abs)        007DD4
_DC2B1                           (abs)        007DD5
_GIE                             (abs)        007F97
_GO_nDONE                        (abs)        007E11
_PEIE                            (abs)        007F96
_PORTD                           (abs)        000F83
_PORTDbits                       (abs)        000F83
_PR2                             (abs)        000FCB
_PWM_Init                        text16       000AB0
_PWM_SetValue                    text9        000540
_Phs_n_pwm1                      bssBANK0     00007B
_Phs_p_pwm1                      bssBANK0     000079
_Phs_z_pwm1                      bssBANK0     00007A
_Port_Init                       text8        000C7E
_RB0                             (abs)        007C08
_RC0                             (abs)        007C10
_RCIF                            (abs)        007CF5
_RCREG                           (abs)        000FAE
_Ressieve_String                 text6        000B9C
_SPBRG                           (abs)        000FAF
_SPEN                            (abs)        007D5F
_SYNC                            (abs)        007D64
_T1CKPS0                         (abs)        007E6C
_T1CKPS1                         (abs)        007E6D
_T1OSCEN                         (abs)        007E6B
_T2CKPS0                         (abs)        007E50
_T2CKPS1                         (abs)        007E51
_TMR1                            (abs)        000FCE
_TMR1CS                          (abs)        007E69
_TMR1IE                          (abs)        007CE8
_TMR1IF                          (abs)        007CF0
_TMR1ON                          (abs)        007E68
_TRISB0                          (abs)        007C98
_TRISC0                          (abs)        007CA0
_TRISC1                          (abs)        007CA1
_TRISC6                          (abs)        007CA6
_TRISC7                          (abs)        007CA7
_TRISD0                          (abs)        007CA8
_TRISD1                          (abs)        007CA9
_TRISD2                          (abs)        007CAA
_TRISD3                          (abs)        007CAB
_TRMT                            (abs)        007D61
_TXEN                            (abs)        007D65
_TXREG                           (abs)        000FAD
_Timer1_Init                     text5        000CAE
_Timer1_OVF_Vector               intcode      000008
_Uart_Read                       text7        000CC0
_Usart_Init                      text4        00022A
_Uz_pwm                          bssBANK0     000077
_Vref                            bssCOMRAM    000049
__CFG_BOR$ON                     (abs)        000000
__CFG_BORV$3                     (abs)        000000
__CFG_CCP2MX$ON                  (abs)        000000
__CFG_CP0$OFF                    (abs)        000000
__CFG_CP1$OFF                    (abs)        000000
__CFG_CP2$OFF                    (abs)        000000
__CFG_CP3$OFF                    (abs)        000000
__CFG_CPB$OFF                    (abs)        000000
__CFG_CPD$OFF                    (abs)        000000
__CFG_CPUDIV$OSC1_PLL2           (abs)        000000
__CFG_EBTR0$OFF                  (abs)        000000
__CFG_EBTR1$OFF                  (abs)        000000
__CFG_EBTR2$OFF                  (abs)        000000
__CFG_EBTR3$OFF                  (abs)        000000
__CFG_EBTRB$OFF                  (abs)        000000
__CFG_FCMEN$OFF                  (abs)        000000
__CFG_FOSC$EC_EC                 (abs)        000000
__CFG_ICPRT$OFF                  (abs)        000000
__CFG_IESO$OFF                   (abs)        000000
__CFG_LPT1OSC$OFF                (abs)        000000
__CFG_LVP$ON                     (abs)        000000
__CFG_MCLRE$ON                   (abs)        000000
__CFG_PBADEN$OFF                 (abs)        000000
__CFG_PLLDIV$1                   (abs)        000000
__CFG_PWRT$OFF                   (abs)        000000
__CFG_STVREN$ON                  (abs)        000000
__CFG_USBDIV$1                   (abs)        000000
__CFG_VREGEN$OFF                 (abs)        000000
__CFG_WDT$OFF                    (abs)        000000
__CFG_WDTPS$32768                (abs)        000000
__CFG_WRT0$OFF                   (abs)        000000
__CFG_WRT1$OFF                   (abs)        000000
__CFG_WRT2$OFF                   (abs)        000000
__CFG_WRT3$OFF                   (abs)        000000
__CFG_WRTB$OFF                   (abs)        000000
__CFG_WRTC$OFF                   (abs)        000000
__CFG_WRTD$OFF                   (abs)        000000
__CFG_XINST$OFF                  (abs)        000000
__HRAM                           (abs)        000000
__Habs1                          abs1         000000
__Hbank0                         bank0        000000
__Hbank1                         bank1        000000
__Hbank2                         bank2        000000
__Hbank3                         bank3        000000
__Hbank4                         bank4        000000
__Hbank5                         bank5        000000
__Hbank6                         bank6        000000
__Hbank7                         bank7        000000
__Hbigbss                        bigbss       000000
__Hbigdata                       bigdata      000000
__Hbigram                        bigram       000000
__Hbss                           bss          000000
__HbssBANK0                      bssBANK0     000000
__HbssCOMRAM                     bssCOMRAM    000000
__Hcinit                         cinit        000000
__Hclrtext                       clrtext      000000
__Hcomram                        comram       000000
__Hconfig                        config       30000E
__Hconst                         const        000000
__HcstackBANK0                   cstackBANK0  000000
__HcstackCOMRAM                  cstackCOMRAM 000000
__Hdata                          data         000000
__HdataCOMRAM                    dataCOMRAM   000000
__Heeprom_data                   eeprom_data  000000
__Hfarbss                        farbss       000000
__Hfardata                       fardata      000000
__Hibigdata                      ibigdata     000000
__Hidata                         idata        000000
__HidataCOMRAM                   idataCOMRAM  000000
__Hidloc                         idloc        200008
__Hifardata                      ifardata     000000
__Hinit                          init         000012
__Hintcode                       intcode      00000E
__Hintcode_body                  intcode_body 000000
__Hintcodelo                     intcodelo    00000E
__Hintentry                      intentry     000000
__Hintret                        intret       000000
__Hintsave_regs                  intsave_regs 000000
__Hirdata                        irdata       000000
__Hmediumconst                   mediumconst  000000
__HnvFARRAM                      nvFARRAM     000000
__Hnvbit                         nvbit        000000
__Hnvrram                        nvrram       000000
__Hparam                         rparam       000000
__Hpowerup                       powerup      00000E
__Hram                           ram          000000
__Hramtop                        ramtop       000800
__Hrbit                          rbit         000000
__Hrbss                          rbss         000000
__Hrdata                         rdata        000000
__Hreset_vec                     reset_vec    000004
__Hrparam                        rparam       000000
__Hsfr                           sfr          000000
__Hsmallconst                    smallconst   000000
__Hspace_0                       (abs)        30000E
__Hspace_1                       (abs)        00007C
__Hspace_2                       (abs)        000000
__Hstack                         stack        000000
__Hstruct                        struct       000000
__Htemp                          temp         00004D
__Htext                          text         000000
__Htext0                         text0        000000
__Htext1                         text1        000000
__Htext10                        text10       000000
__Htext11                        text11       000000
__Htext12                        text12       000000
__Htext13                        text13       000000
__Htext14                        text14       000000
__Htext15                        text15       000000
__Htext16                        text16       000000
__Htext17                        text17       000000
__Htext18                        text18       000000
__Htext19                        text19       000000
__Htext2                         text2        000000
__Htext20                        text20       000000
__Htext21                        text21       000000
__Htext3                         text3        000000
__Htext4                         text4        000000
__Htext5                         text5        000000
__Htext6                         text6        000000
__Htext7                         text7        000000
__Htext8                         text8        000000
__Htext9                         text9        000000
__LRAM                           (abs)        000001
__Labs1                          abs1         000000
__Lbank0                         bank0        000000
__Lbank1                         bank1        000000
__Lbank2                         bank2        000000
__Lbank3                         bank3        000000
__Lbank4                         bank4        000000
__Lbank5                         bank5        000000
__Lbank6                         bank6        000000
__Lbank7                         bank7        000000
__Lbigbss                        bigbss       000000
__Lbigdata                       bigdata      000000
__Lbigram                        bigram       000000
__Lbss                           bss          000000
__LbssBANK0                      bssBANK0     000000
__LbssCOMRAM                     bssCOMRAM    000000
__Lcinit                         cinit        000000
__Lclrtext                       clrtext      000000
__Lcomram                        comram       000000
__Lconfig                        config       300000
__Lconst                         const        000000
__LcstackBANK0                   cstackBANK0  000000
__LcstackCOMRAM                  cstackCOMRAM 000000
__Ldata                          data         000000
__LdataCOMRAM                    dataCOMRAM   000000
__Leeprom_data                   eeprom_data  000000
__Lfarbss                        farbss       000000
__Lfardata                       fardata      000000
__Libigdata                      ibigdata     000000
__Lidata                         idata        000000
__LidataCOMRAM                   idataCOMRAM  000000
__Lidloc                         idloc        200000
__Lifardata                      ifardata     000000
__Linit                          init         00000E
__Lintcode                       intcode      000008
__Lintcode_body                  intcode_body 000000
__Lintcodelo                     intcodelo    00000E
__Lintentry                      intentry     000000
__Lintret                        intret       000000
__Lintsave_regs                  intsave_regs 000000
__Lirdata                        irdata       000000
__Lmediumconst                   mediumconst  000000
__LnvFARRAM                      nvFARRAM     000000
__Lnvbit                         nvbit        000000
__Lnvrram                        nvrram       000000
__Lparam                         rparam       000000
__Lpowerup                       powerup      00000E
__Lram                           ram          000000
__Lramtop                        ramtop       000800
__Lrbit                          rbit         000000
__Lrbss                          rbss         000000
__Lrdata                         rdata        000000
__Lreset_vec                     reset_vec    000000
__Lrparam                        rparam       000000
__Lsfr                           sfr          000000
__Lsmallconst                    smallconst   000000
__Lspace_0                       (abs)        000000
__Lspace_1                       (abs)        000000
__Lspace_2                       (abs)        000000
__Lstack                         stack        000000
__Lstruct                        struct       000000
__Ltemp                          temp         00004C
__Ltext                          text         000000
__Ltext0                         text0        000000
__Ltext1                         text1        000000
__Ltext10                        text10       000000
__Ltext11                        text11       000000
__Ltext12                        text12       000000
__Ltext13                        text13       000000
__Ltext14                        text14       000000
__Ltext15                        text15       000000
__Ltext16                        text16       000000
__Ltext17                        text17       000000
__Ltext18                        text18       000000
__Ltext19                        text19       000000
__Ltext2                         text2        000000
__Ltext20                        text20       000000
__Ltext21                        text21       000000
__Ltext3                         text3        000000
__Ltext4                         text4        000000
__Ltext5                         text5        000000
__Ltext6                         text6        000000
__Ltext7                         text7        000000
__Ltext8                         text8        000000
__Ltext9                         text9        000000
__S0                             (abs)        30000E
__S1                             (abs)        00007C
__S2                             (abs)        000000
___aldiv                         text17       0008BE
___aldiv@counter                 cstackCOMRAM 00001B
___aldiv@dividend                cstackCOMRAM 000013
___aldiv@divisor                 cstackCOMRAM 000017
___aldiv@quotient                cstackCOMRAM 00001D
___aldiv@sign                    cstackCOMRAM 00001C
___altoft                        text14       000A38
___altoft@c                      cstackCOMRAM 000021
___altoft@exp                    cstackCOMRAM 000029
___altoft@sign                   cstackCOMRAM 00002A
___ftdiv                         text13       00062A
___ftdiv@cntr                    cstackCOMRAM 000027
___ftdiv@exp                     cstackCOMRAM 00002B
___ftdiv@f1                      cstackCOMRAM 00001E
___ftdiv@f2                      cstackCOMRAM 000021
___ftdiv@f3                      cstackCOMRAM 000028
___ftdiv@sign                    cstackCOMRAM 00002C
___ftmul                         text12       00044C
___ftmul@cntr                    cstackCOMRAM 00003A
___ftmul@exp                     cstackCOMRAM 000036
___ftmul@f1                      cstackCOMRAM 00002D
___ftmul@f2                      cstackCOMRAM 000030
___ftmul@f3_as_product           cstackCOMRAM 000037
___ftmul@sign                    cstackCOMRAM 00003B
___ftpack                        text15       00098A
___ftpack@arg                    cstackCOMRAM 000013
___ftpack@exp                    cstackCOMRAM 000016
___ftpack@sign                   cstackCOMRAM 000017
___fttol                         text11       000354
___fttol@exp1                    cstackBANK0  000065
___fttol@f1                      cstackCOMRAM 00003C
___fttol@lval                    cstackBANK0  000061
___fttol@sign1                   cstackBANK0  000060
___inthi_sp                      stack        000000
___intlo_sp                      stack        000000
___lwtoft                        text10       000C3C
___lwtoft@c                      cstackCOMRAM 00001B
___param_bank                    (abs)        000000
___rparam_used                   (abs)        000001
___sp                            stack        000000
___wmul                          text3        000BCA
___wmul@multiplicand             cstackCOMRAM 000015
___wmul@multiplier               cstackCOMRAM 000013
___wmul@product                  cstackCOMRAM 000017
__accesstop                      (abs)        000060
__activetblptr                   (abs)        000002
__end_of_ADC_Init                text21       000CAE
__end_of_ADC_read                text20       000B5C
__end_of_Check_ModeWork          text19       000C3C
__end_of_Check_button_direction  text18       000C16
__end_of_PWM_Init                text16       000B14
__end_of_PWM_SetValue            text9        00062A
__end_of_Port_Init               text8        000C96
__end_of_Ressieve_String         text6        000BCA
__end_of_Timer1_Init             text5        000CC0
__end_of_Timer1_OVF_Vector       intcode_body 0007F0
__end_of_Uart_Read               text7        000CC8
__end_of_Usart_Init              text4        000354
__end_of___aldiv                 text17       00098A
__end_of___altoft                text14       000AB0
__end_of___ftdiv                 text13       000710
__end_of___ftmul                 text12       000540
__end_of___ftpack                text15       000A38
__end_of___fttol                 text11       00044C
__end_of___lwtoft                text10       000C60
__end_of___wmul                  text3        000BF0
__end_of__initialization         cinit        000B8E
__end_of_atoi                    text1        0008BE
__end_of_isdigit                 text2        000C7E
__end_of_main                    text0        00022A
__initialization                 cinit        000B5C
__mediumconst                    mediumconst  000000
__pbssBANK0                      bssBANK0     000077
__pbssCOMRAM                     bssCOMRAM    000049
__pcinit                         cinit        000B5C
__pcstackBANK0                   cstackBANK0  000060
__pcstackCOMRAM                  cstackCOMRAM 000001
__pdataCOMRAM                    dataCOMRAM   000045
__pidataCOMRAM                   idataCOMRAM  000CC8
__pintcode                       intcode      000008
__pintcode_body                  intcode_body 000710
__ptext0                         text0        000012
__ptext1                         text1        0007F0
__ptext10                        text10       000C3C
__ptext11                        text11       000354
__ptext12                        text12       00044C
__ptext13                        text13       00062A
__ptext14                        text14       000A38
__ptext15                        text15       00098A
__ptext16                        text16       000AB0
__ptext17                        text17       0008BE
__ptext18                        text18       000BF0
__ptext19                        text19       000C16
__ptext2                         text2        000C60
__ptext20                        text20       000B14
__ptext21                        text21       000C96
__ptext3                         text3        000BCA
__ptext4                         text4        00022A
__ptext5                         text5        000CAE
__ptext6                         text6        000B9C
__ptext7                         text7        000CC0
__ptext8                         text8        000C7E
__ptext9                         text9        000540
__ramtop                         ramtop       000800
__size_of_ADC_Init               (abs)        000000
__size_of_ADC_read               (abs)        000000
__size_of_Check_ModeWork         (abs)        000000
__size_of_Check_button_direction (abs)        000000
__size_of_PWM_Init               (abs)        000000
__size_of_PWM_SetValue           (abs)        000000
__size_of_Port_Init              (abs)        000000
__size_of_Ressieve_String        (abs)        000000
__size_of_Timer1_Init            (abs)        000000
__size_of_Timer1_OVF_Vector      (abs)        000000
__size_of_Uart_Read              (abs)        000000
__size_of_Usart_Init             (abs)        000000
__size_of___aldiv                (abs)        000000
__size_of___altoft               (abs)        000000
__size_of___ftdiv                (abs)        000000
__size_of___ftmul                (abs)        000000
__size_of___ftpack               (abs)        000000
__size_of___fttol                (abs)        000000
__size_of___lwtoft               (abs)        000000
__size_of___wmul                 (abs)        000000
__size_of_atoi                   (abs)        000000
__size_of_isdigit                (abs)        000000
__size_of_main                   (abs)        000000
__smallconst                     smallconst   000000
_atoi                            text1        0007F0
_freq                            dataCOMRAM   000045
_isdigit                         text2        000C60
_isdigit$459                     cstackCOMRAM 000014
_main                            text0        000012
atoi@a                           cstackCOMRAM 00001E
atoi@s                           cstackCOMRAM 000019
atoi@sign                        cstackCOMRAM 00001D
btemp                            temp         00004C
end_of_initialization            cinit        000B8E
int$flags                        temp         00004C
int_func                         intcode_body 000710
intlevel0                        text         000000
intlevel1                        text         000000
intlevel2                        text         000000
intlevel3                        text         000000
isdigit@c                        cstackCOMRAM 000015
main@ConvertSpeed                cstackBANK0  000075
main@adcVal                      cstackBANK0  000073
main@buf                         cstackBANK0  00006E
stackhi                          (abs)        0007FF
stacklo                          (abs)        00007C
start                            init         00000E
start_initialization             cinit        000B5C
wtemp6                           temp         00004D


FUNCTION INFORMATION:

 *************** function _main *****************
 Defined at:
		line 57 in file "main.c"
 Parameters:    Size  Location     Type
		None
 Auto vars:     Size  Location     Type
  buf             5   14[BANK0 ] unsigned char [5]
  ConvertSpeed    2   21[BANK0 ] int 
  adcVal          2   19[BANK0 ] unsigned int 
 Return value:  Size  Location     Type
                  1    wreg      void 
 Registers used:
		wreg, fsr2l, fsr2h, status,2, status,0, prodl, prodh, cstack
 Tracked objects:
		On entry : 
		On exit  : 
		Unchanged: 
 Data sizes:     COMRAM   BANK0   BANK1   BANK2   BANK3   BANK4   BANK5   BANK6   BANK7
      Params:         0       0       0       0       0       0       0       0       0
      Locals:         0       9       0       0       0       0       0       0       0
      Temps:          0       2       0       0       0       0       0       0       0
      Totals:         0      11       0       0       0       0       0       0       0
Total ram usage:       11 bytes
 Hardware stack levels required when called:    4
 This function calls:
		_ADC_Init
		_ADC_read
		_Check_ModeWork
		_Check_button_direction
		_PWM_Init
		_PWM_SetValue
		_Port_Init
		_Ressieve_String
		_Timer1_Init
		_Usart_Init
		___ftmul
		___fttol
		___lwtoft
		___wmul
		_atoi
 This function is called by:
		Startup code after reset
 This function uses a non-reentrant model


 *************** function _atoi *****************
 Defined at:
		line 5 in file "D:\Program Files\Microchip\xc8\v1.45\sources\common\atoi.c"
 Parameters:    Size  Location     Type
  s               2   24[COMRAM] PTR const unsigned char 
		 -> main@buf(5), 
 Auto vars:     Size  Location     Type
  a               2   29[COMRAM] int 
  sign            1   28[COMRAM] unsigned char 
 Return value:  Size  Location     Type
                  2   24[COMRAM] int 
 Registers used:
		wreg, fsr2l, fsr2h, status,2, status,0, prodl, prodh, cstack
 Tracked objects:
		On entry : 
		On exit  : 
		Unchanged: 
 Data sizes:     COMRAM   BANK0   BANK1   BANK2   BANK3   BANK4   BANK5   BANK6   BANK7
      Params:         2       0       0       0       0       0       0       0       0
      Locals:         3       0       0       0       0       0       0       0       0
      Temps:          2       0       0       0       0       0       0       0       0
      Totals:         7       0       0       0       0       0       0       0       0
Total ram usage:        7 bytes
 Hardware stack levels used:    1
 Hardware stack levels required when called:    2
 This function calls:
		___wmul
		_isdigit
 This function is called by:
		_main
 This function uses a non-reentrant model


 *************** function _isdigit *****************
 Defined at:
		line 8 in file "D:\Program Files\Microchip\xc8\v1.45\sources\common\isdigit.c"
 Parameters:    Size  Location     Type
  c               1    wreg     unsigned char 
 Auto vars:     Size  Location     Type
  c               1   20[COMRAM] unsigned char 
 Return value:  Size  Location     Type
		None               void
 Registers used:
		wreg, status,2, status,0
 Tracked objects:
		On entry : 
		On exit  : 
		Unchanged: 
 Data sizes:     COMRAM   BANK0   BANK1   BANK2   BANK3   BANK4   BANK5   BANK6   BANK7
      Params:         0       0       0       0       0       0       0       0       0
      Locals:         2       0       0       0       0       0       0       0       0
      Temps:          1       0       0       0       0       0       0       0       0
      Totals:         3       0       0       0       0       0       0       0       0
Total ram usage:        3 bytes
 Hardware stack levels used:    1
 Hardware stack levels required when called:    1
 This function calls:
		Nothing
 This function is called by:
		_atoi
 This function uses a non-reentrant model


 *************** function ___wmul *****************
 Defined at:
		line 15 in file "D:\Program Files\Microchip\xc8\v1.45\sources\common\Umul16.c"
 Parameters:    Size  Location     Type
  multiplier      2   18[COMRAM] unsigned int 
  multiplicand    2   20[COMRAM] unsigned int 
 Auto vars:     Size  Location     Type
  product         2   22[COMRAM] unsigned int 
 Return value:  Size  Location     Type
                  2   18[COMRAM] unsigned int 
 Registers used:
		wreg, status,2, status,0, prodl, prodh
 Tracked objects:
		On entry : 
		On exit  : 
		Unchanged: 
 Data sizes:     COMRAM   BANK0   BANK1   BANK2   BANK3   BANK4   BANK5   BANK6   BANK7
      Params:         4       0       0       0       0       0       0       0       0
      Locals:         2       0       0       0       0       0       0       0       0
      Temps:          0       0       0       0       0       0       0       0       0
      Totals:         6       0       0       0       0       0       0       0       0
Total ram usage:        6 bytes
 Hardware stack levels used:    1
 Hardware stack levels required when called:    1
 This function calls:
		Nothing
 This function is called by:
		_main
		_atoi
 This function uses a non-reentrant model


 *************** function _Usart_Init *****************
 Defined at:
		line 7 in file "USART.c"
 Parameters:    Size  Location     Type
  baud            4   32[COMRAM] long 
 Auto vars:     Size  Location     Type
  x               2   44[COMRAM] unsigned int 
 Return value:  Size  Location     Type
                  1    wreg      void 
 Registers used:
		wreg, status,2, status,0, cstack
 Tracked objects:
		On entry : 
		On exit  : 
		Unchanged: 
 Data sizes:     COMRAM   BANK0   BANK1   BANK2   BANK3   BANK4   BANK5   BANK6   BANK7
      Params:         4       0       0       0       0       0       0       0       0
      Locals:         2       0       0       0       0       0       0       0       0
      Temps:          8       0       0       0       0       0       0       0       0
      Totals:        14       0       0       0       0       0       0       0       0
Total ram usage:       14 bytes
 Hardware stack levels used:    1
 Hardware stack levels required when called:    2
 This function calls:
		___aldiv
 This function is called by:
		_main
 This function uses a non-reentrant model


 *************** function _Timer1_Init *****************
 Defined at:
		line 255 in file "main.c"
 Parameters:    Size  Location     Type
		None
 Auto vars:     Size  Location     Type
		None
 Return value:  Size  Location     Type
                  1    wreg      void 
 Registers used:
		wreg, status,2
 Tracked objects:
		On entry : 
		On exit  : 
		Unchanged: 
 Data sizes:     COMRAM   BANK0   BANK1   BANK2   BANK3   BANK4   BANK5   BANK6   BANK7
      Params:         0       0       0       0       0       0       0       0       0
      Locals:         0       0       0       0       0       0       0       0       0
      Temps:          0       0       0       0       0       0       0       0       0
      Totals:         0       0       0       0       0       0       0       0       0
Total ram usage:        0 bytes
 Hardware stack levels used:    1
 Hardware stack levels required when called:    1
 This function calls:
		Nothing
 This function is called by:
		_main
 This function uses a non-reentrant model


 *************** function _Ressieve_String *****************
 Defined at:
		line 67 in file "USART.c"
 Parameters:    Size  Location     Type
  buffer          2   18[COMRAM] PTR unsigned char 
		 -> main@buf(5), 
  length          2   20[COMRAM] unsigned int 
 Auto vars:     Size  Location     Type
  i               2   22[COMRAM] unsigned int 
 Return value:  Size  Location     Type
                  1    wreg      void 
 Registers used:
		wreg, fsr2l, fsr2h, status,2, status,0, cstack
 Tracked objects:
		On entry : 
		On exit  : 
		Unchanged: 
 Data sizes:     COMRAM   BANK0   BANK1   BANK2   BANK3   BANK4   BANK5   BANK6   BANK7
      Params:         4       0       0       0       0       0       0       0       0
      Locals:         2       0       0       0       0       0       0       0       0
      Temps:          0       0       0       0       0       0       0       0       0
      Totals:         6       0       0       0       0       0       0       0       0
Total ram usage:        6 bytes
 Hardware stack levels used:    1
 Hardware stack levels required when called:    2
 This function calls:
		_Uart_Read
 This function is called by:
		_main
 This function uses a non-reentrant model


 *************** function _Uart_Read *****************
 Defined at:
		line 59 in file "USART.c"
 Parameters:    Size  Location     Type
		None
 Auto vars:     Size  Location     Type
		None
 Return value:  Size  Location     Type
                  1    wreg      unsigned char 
 Registers used:
		wreg, status,2
 Tracked objects:
		On entry : 
		On exit  : 
		Unchanged: 
 Data sizes:     COMRAM   BANK0   BANK1   BANK2   BANK3   BANK4   BANK5   BANK6   BANK7
      Params:         0       0       0       0       0       0       0       0       0
      Locals:         0       0       0       0       0       0       0       0       0
      Temps:          0       0       0       0       0       0       0       0       0
      Totals:         0       0       0       0       0       0       0       0       0
Total ram usage:        0 bytes
 Hardware stack levels used:    1
 Hardware stack levels required when called:    1
 This function calls:
		Nothing
 This function is called by:
		_Ressieve_String
 This function uses a non-reentrant model


 *************** function _Port_Init *****************
 Defined at:
		line 186 in file "main.c"
 Parameters:    Size  Location     Type
		None
 Auto vars:     Size  Location     Type
		None
 Return value:  Size  Location     Type
                  1    wreg      void 
 Registers used:
		None
 Tracked objects:
		On entry : 
		On exit  : 
		Unchanged: 
 Data sizes:     COMRAM   BANK0   BANK1   BANK2   BANK3   BANK4   BANK5   BANK6   BANK7
      Params:         0       0       0       0       0       0       0       0       0
      Locals:         0       0       0       0       0       0       0       0       0
      Temps:          0       0       0       0       0       0       0       0       0
      Totals:         0       0       0       0       0       0       0       0       0
Total ram usage:        0 bytes
 Hardware stack levels used:    1
 Hardware stack levels required when called:    1
 This function calls:
		Nothing
 This function is called by:
		_main
 This function uses a non-reentrant model


 *************** function _PWM_SetValue *****************
 Defined at:
		line 293 in file "main.c"
 Parameters:    Size  Location     Type
  val             2    6[BANK0 ] unsigned int 
 Auto vars:     Size  Location     Type
		None
 Return value:  Size  Location     Type
                  1    wreg      void 
 Registers used:
		wreg, status,2, status,0, cstack
 Tracked objects:
		On entry : 
		On exit  : 
		Unchanged: 
 Data sizes:     COMRAM   BANK0   BANK1   BANK2   BANK3   BANK4   BANK5   BANK6   BANK7
      Params:         0       2       0       0       0       0       0       0       0
      Locals:         0       0       0       0       0       0       0       0       0
      Temps:          0       4       0       0       0       0       0       0       0
      Totals:         0       6       0       0       0       0       0       0       0
Total ram usage:        6 bytes
 Hardware stack levels used:    1
 Hardware stack levels required when called:    3
 This function calls:
		___aldiv
		___altoft
		___ftdiv
		___ftmul
		___fttol
		___lwtoft
 This function is called by:
		_main
 This function uses a non-reentrant model


 *************** function ___lwtoft *****************
 Defined at:
		line 28 in file "D:\Program Files\Microchip\xc8\v1.45\sources\common\lwtoft.c"
 Parameters:    Size  Location     Type
  c               2   26[COMRAM] unsigned int 
 Auto vars:     Size  Location     Type
		None
 Return value:  Size  Location     Type
                  3   26[COMRAM] float 
 Registers used:
		wreg, status,2, status,0, cstack
 Tracked objects:
		On entry : 
		On exit  : 
		Unchanged: 
 Data sizes:     COMRAM   BANK0   BANK1   BANK2   BANK3   BANK4   BANK5   BANK6   BANK7
      Params:         3       0       0       0       0       0       0       0       0
      Locals:         0       0       0       0       0       0       0       0       0
      Temps:          0       0       0       0       0       0       0       0       0
      Totals:         3       0       0       0       0       0       0       0       0
Total ram usage:        3 bytes
 Hardware stack levels used:    1
 Hardware stack levels required when called:    2
 This function calls:
		___ftpack
 This function is called by:
		_main
		_PWM_SetValue
		_Get_Voltage
 This function uses a non-reentrant model


 *************** function ___fttol *****************
 Defined at:
		line 44 in file "D:\Program Files\Microchip\xc8\v1.45\sources\common\fttol.c"
 Parameters:    Size  Location     Type
  f1              3   59[COMRAM] float 
 Auto vars:     Size  Location     Type
  lval            4    1[BANK0 ] unsigned long 
  exp1            1    5[BANK0 ] unsigned char 
  sign1           1    0[BANK0 ] unsigned char 
 Return value:  Size  Location     Type
                  4   59[COMRAM] long 
 Registers used:
		wreg, status,2, status,0
 Tracked objects:
		On entry : 
		On exit  : 
		Unchanged: 
 Data sizes:     COMRAM   BANK0   BANK1   BANK2   BANK3   BANK4   BANK5   BANK6   BANK7
      Params:         4       0       0       0       0       0       0       0       0
      Locals:         0       6       0       0       0       0       0       0       0
      Temps:          5       0       0       0       0       0       0       0       0
      Totals:         9       6       0       0       0       0       0       0       0
Total ram usage:       15 bytes
 Hardware stack levels used:    1
 Hardware stack levels required when called:    1
 This function calls:
		Nothing
 This function is called by:
		_main
		_PWM_SetValue
 This function uses a non-reentrant model


 *************** function ___ftmul *****************
 Defined at:
		line 62 in file "D:\Program Files\Microchip\xc8\v1.45\sources\common\ftmul.c"
 Parameters:    Size  Location     Type
  f1              3   44[COMRAM] float 
  f2              3   47[COMRAM] float 
 Auto vars:     Size  Location     Type
  f3_as_produc    3   54[COMRAM] unsigned um
  sign            1   58[COMRAM] unsigned char 
  cntr            1   57[COMRAM] unsigned char 
  exp             1   53[COMRAM] unsigned char 
 Return value:  Size  Location     Type
                  3   44[COMRAM] float 
 Registers used:
		wreg, status,2, status,0, cstack
 Tracked objects:
		On entry : 
		On exit  : 
		Unchanged: 
 Data sizes:     COMRAM   BANK0   BANK1   BANK2   BANK3   BANK4   BANK5   BANK6   BANK7
      Params:         6       0       0       0       0       0       0       0       0
      Locals:         6       0       0       0       0       0       0       0       0
      Temps:          3       0       0       0       0       0       0       0       0
      Totals:        15       0       0       0       0       0       0       0       0
Total ram usage:       15 bytes
 Hardware stack levels used:    1
 Hardware stack levels required when called:    2
 This function calls:
		___ftpack
 This function is called by:
		_main
		_PWM_SetValue
		_Get_Voltage
 This function uses a non-reentrant model


 *************** function ___ftdiv *****************
 Defined at:
		line 54 in file "D:\Program Files\Microchip\xc8\v1.45\sources\common\ftdiv.c"
 Parameters:    Size  Location     Type
  f1              3   29[COMRAM] float 
  f2              3   32[COMRAM] float 
 Auto vars:     Size  Location     Type
  f3              3   39[COMRAM] float 
  sign            1   43[COMRAM] unsigned char 
  exp             1   42[COMRAM] unsigned char 
  cntr            1   38[COMRAM] unsigned char 
 Return value:  Size  Location     Type
                  3   29[COMRAM] float 
 Registers used:
		wreg, status,2, status,0, cstack
 Tracked objects:
		On entry : 
		On exit  : 
		Unchanged: 
 Data sizes:     COMRAM   BANK0   BANK1   BANK2   BANK3   BANK4   BANK5   BANK6   BANK7
      Params:         6       0       0       0       0       0       0       0       0
      Locals:         6       0       0       0       0       0       0       0       0
      Temps:          3       0       0       0       0       0       0       0       0
      Totals:        15       0       0       0       0       0       0       0       0
Total ram usage:       15 bytes
 Hardware stack levels used:    1
 Hardware stack levels required when called:    2
 This function calls:
		___ftpack
 This function is called by:
		_PWM_SetValue
		_Get_Voltage
 This function uses a non-reentrant model


 *************** function ___altoft *****************
 Defined at:
		line 42 in file "D:\Program Files\Microchip\xc8\v1.45\sources\common\altoft.c"
 Parameters:    Size  Location     Type
  c               4   32[COMRAM] long 
 Auto vars:     Size  Location     Type
  sign            1   41[COMRAM] unsigned char 
  exp             1   40[COMRAM] unsigned char 
 Return value:  Size  Location     Type
                  3   32[COMRAM] float 
 Registers used:
		wreg, status,2, status,0, cstack
 Tracked objects:
		On entry : 
		On exit  : 
		Unchanged: 
 Data sizes:     COMRAM   BANK0   BANK1   BANK2   BANK3   BANK4   BANK5   BANK6   BANK7
      Params:         4       0       0       0       0       0       0       0       0
      Locals:         2       0       0       0       0       0       0       0       0
      Temps:          4       0       0       0       0       0       0       0       0
      Totals:        10       0       0       0       0       0       0       0       0
Total ram usage:       10 bytes
 Hardware stack levels used:    1
 Hardware stack levels required when called:    2
 This function calls:
		___ftpack
 This function is called by:
		_PWM_SetValue
 This function uses a non-reentrant model


 *************** function ___ftpack *****************
 Defined at:
		line 62 in file "D:\Program Files\Microchip\xc8\v1.45\sources\common\float.c"
 Parameters:    Size  Location     Type
  arg             3   18[COMRAM] unsigned um
  exp             1   21[COMRAM] unsigned char 
  sign            1   22[COMRAM] unsigned char 
 Auto vars:     Size  Location     Type
		None
 Return value:  Size  Location     Type
                  3   18[COMRAM] float 
 Registers used:
		wreg, status,2, status,0
 Tracked objects:
		On entry : 
		On exit  : 
		Unchanged: 
 Data sizes:     COMRAM   BANK0   BANK1   BANK2   BANK3   BANK4   BANK5   BANK6   BANK7
      Params:         5       0       0       0       0       0       0       0       0
      Locals:         0       0       0       0       0       0       0       0       0
      Temps:          3       0       0       0       0       0       0       0       0
      Totals:         8       0       0       0       0       0       0       0       0
Total ram usage:        8 bytes
 Hardware stack levels used:    1
 Hardware stack levels required when called:    1
 This function calls:
		Nothing
 This function is called by:
		___altoft
		___ftdiv
		___ftmul
		___lwtoft
 This function uses a non-reentrant model


 *************** function _PWM_Init *****************
 Defined at:
		line 277 in file "main.c"
 Parameters:    Size  Location     Type
		None
 Auto vars:     Size  Location     Type
		None
 Return value:  Size  Location     Type
                  1    wreg      void 
 Registers used:
		wreg, status,2, status,0, cstack
 Tracked objects:
		On entry : 
		On exit  : 
		Unchanged: 
 Data sizes:     COMRAM   BANK0   BANK1   BANK2   BANK3   BANK4   BANK5   BANK6   BANK7
      Params:         0       0       0       0       0       0       0       0       0
      Locals:         0       0       0       0       0       0       0       0       0
      Temps:          4       0       0       0       0       0       0       0       0
      Totals:         4       0       0       0       0       0       0       0       0
Total ram usage:        4 bytes
 Hardware stack levels used:    1
 Hardware stack levels required when called:    2
 This function calls:
		___aldiv
 This function is called by:
		_main
 This function uses a non-reentrant model


 *************** function ___aldiv *****************
 Defined at:
		line 8 in file "D:\Program Files\Microchip\xc8\v1.45\sources\common\aldiv.c"
 Parameters:    Size  Location     Type
  dividend        4   18[COMRAM] long 
  divisor         4   22[COMRAM] long 
 Auto vars:     Size  Location     Type
  quotient        4   28[COMRAM] long 
  sign            1   27[COMRAM] unsigned char 
  counter         1   26[COMRAM] unsigned char 
 Return value:  Size  Location     Type
                  4   18[COMRAM] long 
 Registers used:
		wreg, status,2, status,0
 Tracked objects:
		On entry : 
		On exit  : 
		Unchanged: 
 Data sizes:     COMRAM   BANK0   BANK1   BANK2   BANK3   BANK4   BANK5   BANK6   BANK7
      Params:         8       0       0       0       0       0       0       0       0
      Locals:         6       0       0       0       0       0       0       0       0
      Temps:          0       0       0       0       0       0       0       0       0
      Totals:        14       0       0       0       0       0       0       0       0
Total ram usage:       14 bytes
 Hardware stack levels used:    1
 Hardware stack levels required when called:    1
 This function calls:
		Nothing
 This function is called by:
		_PWM_Init
		_PWM_SetValue
		_Usart_Init
 This function uses a non-reentrant model


 *************** function _Check_button_direction *****************
 Defined at:
		line 211 in file "main.c"
 Parameters:    Size  Location     Type
		None
 Auto vars:     Size  Location     Type
  count           2   18[COMRAM] unsigned int 
  result          1   20[COMRAM] unsigned char 
 Return value:  Size  Location     Type
                  1    wreg      unsigned char 
 Registers used:
		wreg, status,2, status,0
 Tracked objects:
		On entry : 
		On exit  : 
		Unchanged: 
 Data sizes:     COMRAM   BANK0   BANK1   BANK2   BANK3   BANK4   BANK5   BANK6   BANK7
      Params:         0       0       0       0       0       0       0       0       0
      Locals:         3       0       0       0       0       0       0       0       0
      Temps:          0       0       0       0       0       0       0       0       0
      Totals:         3       0       0       0       0       0       0       0       0
Total ram usage:        3 bytes
 Hardware stack levels used:    1
 Hardware stack levels required when called:    1
 This function calls:
		Nothing
 This function is called by:
		_main
 This function uses a non-reentrant model


 *************** function _Check_ModeWork *****************
 Defined at:
		line 234 in file "main.c"
 Parameters:    Size  Location     Type
		None
 Auto vars:     Size  Location     Type
  count           2   18[COMRAM] unsigned int 
  result          1   20[COMRAM] unsigned char 
 Return value:  Size  Location     Type
                  1    wreg      unsigned char 
 Registers used:
		wreg, status,2, status,0
 Tracked objects:
		On entry : 
		On exit  : 
		Unchanged: 
 Data sizes:     COMRAM   BANK0   BANK1   BANK2   BANK3   BANK4   BANK5   BANK6   BANK7
      Params:         0       0       0       0       0       0       0       0       0
      Locals:         3       0       0       0       0       0       0       0       0
      Temps:          0       0       0       0       0       0       0       0       0
      Totals:         3       0       0       0       0       0       0       0       0
Total ram usage:        3 bytes
 Hardware stack levels used:    1
 Hardware stack levels required when called:    1
 This function calls:
		Nothing
 This function is called by:
		_main
 This function uses a non-reentrant model


 *************** function _ADC_read *****************
 Defined at:
		line 24 in file "ADC.c"
 Parameters:    Size  Location     Type
  channel         1    wreg     unsigned char 
 Auto vars:     Size  Location     Type
  channel         1   22[COMRAM] unsigned char 
 Return value:  Size  Location     Type
                  2   18[COMRAM] unsigned int 
 Registers used:
		wreg, status,2, status,0
 Tracked objects:
		On entry : 
		On exit  : 
		Unchanged: 
 Data sizes:     COMRAM   BANK0   BANK1   BANK2   BANK3   BANK4   BANK5   BANK6   BANK7
      Params:         2       0       0       0       0       0       0       0       0
      Locals:         1       0       0       0       0       0       0       0       0
      Temps:          2       0       0       0       0       0       0       0       0
      Totals:         5       0       0       0       0       0       0       0       0
Total ram usage:        5 bytes
 Hardware stack levels used:    1
 Hardware stack levels required when called:    1
 This function calls:
		Nothing
 This function is called by:
		_main
		_Get_Speed
		_Get_Voltage
 This function uses a non-reentrant model


 *************** function _ADC_Init *****************
 Defined at:
		line 7 in file "ADC.c"
 Parameters:    Size  Location     Type
  Uref            3   18[COMRAM] float 
 Auto vars:     Size  Location     Type
		None
 Return value:  Size  Location     Type
                  1    wreg      void 
 Registers used:
		None
 Tracked objects:
		On entry : 
		On exit  : 
		Unchanged: 
 Data sizes:     COMRAM   BANK0   BANK1   BANK2   BANK3   BANK4   BANK5   BANK6   BANK7
      Params:         3       0       0       0       0       0       0       0       0
      Locals:         0       0       0       0       0       0       0       0       0
      Temps:          0       0       0       0       0       0       0       0       0
      Totals:         3       0       0       0       0       0       0       0       0
Total ram usage:        3 bytes
 Hardware stack levels used:    1
 Hardware stack levels required when called:    1
 This function calls:
		Nothing
 This function is called by:
		_main
 This function uses a non-reentrant model


 *************** function _Timer1_OVF_Vector *****************
 Defined at:
		line 27 in file "main.c"
 Parameters:    Size  Location     Type
		None
 Auto vars:     Size  Location     Type
		None
 Return value:  Size  Location     Type
                  1    wreg      void 
 Registers used:
		wreg, status,2, status,0
 Tracked objects:
		On entry : 
		On exit  : 
		Unchanged: 
 Data sizes:     COMRAM   BANK0   BANK1   BANK2   BANK3   BANK4   BANK5   BANK6   BANK7
      Params:         0       0       0       0       0       0       0       0       0
      Locals:         0       0       0       0       0       0       0       0       0
      Temps:         18       0       0       0       0       0       0       0       0
      Totals:        18       0       0       0       0       0       0       0       0
Total ram usage:       18 bytes
 Hardware stack levels used:    1
 This function calls:
		Nothing
 This function is called by:
		Interrupt level 2
 This function uses a non-reentrant model



MODULE INFORMATION

Module		Function		Class		Link	Load	Size
USART.c
		_Usart_Init    		CODE           	022A	0000	299
		_Ressieve_String		CODE           	0B9C	0000	47
		_Uart_Read     		CODE           	0CC0	0000	9

USART.c estimated size: 355

D:\Program Files\Microchip\xc8\v1.45\sources\common\aldiv.c
		___aldiv       		CODE           	08BE	0000	205

D:\Program Files\Microchip\xc8\v1.45\sources\common\aldiv.c estimated size: 205

D:\Program Files\Microchip\xc8\v1.45\sources\common\lwtoft.c
		___lwtoft      		CODE           	0C3C	0000	37

D:\Program Files\Microchip\xc8\v1.45\sources\common\lwtoft.c estimated size: 37

D:\Program Files\Microchip\xc8\v1.45\sources\common\altoft.c
		___altoft      		CODE           	0A38	0000	121

D:\Program Files\Microchip\xc8\v1.45\sources\common\altoft.c estimated size: 121

D:\Program Files\Microchip\xc8\v1.45\sources\common\atoi.c
		_atoi          		CODE           	07F0	0000	207

D:\Program Files\Microchip\xc8\v1.45\sources\common\atoi.c estimated size: 207

D:\Program Files\Microchip\xc8\v1.45\sources\common\isdigit.c
		_isdigit       		CODE           	0C60	0000	31

D:\Program Files\Microchip\xc8\v1.45\sources\common\isdigit.c estimated size: 31

D:\Program Files\Microchip\xc8\v1.45\sources\common\float.c
		___ftpack      		CODE           	098A	0000	175

D:\Program Files\Microchip\xc8\v1.45\sources\common\float.c estimated size: 175

D:\Program Files\Microchip\xc8\v1.45\sources\common\Umul16.c
		___wmul        		CODE           	0BCA	0000	39

D:\Program Files\Microchip\xc8\v1.45\sources\common\Umul16.c estimated size: 39

D:\Program Files\Microchip\xc8\v1.45\sources\common\ftmul.c
		___ftmul       		CODE           	044C	0000	245

D:\Program Files\Microchip\xc8\v1.45\sources\common\ftmul.c estimated size: 245

shared
		__initialization		CODE           	0B5C	0000	51

shared estimated size: 51

D:\Program Files\Microchip\xc8\v1.45\sources\common\ftdiv.c
		___ftdiv       		CODE           	062A	0000	231

D:\Program Files\Microchip\xc8\v1.45\sources\common\ftdiv.c estimated size: 231

ADC.c
		_ADC_read      		CODE           	0B14	0000	73
		_ADC_Init      		CODE           	0C96	0000	25

ADC.c estimated size: 98

D:\Program Files\Microchip\xc8\v1.45\sources\common\fttol.c
		___fttol       		CODE           	0354	0000	249

D:\Program Files\Microchip\xc8\v1.45\sources\common\fttol.c estimated size: 249

main.c
		_PWM_SetValue  		CODE           	0540	0000	235
		_Check_ModeWork		CODE           	0C16	0000	39
		_main          		CODE           	0012	0000	537
		_Port_Init     		CODE           	0C7E	0000	25
		_Timer1_Init   		CODE           	0CAE	0000	19
		_Check_button_direction		CODE           	0BF0	0000	39
		_Timer1_OVF_Vector		CODE           	0008	0000	231
		_PWM_Init      		CODE           	0AB0	0000	101

main.c estimated size: 1226

