Component: ARM Compiler 5.06 update 5 (build 528) Tool: armlink [4d35e2]

==============================================================================

Section Cross References

    startup_stm32f746xx.o(RESET) refers to startup_stm32f746xx.o(STACK) for __initial_sp
    startup_stm32f746xx.o(RESET) refers to startup_stm32f746xx.o(.text) for Reset_Handler
    startup_stm32f746xx.o(RESET) refers to stm32f7xx_it.o(i.NMI_Handler) for NMI_Handler
    startup_stm32f746xx.o(RESET) refers to stm32f7xx_it.o(i.HardFault_Handler) for HardFault_Handler
    startup_stm32f746xx.o(RESET) refers to stm32f7xx_it.o(i.MemManage_Handler) for MemManage_Handler
    startup_stm32f746xx.o(RESET) refers to stm32f7xx_it.o(i.BusFault_Handler) for BusFault_Handler
    startup_stm32f746xx.o(RESET) refers to stm32f7xx_it.o(i.UsageFault_Handler) for UsageFault_Handler
    startup_stm32f746xx.o(RESET) refers to stm32f7xx_it.o(i.SVC_Handler) for SVC_Handler
    startup_stm32f746xx.o(RESET) refers to stm32f7xx_it.o(i.DebugMon_Handler) for DebugMon_Handler
    startup_stm32f746xx.o(RESET) refers to stm32f7xx_it.o(i.PendSV_Handler) for PendSV_Handler
    startup_stm32f746xx.o(RESET) refers to stm32f7xx_it.o(i.SysTick_Handler) for SysTick_Handler
    startup_stm32f746xx.o(RESET) refers to stm32f7xx_it.o(i.DMA2D_IRQHandler) for DMA2D_IRQHandler
    startup_stm32f746xx.o(.text) refers to system_stm32f7xx.o(i.SystemInit) for SystemInit
    startup_stm32f746xx.o(.text) refers to entry.o(.ARM.Collect$$$$00000000) for __main
    ff_gen_drv.o(i.FATFS_GetAttachedDriversNbr) refers to ff_gen_drv.o(.bss) for .bss
    ff_gen_drv.o(i.FATFS_LinkDriver) refers to ff_gen_drv.o(i.FATFS_LinkDriverEx) for FATFS_LinkDriverEx
    ff_gen_drv.o(i.FATFS_LinkDriverEx) refers to ff_gen_drv.o(.bss) for .bss
    ff_gen_drv.o(i.FATFS_UnLinkDriver) refers to ff_gen_drv.o(i.FATFS_UnLinkDriverEx) for FATFS_UnLinkDriverEx
    ff_gen_drv.o(i.FATFS_UnLinkDriverEx) refers to ff_gen_drv.o(.bss) for .bss
    ff.o(i.check_fs) refers to ff.o(i.move_window) for move_window
    ff.o(i.check_fs) refers to ff.o(i.ld_word) for ld_word
    ff.o(i.check_fs) refers to ff.o(i.ld_dword) for ld_dword
    ff.o(i.chk_lock) refers to ff.o(.bss) for .bss
    ff.o(i.clear_lock) refers to ff.o(.bss) for .bss
    ff.o(i.create_chain) refers to ff.o(i.get_fat) for get_fat
    ff.o(i.create_chain) refers to ff.o(i.put_fat) for put_fat
    ff.o(i.create_name) refers to ff.o(i.mem_set) for mem_set
    ff.o(i.create_name) refers to ff.o(.constdata) for .constdata
    ff.o(i.dec_lock) refers to ff.o(.bss) for .bss
    ff.o(i.dir_find) refers to ff.o(i.dir_sdi) for dir_sdi
    ff.o(i.dir_find) refers to ff.o(i.move_window) for move_window
    ff.o(i.dir_find) refers to ff.o(i.dir_next) for dir_next
    ff.o(i.dir_next) refers to ff.o(i.get_fat) for get_fat
    ff.o(i.dir_next) refers to ff.o(i.create_chain) for create_chain
    ff.o(i.dir_next) refers to ff.o(i.sync_window) for sync_window
    ff.o(i.dir_next) refers to ff.o(i.mem_set) for mem_set
    ff.o(i.dir_next) refers to ff.o(i.clust2sect) for clust2sect
    ff.o(i.dir_read) refers to ff.o(i.move_window) for move_window
    ff.o(i.dir_read) refers to ff.o(i.dir_next) for dir_next
    ff.o(i.dir_register) refers to ff.o(i.dir_sdi) for dir_sdi
    ff.o(i.dir_register) refers to ff.o(i.move_window) for move_window
    ff.o(i.dir_register) refers to ff.o(i.dir_next) for dir_next
    ff.o(i.dir_register) refers to ff.o(i.mem_set) for mem_set
    ff.o(i.dir_register) refers to ff.o(i.mem_cpy) for mem_cpy
    ff.o(i.dir_remove) refers to ff.o(i.move_window) for move_window
    ff.o(i.dir_sdi) refers to ff.o(i.get_fat) for get_fat
    ff.o(i.dir_sdi) refers to ff.o(i.clust2sect) for clust2sect
    ff.o(i.f_close) refers to ff.o(i.f_sync) for f_sync
    ff.o(i.f_close) refers to ff.o(i.validate) for validate
    ff.o(i.f_close) refers to ff.o(i.dec_lock) for dec_lock
    ff.o(i.f_closedir) refers to ff.o(i.validate) for validate
    ff.o(i.f_closedir) refers to ff.o(i.dec_lock) for dec_lock
    ff.o(i.f_getfree) refers to ff.o(i.find_volume) for find_volume
    ff.o(i.f_getfree) refers to ff.o(i.get_fat) for get_fat
    ff.o(i.f_getfree) refers to ff.o(i.move_window) for move_window
    ff.o(i.f_getfree) refers to ff.o(i.ld_dword) for ld_dword
    ff.o(i.f_getfree) refers to ff.o(i.ld_word) for ld_word
    ff.o(i.f_gets) refers to ff.o(i.f_read) for f_read
    ff.o(i.f_lseek) refers to ff.o(i.validate) for validate
    ff.o(i.f_lseek) refers to ff.o(i.clmt_clust) for clmt_clust
    ff.o(i.f_lseek) refers to ff.o(i.clust2sect) for clust2sect
    ff.o(i.f_lseek) refers to diskio.o(i.disk_write) for disk_write
    ff.o(i.f_lseek) refers to ff.o(i.get_fat) for get_fat
    ff.o(i.f_lseek) refers to diskio.o(i.disk_read) for disk_read
    ff.o(i.f_lseek) refers to ff.o(i.create_chain) for create_chain
    ff.o(i.f_mkdir) refers to ff.o(i.find_volume) for find_volume
    ff.o(i.f_mkdir) refers to ff.o(i.follow_path) for follow_path
[...]
    Removing stm32f7xx_hal_dma.o(i.HAL_DMA_RegisterCallback), (80 bytes).
    Removing stm32f7xx_hal_dma.o(i.HAL_DMA_Start), (74 bytes).
    Removing stm32f7xx_hal_dma.o(i.HAL_DMA_UnRegisterCallback), (96 bytes).
    Removing stm32f7xx_hal_dma.o(.constdata), (8 bytes).
    Removing system_stm32f7xx.o(.rev16_text), (4 bytes).
    Removing system_stm32f7xx.o(.revsh_text), (4 bytes).
    Removing system_stm32f7xx.o(.rrx_text), (6 bytes).
    Removing system_stm32f7xx.o(i.SystemCoreClockUpdate), (132 bytes).
    Removing system_stm32f7xx.o(.constdata), (8 bytes).
    Removing sd_diskio.o(.rev16_text), (4 bytes).
    Removing sd_diskio.o(.revsh_text), (4 bytes).
    Removing sd_diskio.o(.rrx_text), (6 bytes).
    Removing sd_diskio.o(i.BSP_SD_ReadCpltCallback), (12 bytes).
    Removing sd_diskio.o(i.BSP_SD_WriteCpltCallback), (12 bytes).
    Removing stm32f7xx_hal_msp.o(.rev16_text), (4 bytes).
    Removing stm32f7xx_hal_msp.o(.revsh_text), (4 bytes).
    Removing stm32f7xx_hal_msp.o(.rrx_text), (6 bytes).
    Removing stm32f7xx_hal_msp.o(i.HAL_DMA2D_MspDeInit), (36 bytes).
    Removing stm32f7xx_hal_msp.o(i.HAL_LTDC_MspDeInit), (100 bytes).
    Removing stm32f7xx_hal_msp.o(i.HAL_RNG_MspDeInit), (28 bytes).
    Removing stm32f7xx_hal_msp.o(i.HAL_SDRAM_MspDeInit), (120 bytes).
    Removing stm32f7xx_hal_msp.o(i.HAL_SD_MspDeInit), (60 bytes).
    Removing stm32f7xx_it.o(.rev16_text), (4 bytes).
    Removing stm32f7xx_it.o(.revsh_text), (4 bytes).
    Removing stm32f7xx_it.o(.rrx_text), (6 bytes).
    Removing fatfs.o(.rev16_text), (4 bytes).
    Removing fatfs.o(.revsh_text), (4 bytes).
    Removing fatfs.o(.rrx_text), (6 bytes).
    Removing fatfs.o(i.get_fattime), (4 bytes).
    Removing fatfs.o(.bss), (4148 bytes).
    Removing fatfs.o(.bss), (4144 bytes).
    Removing main.o(.rev16_text), (4 bytes).
    Removing main.o(.revsh_text), (4 bytes).
    Removing main.o(.rrx_text), (6 bytes).
    Removing main.o(i._Error_Handler), (2 bytes).
    Removing main.o(.data), (4 bytes).
    Removing bsp_driver_sd.o(.rev16_text), (4 bytes).
    Removing bsp_driver_sd.o(.revsh_text), (4 bytes).
    Removing bsp_driver_sd.o(.rrx_text), (6 bytes).
    Removing bsp_driver_sd.o(i.BSP_SD_Erase), (28 bytes).
    Removing bsp_driver_sd.o(i.BSP_SD_ITConfig), (4 bytes).
    Removing bsp_driver_sd.o(i.BSP_SD_IsDetected), (14 bytes).
    Removing bsp_driver_sd.o(i.BSP_SD_ReadBlocks), (32 bytes).
    Removing bsp_driver_sd.o(i.BSP_SD_WriteBlocks), (32 bytes).
    Removing ltdc.o(.rev16_text), (4 bytes).
    Removing ltdc.o(.revsh_text), (4 bytes).
    Removing ltdc.o(.rrx_text), (6 bytes).
    Removing ltdc.o(i.DMA2D_LayersAlphaReconfig), (32 bytes).
    Removing ltdc.o(i.TFT_DrawBitmap), (284 bytes).
    Removing ltdc.o(i.TFT_DrawBitmapToMem), (260 bytes).
    Removing ltdc.o(i.TFT_DrawLine), (148 bytes).
    Removing ltdc.o(i.TFT_DrawLine_565), (148 bytes).
    Removing ltdc.o(i.TFT_DrawPixel_565), (24 bytes).
    Removing ltdc.o(i.TFT_FillRectangle), (64 bytes).
    Removing ltdc.o(i.TFT_FillRectangle_565), (116 bytes).
    Removing ltdc.o(i.TFT_FillScreen_565), (68 bytes).
    Removing ltdc.o(i.TFT_FontsIni), (28 bytes).
    Removing ltdc.o(.data), (2 bytes).
    Removing mt48lc4m32b2.o(.rev16_text), (4 bytes).
    Removing mt48lc4m32b2.o(.revsh_text), (4 bytes).
    Removing mt48lc4m32b2.o(.rrx_text), (6 bytes).

557 unused section(s) (total 56472 bytes) removed from the image.

==============================================================================

Image Symbol Table

    Local Symbols

    Symbol Name                              Value     Ov Type        Size  Object(Section)

    ..//Src/system_stm32f7xx.c               0x00000000   Number         0  system_stm32f7xx.o ABSOLUTE
    ../Drivers/STM32F7xx_HAL_Driver/Src/stm32f7xx_hal.c 0x00000000   Number         0  stm32f7xx_hal.o ABSOLUTE
    ../Drivers/STM32F7xx_HAL_Driver/Src/stm32f7xx_hal_cortex.c 0x00000000   Number         0  stm32f7xx_hal_cortex.o ABSOLUTE
    ../Drivers/STM32F7xx_HAL_Driver/Src/stm32f7xx_hal_dma.c 0x00000000   Number         0  stm32f7xx_hal_dma.o ABSOLUTE
    ../Drivers/STM32F7xx_HAL_Driver/Src/stm32f7xx_hal_dma2d.c 0x00000000   Number         0  stm32f7xx_hal_dma2d.o ABSOLUTE
    ../Drivers/STM32F7xx_HAL_Driver/Src/stm32f7xx_hal_dma_ex.c 0x00000000   Number         0  stm32f7xx_hal_dma_ex.o ABSOLUTE
    ../Drivers/STM32F7xx_HAL_Driver/Src/stm32f7xx_hal_dsi.c 0x00000000   Number         0  stm32f7xx_hal_dsi.o ABSOLUTE
    ../Drivers/STM32F7xx_HAL_Driver/Src/stm32f7xx_hal_flash.c 0x00000000   Number         0  stm32f7xx_hal_flash.o ABSOLUTE
    ../Drivers/STM32F7xx_HAL_Driver/Src/stm32f7xx_hal_flash_ex.c 0x00000000   Number         0  stm32f7xx_hal_flash_ex.o ABSOLUTE
    ../Drivers/STM32F7xx_HAL_Driver/Src/stm32f7xx_hal_gpio.c 0x00000000   Number         0  stm32f7xx_hal_gpio.o ABSOLUTE
    ../Drivers/STM32F7xx_HAL_Driver/Src/stm32f7xx_hal_i2c.c 0x00000000   Number         0  stm32f7xx_hal_i2c.o ABSOLUTE
    ../Drivers/STM32F7xx_HAL_Driver/Src/stm32f7xx_hal_i2c_ex.c 0x00000000   Number         0  stm32f7xx_hal_i2c_ex.o ABSOLUTE
    ../Drivers/STM32F7xx_HAL_Driver/Src/stm32f7xx_hal_ltdc.c 0x00000000   Number         0  stm32f7xx_hal_ltdc.o ABSOLUTE
    ../Drivers/STM32F7xx_HAL_Driver/Src/stm32f7xx_hal_ltdc_ex.c 0x00000000   Number         0  stm32f7xx_hal_ltdc_ex.o ABSOLUTE
    ../Drivers/STM32F7xx_HAL_Driver/Src/stm32f7xx_hal_pwr.c 0x00000000   Number         0  stm32f7xx_hal_pwr.o ABSOLUTE
    ../Drivers/STM32F7xx_HAL_Driver/Src/stm32f7xx_hal_pwr_ex.c 0x00000000   Number         0  stm32f7xx_hal_pwr_ex.o ABSOLUTE
    ../Drivers/STM32F7xx_HAL_Driver/Src/stm32f7xx_hal_rcc.c 0x00000000   Number         0  stm32f7xx_hal_rcc.o ABSOLUTE
    ../Drivers/STM32F7xx_HAL_Driver/Src/stm32f7xx_hal_rcc_ex.c 0x00000000   Number         0  stm32f7xx_hal_rcc_ex.o ABSOLUTE
    ../Drivers/STM32F7xx_HAL_Driver/Src/stm32f7xx_hal_rng.c 0x00000000   Number         0  stm32f7xx_hal_rng.o ABSOLUTE
    ../Drivers/STM32F7xx_HAL_Driver/Src/stm32f7xx_hal_sd.c 0x00000000   Number         0  stm32f7xx_hal_sd.o ABSOLUTE
    ../Drivers/STM32F7xx_HAL_Driver/Src/stm32f7xx_hal_sdram.c 0x00000000   Number         0  stm32f7xx_hal_sdram.o ABSOLUTE
    ../Drivers/STM32F7xx_HAL_Driver/Src/stm32f7xx_hal_tim.c 0x00000000   Number         0  stm32f7xx_hal_tim.o ABSOLUTE
    ../Drivers/STM32F7xx_HAL_Driver/Src/stm32f7xx_hal_tim_ex.c 0x00000000   Number         0  stm32f7xx_hal_tim_ex.o ABSOLUTE
    ../Drivers/STM32F7xx_HAL_Driver/Src/stm32f7xx_ll_fmc.c 0x00000000   Number         0  stm32f7xx_ll_fmc.o ABSOLUTE
    ../Drivers/STM32F7xx_HAL_Driver/Src/stm32f7xx_ll_sdmmc.c 0x00000000   Number         0  stm32f7xx_ll_sdmmc.o ABSOLUTE
    ../Middlewares/Third_Party/FatFs/src/diskio.c 0x00000000   Number         0  diskio.o ABSOLUTE
    ../Middlewares/Third_Party/FatFs/src/ff.c 0x00000000   Number         0  ff.o ABSOLUTE
    ../Middlewares/Third_Party/FatFs/src/ff_gen_drv.c 0x00000000   Number         0  ff_gen_drv.o ABSOLUTE
    ../Middlewares/Third_Party/FatFs/src/option/syscall.c 0x00000000   Number         0  syscall.o ABSOLUTE
    ../Src/bsp_driver_sd.c                   0x00000000   Number         0  bsp_driver_sd.o ABSOLUTE
    ../Src/fatfs.c                           0x00000000   Number         0  fatfs.o ABSOLUTE
    ../Src/main.c                            0x00000000   Number         0  main.o ABSOLUTE
    ../Src/sd_diskio.c                       0x00000000   Number         0  sd_diskio.o ABSOLUTE
    ../Src/stm32f7xx_hal_msp.c               0x00000000   Number         0  stm32f7xx_hal_msp.o ABSOLUTE
    ../Src/stm32f7xx_it.c                    0x00000000   Number         0  stm32f7xx_it.o ABSOLUTE
    ../clib/microlib/division.c              0x00000000   Number         0  uldiv.o ABSOLUTE
    ../clib/microlib/init/entry.s            0x00000000   Number         0  entry8a.o ABSOLUTE
    ../clib/microlib/init/entry.s            0x00000000   Number         0  entry7b.o ABSOLUTE
    ../clib/microlib/init/entry.s            0x00000000   Number         0  entry7a.o ABSOLUTE
    ../clib/microlib/init/entry.s            0x00000000   Number         0  entry5.o ABSOLUTE
    ../clib/microlib/init/entry.s            0x00000000   Number         0  entry2.o ABSOLUTE
    ../clib/microlib/init/entry.s            0x00000000   Number         0  entry9a.o ABSOLUTE
    ../clib/microlib/init/entry.s            0x00000000   Number         0  entry.o ABSOLUTE
    ../clib/microlib/init/entry.s            0x00000000   Number         0  entry11b.o ABSOLUTE
    ../clib/microlib/init/entry.s            0x00000000   Number         0  entry11a.o ABSOLUTE
    ../clib/microlib/init/entry.s            0x00000000   Number         0  entry10b.o ABSOLUTE
    ../clib/microlib/init/entry.s            0x00000000   Number         0  entry10a.o ABSOLUTE
    ../clib/microlib/init/entry.s            0x00000000   Number         0  entry9b.o ABSOLUTE
    ../clib/microlib/init/entry.s            0x00000000   Number         0  entry8b.o ABSOLUTE
    ../clib/microlib/longlong.c              0x00000000   Number         0  llushr.o ABSOLUTE
    ../clib/microlib/longlong.c              0x00000000   Number         0  llshl.o ABSOLUTE
    ../clib/microlib/string/memcpy.c         0x00000000   Number         0  memcpya.o ABSOLUTE
    ../clib/microlib/string/memcpy.c         0x00000000   Number         0  memcpyb.o ABSOLUTE
    ..\Drivers\STM32F7xx_HAL_Driver\Src\stm32f7xx_hal.c 0x00000000   Number         0  stm32f7xx_hal.o ABSOLUTE
    ..\Drivers\STM32F7xx_HAL_Driver\Src\stm32f7xx_hal_cortex.c 0x00000000   Number         0  stm32f7xx_hal_cortex.o ABSOLUTE
    ..\Drivers\STM32F7xx_HAL_Driver\Src\stm32f7xx_hal_dma.c 0x00000000   Number         0  stm32f7xx_hal_dma.o ABSOLUTE
    ..\Drivers\STM32F7xx_HAL_Driver\Src\stm32f7xx_hal_dma2d.c 0x00000000   Number         0  stm32f7xx_hal_dma2d.o ABSOLUTE
    ..\Drivers\STM32F7xx_HAL_Driver\Src\stm32f7xx_hal_dma_ex.c 0x00000000   Number         0  stm32f7xx_hal_dma_ex.o ABSOLUTE
    ..\Drivers\STM32F7xx_HAL_Driver\Src\stm32f7xx_hal_dsi.c 0x00000000   Number         0  stm32f7xx_hal_dsi.o ABSOLUTE
    ..\Drivers\STM32F7xx_HAL_Driver\Src\stm32f7xx_hal_flash.c 0x00000000   Number         0  stm32f7xx_hal_flash.o ABSOLUTE
    ..\Drivers\STM32F7xx_HAL_Driver\Src\stm32f7xx_hal_flash_ex.c 0x00000000   Number         0  stm32f7xx_hal_flash_ex.o ABSOLUTE
    ..\Drivers\STM32F7xx_HAL_Driver\Src\stm32f7xx_hal_gpio.c 0x00000000   Number         0  stm32f7xx_hal_gpio.o ABSOLUTE
    ..\Drivers\STM32F7xx_HAL_Driver\Src\stm32f7xx_hal_i2c.c 0x00000000   Number         0  stm32f7xx_hal_i2c.o ABSOLUTE
    ..\Drivers\STM32F7xx_HAL_Driver\Src\stm32f7xx_hal_i2c_ex.c 0x00000000   Number         0  stm32f7xx_hal_i2c_ex.o ABSOLUTE
    ..\Drivers\STM32F7xx_HAL_Driver\Src\stm32f7xx_hal_ltdc.c 0x00000000   Number         0  stm32f7xx_hal_ltdc.o ABSOLUTE
    ..\Drivers\STM32F7xx_HAL_Driver\Src\stm32f7xx_hal_ltdc_ex.c 0x00000000   Number         0  stm32f7xx_hal_ltdc_ex.o ABSOLUTE
    ..\Drivers\STM32F7xx_HAL_Driver\Src\stm32f7xx_hal_pwr.c 0x00000000   Number         0  stm32f7xx_hal_pwr.o ABSOLUTE
    ..\Drivers\STM32F7xx_HAL_Driver\Src\stm32f7xx_hal_pwr_ex.c 0x00000000   Number         0  stm32f7xx_hal_pwr_ex.o ABSOLUTE
    ..\Drivers\STM32F7xx_HAL_Driver\Src\stm32f7xx_hal_rcc.c 0x00000000   Number         0  stm32f7xx_hal_rcc.o ABSOLUTE
    ..\Drivers\STM32F7xx_HAL_Driver\Src\stm32f7xx_hal_rcc_ex.c 0x00000000   Number         0  stm32f7xx_hal_rcc_ex.o ABSOLUTE
    ..\Drivers\STM32F7xx_HAL_Driver\Src\stm32f7xx_hal_rng.c 0x00000000   Number         0  stm32f7xx_hal_rng.o ABSOLUTE
    ..\Drivers\STM32F7xx_HAL_Driver\Src\stm32f7xx_hal_sd.c 0x00000000   Number         0  stm32f7xx_hal_sd.o ABSOLUTE
    ..\Drivers\STM32F7xx_HAL_Driver\Src\stm32f7xx_hal_sdram.c 0x00000000   Number         0  stm32f7xx_hal_sdram.o ABSOLUTE
    ..\Drivers\STM32F7xx_HAL_Driver\Src\stm32f7xx_hal_tim.c 0x00000000   Number         0  stm32f7xx_hal_tim.o ABSOLUTE
    ..\Drivers\STM32F7xx_HAL_Driver\Src\stm32f7xx_hal_tim_ex.c 0x00000000   Number         0  stm32f7xx_hal_tim_ex.o ABSOLUTE
    ..\Drivers\STM32F7xx_HAL_Driver\Src\stm32f7xx_ll_fmc.c 0x00000000   Number         0  stm32f7xx_ll_fmc.o ABSOLUTE
    ..\Drivers\STM32F7xx_HAL_Driver\Src\stm32f7xx_ll_sdmmc.c 0x00000000   Number         0  stm32f7xx_ll_sdmmc.o ABSOLUTE
    ..\Middlewares\Third_Party\FatFs\src\diskio.c 0x00000000   Number         0  diskio.o ABSOLUTE
    ..\Middlewares\Third_Party\FatFs\src\ff.c 0x00000000   Number         0  ff.o ABSOLUTE
    ..\Middlewares\Third_Party\FatFs\src\ff_gen_drv.c 0x00000000   Number         0  ff_gen_drv.o ABSOLUTE
    ..\Middlewares\Third_Party\FatFs\src\option\syscall.c 0x00000000   Number         0  syscall.o ABSOLUTE
    ..\Src\LTDC.c                            0x00000000   Number         0  ltdc.o ABSOLUTE
    ..\Src\MT48LC4M32B2.c                    0x00000000   Number         0  mt48lc4m32b2.o ABSOLUTE
    ..\Src\bsp_driver_sd.c                   0x00000000   Number         0  bsp_driver_sd.o ABSOLUTE
    ..\Src\fatfs.c                           0x00000000   Number         0  fatfs.o ABSOLUTE
    ..\Src\font12.c                          0x00000000   Number         0  font12.o ABSOLUTE
    ..\Src\font16.c                          0x00000000   Number         0  font16.o ABSOLUTE
    ..\Src\font20.c                          0x00000000   Number         0  font20.o ABSOLUTE
    ..\Src\font24.c                          0x00000000   Number         0  font24.o ABSOLUTE
    ..\Src\font8.c                           0x00000000   Number         0  font8.o ABSOLUTE
    ..\Src\main.c                            0x00000000   Number         0  main.o ABSOLUTE
    ..\Src\sd_diskio.c                       0x00000000   Number         0  sd_diskio.o ABSOLUTE
    ..\Src\stm32f7xx_hal_msp.c               0x00000000   Number         0  stm32f7xx_hal_msp.o ABSOLUTE
    ..\Src\stm32f7xx_it.c                    0x00000000   Number         0  stm32f7xx_it.o ABSOLUTE
    ..\\Src\\LTDC.c                          0x00000000   Number         0  ltdc.o ABSOLUTE
    ..\\Src\\MT48LC4M32B2.c                  0x00000000   Number         0  mt48lc4m32b2.o ABSOLUTE
    ..\\Src\system_stm32f7xx.c               0x00000000   Number         0  system_stm32f7xx.o ABSOLUTE
    dc.s                                     0x00000000   Number         0  dc.o ABSOLUTE
    handlers.s                               0x00000000   Number         0  handlers.o ABSOLUTE
    init.s                                   0x00000000   Number         0  init.o ABSOLUTE
    startup_stm32f746xx.s                    0x00000000   Number         0  startup_stm32f746xx.o ABSOLUTE
    RESET                                    0x08000000   Section      456  startup_stm32f746xx.o(RESET)
    .ARM.Collect$$$$00000000                 0x080001c8   Section        0  entry.o(.ARM.Collect$$$$00000000)
    .ARM.Collect$$$$00000001                 0x080001c8   Section        4  entry2.o(.ARM.Collect$$$$00000001)
    .ARM.Collect$$$$00000004                 0x080001cc   Section        4  entry5.o(.ARM.Collect$$$$00000004)
    .ARM.Collect$$$$00000008                 0x080001d0   Section        0  entry7b.o(.ARM.Collect$$$$00000008)
    .ARM.Collect$$$$0000000A                 0x080001d0   Section        0  entry8b.o(.ARM.Collect$$$$0000000A)
    .ARM.Collect$$$$0000000B                 0x080001d0   Section        8  entry9a.o(.ARM.Collect$$$$0000000B)
    .ARM.Collect$$$$0000000D                 0x080001d8   Section        0  entry10a.o(.ARM.Collect$$$$0000000D)
    .ARM.Collect$$$$0000000F                 0x080001d8   Section        0  entry11a.o(.ARM.Collect$$$$0000000F)
    .ARM.Collect$$$$00002712                 0x080001d8   Section        4  entry2.o(.ARM.Collect$$$$00002712)
    __lit__00000000                          0x080001d8   Data           4  entry2.o(.ARM.Collect$$$$00002712)
    .text                                    0x080001dc   Section       36  startup_stm32f746xx.o(.text)
    $v0                                      0x080001dc   Number         0  startup_stm32f746xx.o(.text)
    .text                                    0x08000200   Section        0  uldiv.o(.text)
    .text                                    0x08000262   Section        0  memcpya.o(.text)
    .text                                    0x08000286   Section        0  llshl.o(.text)
    .text                                    0x080002a4   Section        0  llushr.o(.text)
    .text                                    0x080002c4   Section       36  init.o(.text)
    i.BSP_SD_GetCardInfo                     0x080002e8   Section        0  bsp_driver_sd.o(i.BSP_SD_GetCardInfo)
    i.BSP_SD_GetCardState                    0x080002f4   Section        0  bsp_driver_sd.o(i.BSP_SD_GetCardState)
    i.BSP_SD_Init                            0x0800030c   Section        0  bsp_driver_sd.o(i.BSP_SD_Init)
    i.BSP_SD_ReadBlocks_DMA                  0x08000340   Section        0  bsp_driver_sd.o(i.BSP_SD_ReadBlocks_DMA)
    i.BSP_SD_WriteBlocks_DMA                 0x0800035c   Section        0  bsp_driver_sd.o(i.BSP_SD_WriteBlocks_DMA)
    i.BusFault_Handler                       0x08000378   Section        0  stm32f7xx_it.o(i.BusFault_Handler)
    i.CharPuts                               0x0800037c   Section        0  main.o(i.CharPuts)
    i.DMA2D_IRQHandler                       0x08000510   Section        0  stm32f7xx_it.o(i.DMA2D_IRQHandler)
    i.DMA_SetConfig                          0x0800051c   Section        0  stm32f7xx_hal_dma.o(i.DMA_SetConfig)
    DMA_SetConfig                            0x0800051d   Thumb Code    40  stm32f7xx_hal_dma.o(i.DMA_SetConfig)
    i.DebugMon_Handler                       0x08000544   Section        0  stm32f7xx_it.o(i.DebugMon_Handler)
    i.FATFS_LinkDriver                       0x08000546   Section        0  ff_gen_drv.o(i.FATFS_LinkDriver)
    i.FATFS_LinkDriverEx                     0x0800054c   Section        0  ff_gen_drv.o(i.FATFS_LinkDriverEx)
    i.FMC_SDRAM_Init                         0x0800058c   Section        0  stm32f7xx_ll_fmc.o(i.FMC_SDRAM_Init)
    i.FMC_SDRAM_ProgramRefreshRate           0x080005ea   Section        0  stm32f7xx_ll_fmc.o(i.FMC_SDRAM_ProgramRefreshRate)
    i.FMC_SDRAM_SendCommand                  0x080005f6   Section        0  stm32f7xx_ll_fmc.o(i.FMC_SDRAM_SendCommand)
    i.FMC_SDRAM_Timing_Init                  0x08000618   Section        0  stm32f7xx_ll_fmc.o(i.FMC_SDRAM_Timing_Init)
    i.HAL_DMA2D_CLUTLoadingCpltCallback      0x080006a4   Section        0  stm32f7xx_hal_dma2d.o(i.HAL_DMA2D_CLUTLoadingCpltCallback)
    i.HAL_DMA2D_ConfigLayer                  0x080006a8   Section        0  stm32f7xx_hal_dma2d.o(i.HAL_DMA2D_ConfigLayer)
    i.HAL_DMA2D_IRQHandler                   0x0800074c   Section        0  stm32f7xx_hal_dma2d.o(i.HAL_DMA2D_IRQHandler)
    i.HAL_DMA2D_Init                         0x08000868   Section        0  stm32f7xx_hal_dma2d.o(i.HAL_DMA2D_Init)
    i.HAL_DMA2D_LineEventCallback            0x080008c2   Section        0  stm32f7xx_hal_dma2d.o(i.HAL_DMA2D_LineEventCallback)
    i.HAL_DMA2D_MspInit                      0x080008c4   Section        0  stm32f7xx_hal_msp.o(i.HAL_DMA2D_MspInit)
    i.HAL_DMA_GetError                       0x08000900   Section        0  stm32f7xx_hal_dma.o(i.HAL_DMA_GetError)
    i.HAL_DMA_Start_IT                       0x08000904   Section        0  stm32f7xx_hal_dma.o(i.HAL_DMA_Start_IT)
    i.HAL_Delay                              0x08000980   Section        0  stm32f7xx_hal.o(i.HAL_Delay)
    i.HAL_FMC_MspInit                        0x080009a4   Section        0  stm32f7xx_hal_msp.o(i.HAL_FMC_MspInit)
    HAL_FMC_MspInit                          0x080009a5   Thumb Code   138  stm32f7xx_hal_msp.o(i.HAL_FMC_MspInit)
    i.HAL_GPIO_Init                          0x08000a50   Section        0  stm32f7xx_hal_gpio.o(i.HAL_GPIO_Init)
    i.HAL_GPIO_WritePin                      0x08000c28   Section        0  stm32f7xx_hal_gpio.o(i.HAL_GPIO_WritePin)
    i.HAL_GetTick                            0x08000c34   Section        0  stm32f7xx_hal.o(i.HAL_GetTick)
    i.HAL_IncTick                            0x08000c40   Section        0  stm32f7xx_hal.o(i.HAL_IncTick)
    i.HAL_Init                               0x08000c50   Section        0  stm32f7xx_hal.o(i.HAL_Init)
    i.HAL_InitTick                           0x08000c68   Section        0  stm32f7xx_hal.o(i.HAL_InitTick)
    i.HAL_LTDC_ConfigLayer                   0x08000ca8   Section        0  stm32f7xx_hal_ltdc.o(i.HAL_LTDC_ConfigLayer)
    i.HAL_LTDC_Init                          0x08000cfc   Section        0  stm32f7xx_hal_ltdc.o(i.HAL_LTDC_Init)
    i.HAL_LTDC_MspInit                       0x08000dfc   Section        0  stm32f7xx_hal_msp.o(i.HAL_LTDC_MspInit)
    i.HAL_LTDC_SetAddress                    0x08000ea0   Section        0  stm32f7xx_hal_ltdc.o(i.HAL_LTDC_SetAddress)
    i.HAL_MPU_ConfigRegion                   0x08000ee4   Section        0  stm32f7xx_hal_cortex.o(i.HAL_MPU_ConfigRegion)
    i.HAL_MPU_Disable                        0x08000f40   Section        0  stm32f7xx_hal_cortex.o(i.HAL_MPU_Disable)
    i.HAL_MPU_Enable                         0x08000f5c   Section        0  stm32f7xx_hal_cortex.o(i.HAL_MPU_Enable)
    i.HAL_MspInit                            0x08000f80   Section        0  stm32f7xx_hal_msp.o(i.HAL_MspInit)
    i.HAL_NVIC_EnableIRQ                     0x08000fd8   Section        0  stm32f7xx_hal_cortex.o(i.HAL_NVIC_EnableIRQ)
    i.HAL_NVIC_SetPriority                   0x08000ff0   Section        0  stm32f7xx_hal_cortex.o(i.HAL_NVIC_SetPriority)
    i.HAL_NVIC_SetPriorityGrouping           0x08001030   Section        0  stm32f7xx_hal_cortex.o(i.HAL_NVIC_SetPriorityGrouping)
    i.HAL_PWREx_EnableOverDrive              0x08001054   Section        0  stm32f7xx_hal_pwr_ex.o(i.HAL_PWREx_EnableOverDrive)
    i.HAL_RCCEx_PeriphCLKConfig              0x080010c0   Section        0  stm32f7xx_hal_rcc_ex.o(i.HAL_RCCEx_PeriphCLKConfig)
    i.HAL_RCC_ClockConfig                    0x080015bc   Section        0  stm32f7xx_hal_rcc.o(i.HAL_RCC_ClockConfig)
    i.HAL_RCC_GetHCLKFreq                    0x080016e8   Section        0  stm32f7xx_hal_rcc.o(i.HAL_RCC_GetHCLKFreq)
    i.HAL_RCC_GetSysClockFreq                0x080016f4   Section        0  stm32f7xx_hal_rcc.o(i.HAL_RCC_GetSysClockFreq)
    i.HAL_RCC_OscConfig                      0x08001758   Section        0  stm32f7xx_hal_rcc.o(i.HAL_RCC_OscConfig)
    i.HAL_RNG_Init                           0x08001a90   Section        0  stm32f7xx_hal_rng.o(i.HAL_RNG_Init)
    i.HAL_RNG_MspInit                        0x08001ac0   Section        0  stm32f7xx_hal_msp.o(i.HAL_RNG_MspInit)
    i.HAL_SDRAM_Init                         0x08001ae8   Section        0  stm32f7xx_hal_sdram.o(i.HAL_SDRAM_Init)
    i.HAL_SDRAM_MspInit                      0x08001b2a   Section        0  stm32f7xx_hal_msp.o(i.HAL_SDRAM_MspInit)
    i.HAL_SDRAM_ProgramRefreshRate           0x08001b2e   Section        0  stm32f7xx_hal_sdram.o(i.HAL_SDRAM_ProgramRefreshRate)
    i.HAL_SDRAM_SendCommand                  0x08001b50   Section        0  stm32f7xx_hal_sdram.o(i.HAL_SDRAM_SendCommand)
    i.HAL_SD_ConfigWideBusOperation          0x08001b80   Section        0  stm32f7xx_hal_sd.o(i.HAL_SD_ConfigWideBusOperation)
    i.HAL_SD_ErrorCallback                   0x08001bf8   Section        0  stm32f7xx_hal_sd.o(i.HAL_SD_ErrorCallback)
    i.HAL_SD_GetCardCSD                      0x08001bfa   Section        0  stm32f7xx_hal_sd.o(i.HAL_SD_GetCardCSD)
    i.HAL_SD_GetCardInfo                     0x08001df4   Section        0  stm32f7xx_hal_sd.o(i.HAL_SD_GetCardInfo)
    i.HAL_SD_GetCardState                    0x08001e18   Section        0  stm32f7xx_hal_sd.o(i.HAL_SD_GetCardState)
    i.HAL_SD_Init                            0x08001e44   Section        0  stm32f7xx_hal_sd.o(i.HAL_SD_Init)
    i.HAL_SD_InitCard                        0x08001e7a   Section        0  stm32f7xx_hal_sd.o(i.HAL_SD_InitCard)
    i.HAL_SD_MspInit                         0x08001ed8   Section        0  stm32f7xx_hal_msp.o(i.HAL_SD_MspInit)
    i.HAL_SD_ReadBlocks_DMA                  0x08001f30   Section        0  stm32f7xx_hal_sd.o(i.HAL_SD_ReadBlocks_DMA)
    i.HAL_SD_RxCpltCallback                  0x08002024   Section        0  stm32f7xx_hal_sd.o(i.HAL_SD_RxCpltCallback)
    i.HAL_SD_WriteBlocks_DMA                 0x08002028   Section        0  stm32f7xx_hal_sd.o(i.HAL_SD_WriteBlocks_DMA)
    i.HAL_SYSTICK_CLKSourceConfig            0x08002120   Section        0  stm32f7xx_hal_cortex.o(i.HAL_SYSTICK_CLKSourceConfig)
    i.HAL_SYSTICK_Callback                   0x08002138   Section        0  stm32f7xx_hal_cortex.o(i.HAL_SYSTICK_Callback)
    i.HAL_SYSTICK_Config                     0x0800213a   Section        0  stm32f7xx_hal_cortex.o(i.HAL_SYSTICK_Config)
    i.HAL_SYSTICK_IRQHandler                 0x08002160   Section        0  stm32f7xx_hal_cortex.o(i.HAL_SYSTICK_IRQHandler)
    i.HardFault_Handler                      0x08002168   Section        0  stm32f7xx_it.o(i.HardFault_Handler)
    i.LTDC_SetConfig                         0x0800216a   Section        0  stm32f7xx_hal_ltdc.o(i.LTDC_SetConfig)
    LTDC_SetConfig                           0x0800216b   Thumb Code   464  stm32f7xx_hal_ltdc.o(i.LTDC_SetConfig)
    i.MT48LC4M32B2_Init                      0x0800233c   Section        0  mt48lc4m32b2.o(i.MT48LC4M32B2_Init)
    i.MX_DMA2D_Init                          0x080023e4   Section        0  main.o(i.MX_DMA2D_Init)
    MX_DMA2D_Init                            0x080023e5   Thumb Code    72  main.o(i.MX_DMA2D_Init)
    i.MX_FATFS_Init                          0x08002434   Section        0  fatfs.o(i.MX_FATFS_Init)
    i.MX_FMC_Init                            0x08002450   Section        0  main.o(i.MX_FMC_Init)
    MX_FMC_Init                              0x08002451   Thumb Code    78  main.o(i.MX_FMC_Init)
    i.MX_GPIO_Init                           0x080024a8   Section        0  main.o(i.MX_GPIO_Init)
    MX_GPIO_Init                             0x080024a9   Thumb Code   270  main.o(i.MX_GPIO_Init)
    i.MX_LTDC_Init                           0x080025c4   Section        0  main.o(i.MX_LTDC_Init)
    MX_LTDC_Init                             0x080025c5   Thumb Code   144  main.o(i.MX_LTDC_Init)
    i.MemManage_Handler                      0x0800265c   Section        0  stm32f7xx_it.o(i.MemManage_Handler)
    i.NMI_Handler                            0x0800265e   Section        0  stm32f7xx_it.o(i.NMI_Handler)
    i.NVIC_SetPriority                       0x08002660   Section        0  stm32f7xx_hal_cortex.o(i.NVIC_SetPriority)
    NVIC_SetPriority                         0x08002661   Thumb Code    34  stm32f7xx_hal_cortex.o(i.NVIC_SetPriority)
    i.PendSV_Handler                         0x08002682   Section        0  stm32f7xx_it.o(i.PendSV_Handler)
    i.SDMMC_CmdAppCommand                    0x08002684   Section        0  stm32f7xx_ll_sdmmc.o(i.SDMMC_CmdAppCommand)
    i.SDMMC_CmdAppOperCommand                0x080026b8   Section        0  stm32f7xx_ll_sdmmc.o(i.SDMMC_CmdAppOperCommand)
    i.SDMMC_CmdBlockLength                   0x080026ec   Section        0  stm32f7xx_ll_sdmmc.o(i.SDMMC_CmdBlockLength)
    i.SDMMC_CmdBusWidth                      0x0800271e   Section        0  stm32f7xx_ll_sdmmc.o(i.SDMMC_CmdBusWidth)
    i.SDMMC_CmdGoIdleState                   0x08002750   Section        0  stm32f7xx_ll_sdmmc.o(i.SDMMC_CmdGoIdleState)
    i.SDMMC_CmdOperCond                      0x080027a0   Section        0  stm32f7xx_ll_sdmmc.o(i.SDMMC_CmdOperCond)
    i.SDMMC_CmdReadMultiBlock                0x08002804   Section        0  stm32f7xx_ll_sdmmc.o(i.SDMMC_CmdReadMultiBlock)
    i.SDMMC_CmdReadSingleBlock               0x08002836   Section        0  stm32f7xx_ll_sdmmc.o(i.SDMMC_CmdReadSingleBlock)
    i.SDMMC_CmdSelDesel                      0x08002868   Section        0  stm32f7xx_ll_sdmmc.o(i.SDMMC_CmdSelDesel)
    i.SDMMC_CmdSendCID                       0x08002898   Section        0  stm32f7xx_ll_sdmmc.o(i.SDMMC_CmdSendCID)
    i.SDMMC_CmdSendCSD                       0x080028c2   Section        0  stm32f7xx_ll_sdmmc.o(i.SDMMC_CmdSendCSD)
    i.SDMMC_CmdSendSCR                       0x080028f0   Section        0  stm32f7xx_ll_sdmmc.o(i.SDMMC_CmdSendSCR)
    i.SDMMC_CmdSendStatus                    0x08002920   Section        0  stm32f7xx_ll_sdmmc.o(i.SDMMC_CmdSendStatus)
    i.SDMMC_CmdSetRelAdd                     0x08002952   Section        0  stm32f7xx_ll_sdmmc.o(i.SDMMC_CmdSetRelAdd)
    i.SDMMC_CmdStopTransfer                  0x08002984   Section        0  stm32f7xx_ll_sdmmc.o(i.SDMMC_CmdStopTransfer)
    i.SDMMC_CmdWriteMultiBlock               0x080029b8   Section        0  stm32f7xx_ll_sdmmc.o(i.SDMMC_CmdWriteMultiBlock)
    i.SDMMC_CmdWriteSingleBlock              0x080029ea   Section        0  stm32f7xx_ll_sdmmc.o(i.SDMMC_CmdWriteSingleBlock)
    i.SDMMC_ConfigData                       0x08002a1c   Section        0  stm32f7xx_ll_sdmmc.o(i.SDMMC_ConfigData)
    i.SDMMC_GetCmdResp1                      0x08002a44   Section        0  stm32f7xx_ll_sdmmc.o(i.SDMMC_GetCmdResp1)
    SDMMC_GetCmdResp1                        0x08002a45   Thumb Code   276  stm32f7xx_ll_sdmmc.o(i.SDMMC_GetCmdResp1)
    i.SDMMC_GetCmdResp2                      0x08002b60   Section        0  stm32f7xx_ll_sdmmc.o(i.SDMMC_GetCmdResp2)
    SDMMC_GetCmdResp2                        0x08002b61   Thumb Code    74  stm32f7xx_ll_sdmmc.o(i.SDMMC_GetCmdResp2)
    i.SDMMC_GetCmdResp3                      0x08002bb0   Section        0  stm32f7xx_ll_sdmmc.o(i.SDMMC_GetCmdResp3)
    SDMMC_GetCmdResp3                        0x08002bb1   Thumb Code    60  stm32f7xx_ll_sdmmc.o(i.SDMMC_GetCmdResp3)
    i.SDMMC_GetCmdResp6                      0x08002bf0   Section        0  stm32f7xx_ll_sdmmc.o(i.SDMMC_GetCmdResp6)
    SDMMC_GetCmdResp6                        0x08002bf1   Thumb Code   128  stm32f7xx_ll_sdmmc.o(i.SDMMC_GetCmdResp6)
    i.SDMMC_GetPowerState                    0x08002c74   Section        0  stm32f7xx_ll_sdmmc.o(i.SDMMC_GetPowerState)
    i.SDMMC_GetResponse                      0x08002c7c   Section        0  stm32f7xx_ll_sdmmc.o(i.SDMMC_GetResponse)
    i.SDMMC_Init                             0x08002c88   Section        0  stm32f7xx_ll_sdmmc.o(i.SDMMC_Init)
    i.SDMMC_PowerState_ON                    0x08002caa   Section        0  stm32f7xx_ll_sdmmc.o(i.SDMMC_PowerState_ON)
    i.SDMMC_ReadFIFO                         0x08002cb2   Section        0  stm32f7xx_ll_sdmmc.o(i.SDMMC_ReadFIFO)
    i.SDMMC_SendCommand                      0x08002cb8   Section        0  stm32f7xx_ll_sdmmc.o(i.SDMMC_SendCommand)
    i.SD_CheckStatus                         0x08002cdc   Section        0  sd_diskio.o(i.SD_CheckStatus)
    SD_CheckStatus                           0x08002cdd   Thumb Code    26  sd_diskio.o(i.SD_CheckStatus)
    i.SD_DMAError                            0x08002cfc   Section        0  stm32f7xx_hal_sd.o(i.SD_DMAError)
    SD_DMAError                              0x08002cfd   Thumb Code    94  stm32f7xx_hal_sd.o(i.SD_DMAError)
    i.SD_DMAReceiveCplt                      0x08002d5a   Section        0  stm32f7xx_hal_sd.o(i.SD_DMAReceiveCplt)
    SD_DMAReceiveCplt                        0x08002d5b   Thumb Code    62  stm32f7xx_hal_sd.o(i.SD_DMAReceiveCplt)
    i.SD_DMATransmitCplt                     0x08002d98   Section        0  stm32f7xx_hal_sd.o(i.SD_DMATransmitCplt)
    SD_DMATransmitCplt                       0x08002d99   Thumb Code    14  stm32f7xx_hal_sd.o(i.SD_DMATransmitCplt)
    i.SD_FindSCR                             0x08002da6   Section        0  stm32f7xx_hal_sd.o(i.SD_FindSCR)
    SD_FindSCR                               0x08002da7   Thumb Code   214  stm32f7xx_hal_sd.o(i.SD_FindSCR)
    i.SD_InitCard                            0x08002e7c   Section        0  stm32f7xx_hal_sd.o(i.SD_InitCard)
    SD_InitCard                              0x08002e7d   Thumb Code   230  stm32f7xx_hal_sd.o(i.SD_InitCard)
    i.SD_PowerON                             0x08002f62   Section        0  stm32f7xx_hal_sd.o(i.SD_PowerON)
    SD_PowerON                               0x08002f63   Thumb Code   166  stm32f7xx_hal_sd.o(i.SD_PowerON)
    i.SD_WideBus_Disable                     0x08003008   Section        0  stm32f7xx_hal_sd.o(i.SD_WideBus_Disable)
    SD_WideBus_Disable                       0x08003009   Thumb Code    78  stm32f7xx_hal_sd.o(i.SD_WideBus_Disable)
    i.SD_WideBus_Enable                      0x08003056   Section        0  stm32f7xx_hal_sd.o(i.SD_WideBus_Enable)
    SD_WideBus_Enable                        0x08003057   Thumb Code    78  stm32f7xx_hal_sd.o(i.SD_WideBus_Enable)
    i.SD_initialize                          0x080030a4   Section        0  sd_diskio.o(i.SD_initialize)
    i.SD_ioctl                               0x080030c4   Section        0  sd_diskio.o(i.SD_ioctl)
    i.SD_read                                0x0800311c   Section        0  sd_diskio.o(i.SD_read)
    i.SD_status                              0x08003188   Section        0  sd_diskio.o(i.SD_status)
    i.SD_write                               0x0800318c   Section        0  sd_diskio.o(i.SD_write)
    i.SVC_Handler                            0x080031f8   Section        0  stm32f7xx_it.o(i.SVC_Handler)
    i.SysTick_Handler                        0x080031fa   Section        0  stm32f7xx_it.o(i.SysTick_Handler)
    i.SystemClock_Config                     0x08003208   Section        0  main.o(i.SystemClock_Config)
    i.SystemInit                             0x080032d8   Section        0  system_stm32f7xx.o(i.SystemInit)
    i.TFT_DisplayString                      0x0800332c   Section        0  ltdc.o(i.TFT_DisplayString)
    i.TFT_DrawChar                           0x080033c0   Section        0  ltdc.o(i.TFT_DrawChar)
    i.TFT_DrawPixel                          0x08003470   Section        0  ltdc.o(i.TFT_DrawPixel)
    i.TFT_FillScreen                         0x08003488   Section        0  ltdc.o(i.TFT_FillScreen)
    i.TFT_SetBackColor                       0x080034a8   Section        0  ltdc.o(i.TFT_SetBackColor)
    i.TFT_SetFont                            0x080034b4   Section        0  ltdc.o(i.TFT_SetFont)
    i.TFT_SetTextColor                       0x080034c0   Section        0  ltdc.o(i.TFT_SetTextColor)
    i.UsageFault_Handler                     0x080034cc   Section        0  stm32f7xx_it.o(i.UsageFault_Handler)
    i.__scatterload_copy                     0x080034ce   Section       14  handlers.o(i.__scatterload_copy)
    i.__scatterload_null                     0x080034dc   Section        2  handlers.o(i.__scatterload_null)
    i.__scatterload_zeroinit                 0x080034de   Section       14  handlers.o(i.__scatterload_zeroinit)
    i.main                                   0x080034ec   Section        0  main.o(i.main)
    .constdata                               0x080036c4   Section       16  system_stm32f7xx.o(.constdata)
    .constdata                               0x080036d4   Section       20  sd_diskio.o(.constdata)
    .constdata                               0x080036e8   Section      760  font8.o(.constdata)
    .constdata                               0x080039e0   Section     1140  font12.o(.constdata)
    .constdata                               0x08003e54   Section     3040  font16.o(.constdata)
    .constdata                               0x08004a34   Section     3800  font20.o(.constdata)
    .constdata                               0x0800590c   Section     6840  font24.o(.constdata)
    .data                                    0x20000000   Section       12  stm32f7xx_hal.o(.data)
    .data                                    0x2000000c   Section        4  system_stm32f7xx.o(.data)
    .data                                    0x20000010   Section       12  sd_diskio.o(.data)
    Stat                                     0x20000010   Data           1  sd_diskio.o(.data)
    WriteStatus                              0x20000014   Data           4  sd_diskio.o(.data)
    ReadStatus                               0x20000018   Data           4  sd_diskio.o(.data)
    .data                                    0x2000001c   Section        8  stm32f7xx_hal_msp.o(.data)
    FMC_Initialized                          0x2000001c   Data           4  stm32f7xx_hal_msp.o(.data)
    FMC_DeInitialized                        0x20000020   Data           4  stm32f7xx_hal_msp.o(.data)
    .data                                    0x20000024   Section        5  fatfs.o(.data)
    .data                                    0x2000002c   Section       12  main.o(.data)
    .data                                    0x20000038   Section        8  ltdc.o(.data)
    .data                                    0x20000040   Section        1  mt48lc4m32b2.o(.data)
    .data                                    0x20000044   Section        8  font8.o(.data)
    .data                                    0x2000004c   Section        8  font12.o(.data)
    .data                                    0x20000054   Section        8  font16.o(.data)
    .data                                    0x2000005c   Section        8  font20.o(.data)
    .data                                    0x20000064   Section        8  font24.o(.data)
    .bss                                     0x2000006c   Section       12  ff_gen_drv.o(.bss)
    .bss                                     0x20000078   Section      428  main.o(.bss)
    .bss                                     0x20000224   Section       12  ltdc.o(.bss)
    .bss                                     0x20000230   Section       16  mt48lc4m32b2.o(.bss)
    STACK                                    0x20000240   Section    16384  startup_stm32f746xx.o(STACK)

    Global Symbols

    Symbol Name                              Value     Ov Type        Size  Object(Section)

    BuildAttributes$$THM_ISAv4$E$P$D$K$B$S$7EM$VFPi5$EXTD16$VFPS$VFMA$PE$PLD8$A:L22UL41UL21$X:L11$S22US41US21$IEEE1$IW$USESV6$~STKCKD$USESV7$~SHL$OSPACE$EBA8$MICROLIB$REQ8$PRES8$EABIv2 0x00000000   Number         0  anon$$obj.o ABSOLUTE
    __ARM_use_no_argv                        0x00000000   Number         0  main.o ABSOLUTE
    __cpp_initialize__aeabi_                  - Undefined Weak Reference
    __cxa_finalize                            - Undefined Weak Reference
    __decompress                              - Undefined Weak Reference
    _clock_init                               - Undefined Weak Reference
    _microlib_exit                            - Undefined Weak Reference
    __Vectors_Size                           0x000001c8   Number         0  startup_stm32f746xx.o ABSOLUTE
    __Vectors                                0x08000000   Data           4  startup_stm32f746xx.o(RESET)
    __Vectors_End                            0x080001c8   Data           0  startup_stm32f746xx.o(RESET)
    __main                                   0x080001c9   Thumb Code     0  entry.o(.ARM.Collect$$$$00000000)
    _main_stk                                0x080001c9   Thumb Code     0  entry2.o(.ARM.Collect$$$$00000001)
    _main_scatterload                        0x080001cd   Thumb Code     0  entry5.o(.ARM.Collect$$$$00000004)
    __main_after_scatterload                 0x080001d1   Thumb Code     0  entry5.o(.ARM.Collect$$$$00000004)
    _main_clock                              0x080001d1   Thumb Code     0  entry7b.o(.ARM.Collect$$$$00000008)
    _main_cpp_init                           0x080001d1   Thumb Code     0  entry8b.o(.ARM.Collect$$$$0000000A)
    _main_init                               0x080001d1   Thumb Code     0  entry9a.o(.ARM.Collect$$$$0000000B)
    __rt_final_cpp                           0x080001d9   Thumb Code     0  entry10a.o(.ARM.Collect$$$$0000000D)
    __rt_final_exit                          0x080001d9   Thumb Code     0  entry11a.o(.ARM.Collect$$$$0000000F)
    Reset_Handler                            0x080001dd   Thumb Code     8  startup_stm32f746xx.o(.text)
    ADC_IRQHandler                           0x080001f7   Thumb Code     0  startup_stm32f746xx.o(.text)
    CAN1_RX0_IRQHandler                      0x080001f7   Thumb Code     0  startup_stm32f746xx.o(.text)
    CAN1_RX1_IRQHandler                      0x080001f7   Thumb Code     0  startup_stm32f746xx.o(.text)
    CAN1_SCE_IRQHandler                      0x080001f7   Thumb Code     0  startup_stm32f746xx.o(.text)
    CAN1_TX_IRQHandler                       0x080001f7   Thumb Code     0  startup_stm32f746xx.o(.text)
    CAN2_RX0_IRQHandler                      0x080001f7   Thumb Code     0  startup_stm32f746xx.o(.text)
    CAN2_RX1_IRQHandler                      0x080001f7   Thumb Code     0  startup_stm32f746xx.o(.text)
    CAN2_SCE_IRQHandler                      0x080001f7   Thumb Code     0  startup_stm32f746xx.o(.text)
    CAN2_TX_IRQHandler                       0x080001f7   Thumb Code     0  startup_stm32f746xx.o(.text)
    CEC_IRQHandler                           0x080001f7   Thumb Code     0  startup_stm32f746xx.o(.text)
    DCMI_IRQHandler                          0x080001f7   Thumb Code     0  startup_stm32f746xx.o(.text)
    DMA1_Stream0_IRQHandler                  0x080001f7   Thumb Code     0  startup_stm32f746xx.o(.text)
    DMA1_Stream1_IRQHandler                  0x080001f7   Thumb Code     0  startup_stm32f746xx.o(.text)
    DMA1_Stream2_IRQHandler                  0x080001f7   Thumb Code     0  startup_stm32f746xx.o(.text)
    DMA1_Stream3_IRQHandler                  0x080001f7   Thumb Code     0  startup_stm32f746xx.o(.text)
    DMA1_Stream4_IRQHandler                  0x080001f7   Thumb Code     0  startup_stm32f746xx.o(.text)
    DMA1_Stream5_IRQHandler                  0x080001f7   Thumb Code     0  startup_stm32f746xx.o(.text)
    DMA1_Stream6_IRQHandler                  0x080001f7   Thumb Code     0  startup_stm32f746xx.o(.text)
    DMA1_Stream7_IRQHandler                  0x080001f7   Thumb Code     0  startup_stm32f746xx.o(.text)
    DMA2_Stream0_IRQHandler                  0x080001f7   Thumb Code     0  startup_stm32f746xx.o(.text)
    DMA2_Stream1_IRQHandler                  0x080001f7   Thumb Code     0  startup_stm32f746xx.o(.text)
    DMA2_Stream2_IRQHandler                  0x080001f7   Thumb Code     0  startup_stm32f746xx.o(.text)
    DMA2_Stream3_IRQHandler                  0x080001f7   Thumb Code     0  startup_stm32f746xx.o(.text)
    DMA2_Stream4_IRQHandler                  0x080001f7   Thumb Code     0  startup_stm32f746xx.o(.text)
    DMA2_Stream5_IRQHandler                  0x080001f7   Thumb Code     0  startup_stm32f746xx.o(.text)
    DMA2_Stream6_IRQHandler                  0x080001f7   Thumb Code     0  startup_stm32f746xx.o(.text)
    DMA2_Stream7_IRQHandler                  0x080001f7   Thumb Code     0  startup_stm32f746xx.o(.text)
    ETH_IRQHandler                           0x080001f7   Thumb Code     0  startup_stm32f746xx.o(.text)
    ETH_WKUP_IRQHandler                      0x080001f7   Thumb Code     0  startup_stm32f746xx.o(.text)
    EXTI0_IRQHandler                         0x080001f7   Thumb Code     0  startup_stm32f746xx.o(.text)
    EXTI15_10_IRQHandler                     0x080001f7   Thumb Code     0  startup_stm32f746xx.o(.text)
    EXTI1_IRQHandler                         0x080001f7   Thumb Code     0  startup_stm32f746xx.o(.text)
    EXTI2_IRQHandler                         0x080001f7   Thumb Code     0  startup_stm32f746xx.o(.text)
    EXTI3_IRQHandler                         0x080001f7   Thumb Code     0  startup_stm32f746xx.o(.text)
    EXTI4_IRQHandler                         0x080001f7   Thumb Code     0  startup_stm32f746xx.o(.text)
    EXTI9_5_IRQHandler                       0x080001f7   Thumb Code     0  startup_stm32f746xx.o(.text)
    FLASH_IRQHandler                         0x080001f7   Thumb Code     0  startup_stm32f746xx.o(.text)
    FMC_IRQHandler                           0x080001f7   Thumb Code     0  startup_stm32f746xx.o(.text)
    FPU_IRQHandler                           0x080001f7   Thumb Code     0  startup_stm32f746xx.o(.text)
    I2C1_ER_IRQHandler                       0x080001f7   Thumb Code     0  startup_stm32f746xx.o(.text)
    I2C1_EV_IRQHandler                       0x080001f7   Thumb Code     0  startup_stm32f746xx.o(.text)
    I2C2_ER_IRQHandler                       0x080001f7   Thumb Code     0  startup_stm32f746xx.o(.text)
    I2C2_EV_IRQHandler                       0x080001f7   Thumb Code     0  startup_stm32f746xx.o(.text)
    I2C3_ER_IRQHandler                       0x080001f7   Thumb Code     0  startup_stm32f746xx.o(.text)
    I2C3_EV_IRQHandler                       0x080001f7   Thumb Code     0  startup_stm32f746xx.o(.text)
    I2C4_ER_IRQHandler                       0x080001f7   Thumb Code     0  startup_stm32f746xx.o(.text)
    I2C4_EV_IRQHandler                       0x080001f7   Thumb Code     0  startup_stm32f746xx.o(.text)
    LPTIM1_IRQHandler                        0x080001f7   Thumb Code     0  startup_stm32f746xx.o(.text)
    LTDC_ER_IRQHandler                       0x080001f7   Thumb Code     0  startup_stm32f746xx.o(.text)
    LTDC_IRQHandler                          0x080001f7   Thumb Code     0  startup_stm32f746xx.o(.text)
    OTG_FS_IRQHandler                        0x080001f7   Thumb Code     0  startup_stm32f746xx.o(.text)
    OTG_FS_WKUP_IRQHandler                   0x080001f7   Thumb Code     0  startup_stm32f746xx.o(.text)
    OTG_HS_EP1_IN_IRQHandler                 0x080001f7   Thumb Code     0  startup_stm32f746xx.o(.text)
    OTG_HS_EP1_OUT_IRQHandler                0x080001f7   Thumb Code     0  startup_stm32f746xx.o(.text)
    OTG_HS_IRQHandler                        0x080001f7   Thumb Code     0  startup_stm32f746xx.o(.text)
    OTG_HS_WKUP_IRQHandler                   0x080001f7   Thumb Code     0  startup_stm32f746xx.o(.text)
    PVD_IRQHandler                           0x080001f7   Thumb Code     0  startup_stm32f746xx.o(.text)
    QUADSPI_IRQHandler                       0x080001f7   Thumb Code     0  startup_stm32f746xx.o(.text)
    RCC_IRQHandler                           0x080001f7   Thumb Code     0  startup_stm32f746xx.o(.text)
    RNG_IRQHandler                           0x080001f7   Thumb Code     0  startup_stm32f746xx.o(.text)
    RTC_Alarm_IRQHandler                     0x080001f7   Thumb Code     0  startup_stm32f746xx.o(.text)
    RTC_WKUP_IRQHandler                      0x080001f7   Thumb Code     0  startup_stm32f746xx.o(.text)
    SAI1_IRQHandler                          0x080001f7   Thumb Code     0  startup_stm32f746xx.o(.text)
    SAI2_IRQHandler                          0x080001f7   Thumb Code     0  startup_stm32f746xx.o(.text)
    SDMMC1_IRQHandler                        0x080001f7   Thumb Code     0  startup_stm32f746xx.o(.text)
    SPDIF_RX_IRQHandler                      0x080001f7   Thumb Code     0  startup_stm32f746xx.o(.text)
    SPI1_IRQHandler                          0x080001f7   Thumb Code     0  startup_stm32f746xx.o(.text)
    SPI2_IRQHandler                          0x080001f7   Thumb Code     0  startup_stm32f746xx.o(.text)
    SPI3_IRQHandler                          0x080001f7   Thumb Code     0  startup_stm32f746xx.o(.text)
    SPI4_IRQHandler                          0x080001f7   Thumb Code     0  startup_stm32f746xx.o(.text)
    SPI5_IRQHandler                          0x080001f7   Thumb Code     0  startup_stm32f746xx.o(.text)
    SPI6_IRQHandler                          0x080001f7   Thumb Code     0  startup_stm32f746xx.o(.text)
    TAMP_STAMP_IRQHandler                    0x080001f7   Thumb Code     0  startup_stm32f746xx.o(.text)
    TIM1_BRK_TIM9_IRQHandler                 0x080001f7   Thumb Code     0  startup_stm32f746xx.o(.text)
    TIM1_CC_IRQHandler                       0x080001f7   Thumb Code     0  startup_stm32f746xx.o(.text)
    TIM1_TRG_COM_TIM11_IRQHandler            0x080001f7   Thumb Code     0  startup_stm32f746xx.o(.text)
    TIM1_UP_TIM10_IRQHandler                 0x080001f7   Thumb Code     0  startup_stm32f746xx.o(.text)
    TIM2_IRQHandler                          0x080001f7   Thumb Code     0  startup_stm32f746xx.o(.text)
    TIM3_IRQHandler                          0x080001f7   Thumb Code     0  startup_stm32f746xx.o(.text)
    TIM4_IRQHandler                          0x080001f7   Thumb Code     0  startup_stm32f746xx.o(.text)
    TIM5_IRQHandler                          0x080001f7   Thumb Code     0  startup_stm32f746xx.o(.text)
    TIM6_DAC_IRQHandler                      0x080001f7   Thumb Code     0  startup_stm32f746xx.o(.text)
    TIM7_IRQHandler                          0x080001f7   Thumb Code     0  startup_stm32f746xx.o(.text)
    TIM8_BRK_TIM12_IRQHandler                0x080001f7   Thumb Code     0  startup_stm32f746xx.o(.text)
    TIM8_CC_IRQHandler                       0x080001f7   Thumb Code     0  startup_stm32f746xx.o(.text)
    TIM8_TRG_COM_TIM14_IRQHandler            0x080001f7   Thumb Code     0  startup_stm32f746xx.o(.text)
    TIM8_UP_TIM13_IRQHandler                 0x080001f7   Thumb Code     0  startup_stm32f746xx.o(.text)
    UART4_IRQHandler                         0x080001f7   Thumb Code     0  startup_stm32f746xx.o(.text)
    UART5_IRQHandler                         0x080001f7   Thumb Code     0  startup_stm32f746xx.o(.text)
    UART7_IRQHandler                         0x080001f7   Thumb Code     0  startup_stm32f746xx.o(.text)
    UART8_IRQHandler                         0x080001f7   Thumb Code     0  startup_stm32f746xx.o(.text)
    USART1_IRQHandler                        0x080001f7   Thumb Code     0  startup_stm32f746xx.o(.text)
    USART2_IRQHandler                        0x080001f7   Thumb Code     0  startup_stm32f746xx.o(.text)
    USART3_IRQHandler                        0x080001f7   Thumb Code     0  startup_stm32f746xx.o(.text)
    USART6_IRQHandler                        0x080001f7   Thumb Code     0  startup_stm32f746xx.o(.text)
    WWDG_IRQHandler                          0x080001f7   Thumb Code     0  startup_stm32f746xx.o(.text)
    __aeabi_uldivmod                         0x08000201   Thumb Code    98  uldiv.o(.text)
    __aeabi_memcpy                           0x08000263   Thumb Code    36  memcpya.o(.text)
    __aeabi_memcpy4                          0x08000263   Thumb Code     0  memcpya.o(.text)
    __aeabi_memcpy8                          0x08000263   Thumb Code     0  memcpya.o(.text)
    __aeabi_llsl                             0x08000287   Thumb Code    30  llshl.o(.text)
    _ll_shift_l                              0x08000287   Thumb Code     0  llshl.o(.text)
    __aeabi_llsr                             0x080002a5   Thumb Code    32  llushr.o(.text)
    _ll_ushift_r                             0x080002a5   Thumb Code     0  llushr.o(.text)
    __scatterload                            0x080002c5   Thumb Code    28  init.o(.text)
    __scatterload_rt2                        0x080002c5   Thumb Code     0  init.o(.text)
    BSP_SD_GetCardInfo                       0x080002e9   Thumb Code     8  bsp_driver_sd.o(i.BSP_SD_GetCardInfo)
    BSP_SD_GetCardState                      0x080002f5   Thumb Code    20  bsp_driver_sd.o(i.BSP_SD_GetCardState)
    BSP_SD_Init                              0x0800030d   Thumb Code    48  bsp_driver_sd.o(i.BSP_SD_Init)
    BSP_SD_ReadBlocks_DMA                    0x08000341   Thumb Code    24  bsp_driver_sd.o(i.BSP_SD_ReadBlocks_DMA)
    BSP_SD_WriteBlocks_DMA                   0x0800035d   Thumb Code    24  bsp_driver_sd.o(i.BSP_SD_WriteBlocks_DMA)
    BusFault_Handler                         0x08000379   Thumb Code     2  stm32f7xx_it.o(i.BusFault_Handler)
    CharPuts                                 0x0800037d   Thumb Code   380  main.o(i.CharPuts)
    DMA2D_IRQHandler                         0x08000511   Thumb Code     6  stm32f7xx_it.o(i.DMA2D_IRQHandler)
    DebugMon_Handler                         0x08000545   Thumb Code     2  stm32f7xx_it.o(i.DebugMon_Handler)
    FATFS_LinkDriver                         0x08000547   Thumb Code     6  ff_gen_drv.o(i.FATFS_LinkDriver)
    FATFS_LinkDriverEx                       0x0800054d   Thumb Code    58  ff_gen_drv.o(i.FATFS_LinkDriverEx)
    FMC_SDRAM_Init                           0x0800058d   Thumb Code    94  stm32f7xx_ll_fmc.o(i.FMC_SDRAM_Init)
    FMC_SDRAM_ProgramRefreshRate             0x080005eb   Thumb Code    12  stm32f7xx_ll_fmc.o(i.FMC_SDRAM_ProgramRefreshRate)
    FMC_SDRAM_SendCommand                    0x080005f7   Thumb Code    32  stm32f7xx_ll_fmc.o(i.FMC_SDRAM_SendCommand)
    FMC_SDRAM_Timing_Init                    0x08000619   Thumb Code   134  stm32f7xx_ll_fmc.o(i.FMC_SDRAM_Timing_Init)
    HAL_DMA2D_CLUTLoadingCpltCallback        0x080006a5   Thumb Code     2  stm32f7xx_hal_dma2d.o(i.HAL_DMA2D_CLUTLoadingCpltCallback)
    HAL_DMA2D_ConfigLayer                    0x080006a9   Thumb Code   158  stm32f7xx_hal_dma2d.o(i.HAL_DMA2D_ConfigLayer)
    HAL_DMA2D_IRQHandler                     0x0800074d   Thumb Code   284  stm32f7xx_hal_dma2d.o(i.HAL_DMA2D_IRQHandler)
    HAL_DMA2D_Init                           0x08000869   Thumb Code    90  stm32f7xx_hal_dma2d.o(i.HAL_DMA2D_Init)
    HAL_DMA2D_LineEventCallback              0x080008c3   Thumb Code     2  stm32f7xx_hal_dma2d.o(i.HAL_DMA2D_LineEventCallback)
    HAL_DMA2D_MspInit                        0x080008c5   Thumb Code    50  stm32f7xx_hal_msp.o(i.HAL_DMA2D_MspInit)
    HAL_DMA_GetError                         0x08000901   Thumb Code     4  stm32f7xx_hal_dma.o(i.HAL_DMA_GetError)
    HAL_DMA_Start_IT                         0x08000905   Thumb Code   122  stm32f7xx_hal_dma.o(i.HAL_DMA_Start_IT)
    HAL_Delay                                0x08000981   Thumb Code    32  stm32f7xx_hal.o(i.HAL_Delay)
    HAL_GPIO_Init                            0x08000a51   Thumb Code   418  stm32f7xx_hal_gpio.o(i.HAL_GPIO_Init)
    HAL_GPIO_WritePin                        0x08000c29   Thumb Code    10  stm32f7xx_hal_gpio.o(i.HAL_GPIO_WritePin)
    HAL_GetTick                              0x08000c35   Thumb Code     6  stm32f7xx_hal.o(i.HAL_GetTick)
    HAL_IncTick                              0x08000c41   Thumb Code    12  stm32f7xx_hal.o(i.HAL_IncTick)
    HAL_Init                                 0x08000c51   Thumb Code    22  stm32f7xx_hal.o(i.HAL_Init)
    HAL_InitTick                             0x08000c69   Thumb Code    54  stm32f7xx_hal.o(i.HAL_InitTick)
    HAL_LTDC_ConfigLayer                     0x08000ca9   Thumb Code    82  stm32f7xx_hal_ltdc.o(i.HAL_LTDC_ConfigLayer)
    HAL_LTDC_Init                            0x08000cfd   Thumb Code   252  stm32f7xx_hal_ltdc.o(i.HAL_LTDC_Init)
    HAL_LTDC_MspInit                         0x08000dfd   Thumb Code   136  stm32f7xx_hal_msp.o(i.HAL_LTDC_MspInit)
    HAL_LTDC_SetAddress                      0x08000ea1   Thumb Code    68  stm32f7xx_hal_ltdc.o(i.HAL_LTDC_SetAddress)
    HAL_MPU_ConfigRegion                     0x08000ee5   Thumb Code    86  stm32f7xx_hal_cortex.o(i.HAL_MPU_ConfigRegion)
    HAL_MPU_Disable                          0x08000f41   Thumb Code    24  stm32f7xx_hal_cortex.o(i.HAL_MPU_Disable)
    HAL_MPU_Enable                           0x08000f5d   Thumb Code    30  stm32f7xx_hal_cortex.o(i.HAL_MPU_Enable)
    HAL_MspInit                              0x08000f81   Thumb Code    88  stm32f7xx_hal_msp.o(i.HAL_MspInit)
    HAL_NVIC_EnableIRQ                       0x08000fd9   Thumb Code    22  stm32f7xx_hal_cortex.o(i.HAL_NVIC_EnableIRQ)
    HAL_NVIC_SetPriority                     0x08000ff1   Thumb Code    60  stm32f7xx_hal_cortex.o(i.HAL_NVIC_SetPriority)
    HAL_NVIC_SetPriorityGrouping             0x08001031   Thumb Code    28  stm32f7xx_hal_cortex.o(i.HAL_NVIC_SetPriorityGrouping)
    HAL_PWREx_EnableOverDrive                0x08001055   Thumb Code   100  stm32f7xx_hal_pwr_ex.o(i.HAL_PWREx_EnableOverDrive)
    HAL_RCCEx_PeriphCLKConfig                0x080010c1   Thumb Code  1276  stm32f7xx_hal_rcc_ex.o(i.HAL_RCCEx_PeriphCLKConfig)
    HAL_RCC_ClockConfig                      0x080015bd   Thumb Code   282  stm32f7xx_hal_rcc.o(i.HAL_RCC_ClockConfig)
    HAL_RCC_GetHCLKFreq                      0x080016e9   Thumb Code     6  stm32f7xx_hal_rcc.o(i.HAL_RCC_GetHCLKFreq)
    HAL_RCC_GetSysClockFreq                  0x080016f5   Thumb Code    88  stm32f7xx_hal_rcc.o(i.HAL_RCC_GetSysClockFreq)
    HAL_RCC_OscConfig                        0x08001759   Thumb Code   810  stm32f7xx_hal_rcc.o(i.HAL_RCC_OscConfig)
    HAL_RNG_Init                             0x08001a91   Thumb Code    48  stm32f7xx_hal_rng.o(i.HAL_RNG_Init)
    HAL_RNG_MspInit                          0x08001ac1   Thumb Code    30  stm32f7xx_hal_msp.o(i.HAL_RNG_MspInit)
    HAL_SDRAM_Init                           0x08001ae9   Thumb Code    66  stm32f7xx_hal_sdram.o(i.HAL_SDRAM_Init)
    HAL_SDRAM_MspInit                        0x08001b2b   Thumb Code     4  stm32f7xx_hal_msp.o(i.HAL_SDRAM_MspInit)
    HAL_SDRAM_ProgramRefreshRate             0x08001b2f   Thumb Code    34  stm32f7xx_hal_sdram.o(i.HAL_SDRAM_ProgramRefreshRate)
    HAL_SDRAM_SendCommand                    0x08001b51   Thumb Code    48  stm32f7xx_hal_sdram.o(i.HAL_SDRAM_SendCommand)
    HAL_SD_ConfigWideBusOperation            0x08001b81   Thumb Code   120  stm32f7xx_hal_sd.o(i.HAL_SD_ConfigWideBusOperation)
    HAL_SD_ErrorCallback                     0x08001bf9   Thumb Code     2  stm32f7xx_hal_sd.o(i.HAL_SD_ErrorCallback)
    HAL_SD_GetCardCSD                        0x08001bfb   Thumb Code   506  stm32f7xx_hal_sd.o(i.HAL_SD_GetCardCSD)
    HAL_SD_GetCardInfo                       0x08001df5   Thumb Code    36  stm32f7xx_hal_sd.o(i.HAL_SD_GetCardInfo)
    HAL_SD_GetCardState                      0x08001e19   Thumb Code    44  stm32f7xx_hal_sd.o(i.HAL_SD_GetCardState)
    HAL_SD_Init                              0x08001e45   Thumb Code    54  stm32f7xx_hal_sd.o(i.HAL_SD_Init)
    HAL_SD_InitCard                          0x08001e7b   Thumb Code    92  stm32f7xx_hal_sd.o(i.HAL_SD_InitCard)
    HAL_SD_MspInit                           0x08001ed9   Thumb Code    72  stm32f7xx_hal_msp.o(i.HAL_SD_MspInit)
    HAL_SD_ReadBlocks_DMA                    0x08001f31   Thumb Code   236  stm32f7xx_hal_sd.o(i.HAL_SD_ReadBlocks_DMA)
    HAL_SD_RxCpltCallback                    0x08002025   Thumb Code     2  stm32f7xx_hal_sd.o(i.HAL_SD_RxCpltCallback)
    HAL_SD_WriteBlocks_DMA                   0x08002029   Thumb Code   240  stm32f7xx_hal_sd.o(i.HAL_SD_WriteBlocks_DMA)
    HAL_SYSTICK_CLKSourceConfig              0x08002121   Thumb Code    24  stm32f7xx_hal_cortex.o(i.HAL_SYSTICK_CLKSourceConfig)
    HAL_SYSTICK_Callback                     0x08002139   Thumb Code     2  stm32f7xx_hal_cortex.o(i.HAL_SYSTICK_Callback)
    HAL_SYSTICK_Config                       0x0800213b   Thumb Code    38  stm32f7xx_hal_cortex.o(i.HAL_SYSTICK_Config)
    HAL_SYSTICK_IRQHandler                   0x08002161   Thumb Code     8  stm32f7xx_hal_cortex.o(i.HAL_SYSTICK_IRQHandler)
    HardFault_Handler                        0x08002169   Thumb Code     2  stm32f7xx_it.o(i.HardFault_Handler)
    MT48LC4M32B2_Init                        0x0800233d   Thumb Code   156  mt48lc4m32b2.o(i.MT48LC4M32B2_Init)
    MX_FATFS_Init                            0x08002435   Thumb Code    18  fatfs.o(i.MX_FATFS_Init)
    MemManage_Handler                        0x0800265d   Thumb Code     2  stm32f7xx_it.o(i.MemManage_Handler)
    NMI_Handler                              0x0800265f   Thumb Code     2  stm32f7xx_it.o(i.NMI_Handler)
    PendSV_Handler                           0x08002683   Thumb Code     2  stm32f7xx_it.o(i.PendSV_Handler)
    SDMMC_CmdAppCommand                      0x08002685   Thumb Code    50  stm32f7xx_ll_sdmmc.o(i.SDMMC_CmdAppCommand)
    SDMMC_CmdAppOperCommand                  0x080026b9   Thumb Code    48  stm32f7xx_ll_sdmmc.o(i.SDMMC_CmdAppOperCommand)
    SDMMC_CmdBlockLength                     0x080026ed   Thumb Code    50  stm32f7xx_ll_sdmmc.o(i.SDMMC_CmdBlockLength)
    SDMMC_CmdBusWidth                        0x0800271f   Thumb Code    50  stm32f7xx_ll_sdmmc.o(i.SDMMC_CmdBusWidth)
    SDMMC_CmdGoIdleState                     0x08002751   Thumb Code    76  stm32f7xx_ll_sdmmc.o(i.SDMMC_CmdGoIdleState)
    SDMMC_CmdOperCond                        0x080027a1   Thumb Code    94  stm32f7xx_ll_sdmmc.o(i.SDMMC_CmdOperCond)
    SDMMC_CmdReadMultiBlock                  0x08002805   Thumb Code    50  stm32f7xx_ll_sdmmc.o(i.SDMMC_CmdReadMultiBlock)
    SDMMC_CmdReadSingleBlock                 0x08002837   Thumb Code    50  stm32f7xx_ll_sdmmc.o(i.SDMMC_CmdReadSingleBlock)
    SDMMC_CmdSelDesel                        0x08002869   Thumb Code    48  stm32f7xx_ll_sdmmc.o(i.SDMMC_CmdSelDesel)
    SDMMC_CmdSendCID                         0x08002899   Thumb Code    42  stm32f7xx_ll_sdmmc.o(i.SDMMC_CmdSendCID)
    SDMMC_CmdSendCSD                         0x080028c3   Thumb Code    46  stm32f7xx_ll_sdmmc.o(i.SDMMC_CmdSendCSD)
    SDMMC_CmdSendSCR                         0x080028f1   Thumb Code    48  stm32f7xx_ll_sdmmc.o(i.SDMMC_CmdSendSCR)
    SDMMC_CmdSendStatus                      0x08002921   Thumb Code    50  stm32f7xx_ll_sdmmc.o(i.SDMMC_CmdSendStatus)
    SDMMC_CmdSetRelAdd                       0x08002953   Thumb Code    48  stm32f7xx_ll_sdmmc.o(i.SDMMC_CmdSetRelAdd)
    SDMMC_CmdStopTransfer                    0x08002985   Thumb Code    46  stm32f7xx_ll_sdmmc.o(i.SDMMC_CmdStopTransfer)
    SDMMC_CmdWriteMultiBlock                 0x080029b9   Thumb Code    50  stm32f7xx_ll_sdmmc.o(i.SDMMC_CmdWriteMultiBlock)
    SDMMC_CmdWriteSingleBlock                0x080029eb   Thumb Code    50  stm32f7xx_ll_sdmmc.o(i.SDMMC_CmdWriteSingleBlock)
    SDMMC_ConfigData                         0x08002a1d   Thumb Code    38  stm32f7xx_ll_sdmmc.o(i.SDMMC_ConfigData)
    SDMMC_GetPowerState                      0x08002c75   Thumb Code     8  stm32f7xx_ll_sdmmc.o(i.SDMMC_GetPowerState)
    SDMMC_GetResponse                        0x08002c7d   Thumb Code    12  stm32f7xx_ll_sdmmc.o(i.SDMMC_GetResponse)
    SDMMC_Init                               0x08002c89   Thumb Code    34  stm32f7xx_ll_sdmmc.o(i.SDMMC_Init)
    SDMMC_PowerState_ON                      0x08002cab   Thumb Code     8  stm32f7xx_ll_sdmmc.o(i.SDMMC_PowerState_ON)
    SDMMC_ReadFIFO                           0x08002cb3   Thumb Code     6  stm32f7xx_ll_sdmmc.o(i.SDMMC_ReadFIFO)
    SDMMC_SendCommand                        0x08002cb9   Thumb Code    34  stm32f7xx_ll_sdmmc.o(i.SDMMC_SendCommand)
    SD_initialize                            0x080030a5   Thumb Code    28  sd_diskio.o(i.SD_initialize)
    SD_ioctl                                 0x080030c5   Thumb Code    84  sd_diskio.o(i.SD_ioctl)
    SD_read                                  0x0800311d   Thumb Code   102  sd_diskio.o(i.SD_read)
    SD_status                                0x08003189   Thumb Code     4  sd_diskio.o(i.SD_status)
    SD_write                                 0x0800318d   Thumb Code   102  sd_diskio.o(i.SD_write)
    SVC_Handler                              0x080031f9   Thumb Code     2  stm32f7xx_it.o(i.SVC_Handler)
    SysTick_Handler                          0x080031fb   Thumb Code    14  stm32f7xx_it.o(i.SysTick_Handler)
    SystemClock_Config                       0x08003209   Thumb Code   194  main.o(i.SystemClock_Config)
    SystemInit                               0x080032d9   Thumb Code    68  system_stm32f7xx.o(i.SystemInit)
    TFT_DisplayString                        0x0800332d   Thumb Code   138  ltdc.o(i.TFT_DisplayString)
    TFT_DrawChar                             0x080033c1   Thumb Code   168  ltdc.o(i.TFT_DrawChar)
    TFT_DrawPixel                            0x08003471   Thumb Code    18  ltdc.o(i.TFT_DrawPixel)
    TFT_FillScreen                           0x08003489   Thumb Code    28  ltdc.o(i.TFT_FillScreen)
    TFT_SetBackColor                         0x080034a9   Thumb Code     6  ltdc.o(i.TFT_SetBackColor)
    TFT_SetFont                              0x080034b5   Thumb Code     6  ltdc.o(i.TFT_SetFont)
    TFT_SetTextColor                         0x080034c1   Thumb Code     6  ltdc.o(i.TFT_SetTextColor)
    UsageFault_Handler                       0x080034cd   Thumb Code     2  stm32f7xx_it.o(i.UsageFault_Handler)
    __scatterload_copy                       0x080034cf   Thumb Code    14  handlers.o(i.__scatterload_copy)
    __scatterload_null                       0x080034dd   Thumb Code     2  handlers.o(i.__scatterload_null)
    __scatterload_zeroinit                   0x080034df   Thumb Code    14  handlers.o(i.__scatterload_zeroinit)
    main                                     0x080034ed   Thumb Code   374  main.o(i.main)
    AHBPrescTable                            0x080036c4   Data          16  system_stm32f7xx.o(.constdata)
    SD_Driver                                0x080036d4   Data          20  sd_diskio.o(.constdata)
    Font8_Table                              0x080036e8   Data         760  font8.o(.constdata)
    Font12_Table                             0x080039e0   Data        1140  font12.o(.constdata)
    Font16_Table                             0x08003e54   Data        3040  font16.o(.constdata)
    Font20_Table                             0x08004a34   Data        3800  font20.o(.constdata)
    Font24_Table                             0x0800590c   Data        6840  font24.o(.constdata)
    Region$$Table$$Base                      0x080073c4   Number         0  anon$$obj.o(Region$$Table)
    Region$$Table$$Limit                     0x080073e4   Number         0  anon$$obj.o(Region$$Table)
    uwTickFreq                               0x20000000   Data           1  stm32f7xx_hal.o(.data)
    uwTickPrio                               0x20000004   Data           4  stm32f7xx_hal.o(.data)
    uwTick                                   0x20000008   Data           4  stm32f7xx_hal.o(.data)
    SystemCoreClock                          0x2000000c   Data           4  system_stm32f7xx.o(.data)
    retSD                                    0x20000024   Data           1  fatfs.o(.data)
    SDPath                                   0x20000025   Data           4  fatfs.o(.data)
    bmp1                                     0x2000002c   Data           4  main.o(.data)
    dma2d_in1                                0x20000030   Data           4  main.o(.data)
    dma2d_in2                                0x20000034   Data           4  main.o(.data)
    X_SIZE                                   0x20000038   Data           2  ltdc.o(.data)
    ch                                       0x2000003c   Data           4  ltdc.o(.data)
    hal_stat                                 0x20000040   Data           1  mt48lc4m32b2.o(.data)
    Font8                                    0x20000044   Data           8  font8.o(.data)
    Font12                                   0x2000004c   Data           8  font12.o(.data)
    Font16                                   0x20000054   Data           8  font16.o(.data)
    Font20                                   0x2000005c   Data           8  font20.o(.data)
    Font24                                   0x20000064   Data           8  font24.o(.data)
    disk                                     0x2000006c   Data          12  ff_gen_drv.o(.bss)
    hdma2d                                   0x20000078   Data          64  main.o(.bss)
    hltdc                                    0x200000b8   Data         168  main.o(.bss)
    hrng                                     0x20000160   Data          12  main.o(.bss)
    hsd1                                     0x2000016c   Data         132  main.o(.bss)
    hsdram1                                  0x200001f0   Data          52  main.o(.bss)
    lcdprop                                  0x20000224   Data          12  ltdc.o(.bss)
    command                                  0x20000230   Data          16  mt48lc4m32b2.o(.bss)
    __initial_sp                             0x20004240   Data           0  startup_stm32f746xx.o(STACK)



==============================================================================

Memory Map of the image

  Image Entry point : 0x080001c9

  Load Region LR_IROM1 (Base: 0x08000000, Size: 0x00007450, Max: 0x00100000, ABSOLUTE)

    Execution Region ER_IROM1 (Exec base: 0x08000000, Load base: 0x08000000, Size: 0x000073e4, Max: 0x00100000, ABSOLUTE)

    Exec Addr    Load Addr    Size         Type   Attr      Idx    E Section Name        Object

    0x08000000   0x08000000   0x000001c8   Data   RO            3    RESET               startup_stm32f746xx.o
    0x080001c8   0x080001c8   0x00000000   Code   RO         4303  * .ARM.Collect$$$$00000000  mc_w.l(entry.o)
    0x080001c8   0x080001c8   0x00000004   Code   RO         4312    .ARM.Collect$$$$00000001  mc_w.l(entry2.o)
    0x080001cc   0x080001cc   0x00000004   Code   RO         4315    .ARM.Collect$$$$00000004  mc_w.l(entry5.o)
    0x080001d0   0x080001d0   0x00000000   Code   RO         4317    .ARM.Collect$$$$00000008  mc_w.l(entry7b.o)
    0x080001d0   0x080001d0   0x00000000   Code   RO         4319    .ARM.Collect$$$$0000000A  mc_w.l(entry8b.o)
    0x080001d0   0x080001d0   0x00000008   Code   RO         4320    .ARM.Collect$$$$0000000B  mc_w.l(entry9a.o)
    0x080001d8   0x080001d8   0x00000000   Code   RO         4322    .ARM.Collect$$$$0000000D  mc_w.l(entry10a.o)
    0x080001d8   0x080001d8   0x00000000   Code   RO         4324    .ARM.Collect$$$$0000000F  mc_w.l(entry11a.o)
    0x080001d8   0x080001d8   0x00000004   Code   RO         4313    .ARM.Collect$$$$00002712  mc_w.l(entry2.o)
    0x080001dc   0x080001dc   0x00000024   Code   RO            4    .text               startup_stm32f746xx.o
    0x08000200   0x08000200   0x00000062   Code   RO         4306    .text               mc_w.l(uldiv.o)
    0x08000262   0x08000262   0x00000024   Code   RO         4308    .text               mc_w.l(memcpya.o)
    0x08000286   0x08000286   0x0000001e   Code   RO         4326    .text               mc_w.l(llshl.o)
    0x080002a4   0x080002a4   0x00000020   Code   RO         4328    .text               mc_w.l(llushr.o)
    0x080002c4   0x080002c4   0x00000024   Code   RO         4330    .text               mc_w.l(init.o)
    0x080002e8   0x080002e8   0x0000000c   Code   RO         4007    i.BSP_SD_GetCardInfo  bsp_driver_sd.o
    0x080002f4   0x080002f4   0x00000018   Code   RO         4008    i.BSP_SD_GetCardState  bsp_driver_sd.o
    0x0800030c   0x0800030c   0x00000034   Code   RO         4010    i.BSP_SD_Init       bsp_driver_sd.o
    0x08000340   0x08000340   0x0000001c   Code   RO         4013    i.BSP_SD_ReadBlocks_DMA  bsp_driver_sd.o
    0x0800035c   0x0800035c   0x0000001c   Code   RO         4015    i.BSP_SD_WriteBlocks_DMA  bsp_driver_sd.o
    0x08000378   0x08000378   0x00000002   Code   RO         3807    i.BusFault_Handler  stm32f7xx_it.o
    0x0800037a   0x0800037a   0x00000002   PAD
    0x0800037c   0x0800037c   0x00000194   Code   RO         3931    i.CharPuts          main.o
    0x08000510   0x08000510   0x0000000c   Code   RO         3808    i.DMA2D_IRQHandler  stm32f7xx_it.o
    0x0800051c   0x0800051c   0x00000028   Code   RO         3502    i.DMA_SetConfig     stm32f7xx_hal_dma.o
    0x08000544   0x08000544   0x00000002   Code   RO         3809    i.DebugMon_Handler  stm32f7xx_it.o
    0x08000546   0x08000546   0x00000006   Code   RO           14    i.FATFS_LinkDriver  ff_gen_drv.o
    0x0800054c   0x0800054c   0x00000040   Code   RO           15    i.FATFS_LinkDriverEx  ff_gen_drv.o
    0x0800058c   0x0800058c   0x0000005e   Code   RO         1293    i.FMC_SDRAM_Init    stm32f7xx_ll_fmc.o
    0x080005ea   0x080005ea   0x0000000c   Code   RO         1294    i.FMC_SDRAM_ProgramRefreshRate  stm32f7xx_ll_fmc.o
    0x080005f6   0x080005f6   0x00000020   Code   RO         1295    i.FMC_SDRAM_SendCommand  stm32f7xx_ll_fmc.o
    0x08000616   0x08000616   0x00000002   PAD
    0x08000618   0x08000618   0x0000008c   Code   RO         1297    i.FMC_SDRAM_Timing_Init  stm32f7xx_ll_fmc.o
    0x080006a4   0x080006a4   0x00000002   Code   RO         2026    i.HAL_DMA2D_CLUTLoadingCpltCallback  stm32f7xx_hal_dma2d.o
    0x080006a6   0x080006a6   0x00000002   PAD
    0x080006a8   0x080006a8   0x000000a4   Code   RO         2032    i.HAL_DMA2D_ConfigLayer  stm32f7xx_hal_dma2d.o
    0x0800074c   0x0800074c   0x0000011c   Code   RO         2039    i.HAL_DMA2D_IRQHandler  stm32f7xx_hal_dma2d.o
    0x08000868   0x08000868   0x0000005a   Code   RO         2040    i.HAL_DMA2D_Init    stm32f7xx_hal_dma2d.o
    0x080008c2   0x080008c2   0x00000002   Code   RO         2041    i.HAL_DMA2D_LineEventCallback  stm32f7xx_hal_dma2d.o
    0x080008c4   0x080008c4   0x0000003c   Code   RO         3717    i.HAL_DMA2D_MspInit  stm32f7xx_hal_msp.o
    0x08000900   0x08000900   0x00000004   Code   RO         3506    i.HAL_DMA_GetError  stm32f7xx_hal_dma.o
    0x08000904   0x08000904   0x0000007a   Code   RO         3513    i.HAL_DMA_Start_IT  stm32f7xx_hal_dma.o
    0x0800097e   0x0800097e   0x00000002   PAD
    0x08000980   0x08000980   0x00000024   Code   RO         2608    i.HAL_Delay         stm32f7xx_hal.o
    0x080009a4   0x080009a4   0x000000ac   Code   RO         3718    i.HAL_FMC_MspInit   stm32f7xx_hal_msp.o
    0x08000a50   0x08000a50   0x000001d8   Code   RO         1927    i.HAL_GPIO_Init     stm32f7xx_hal_gpio.o
    0x08000c28   0x08000c28   0x0000000a   Code   RO         1931    i.HAL_GPIO_WritePin  stm32f7xx_hal_gpio.o
    0x08000c32   0x08000c32   0x00000002   PAD
    0x08000c34   0x08000c34   0x0000000c   Code   RO         2616    i.HAL_GetTick       stm32f7xx_hal.o
    0x08000c40   0x08000c40   0x00000010   Code   RO         2622    i.HAL_IncTick       stm32f7xx_hal.o
    0x08000c50   0x08000c50   0x00000016   Code   RO         2623    i.HAL_Init          stm32f7xx_hal.o
    0x08000c66   0x08000c66   0x00000002   PAD
    0x08000c68   0x08000c68   0x00000040   Code   RO         2624    i.HAL_InitTick      stm32f7xx_hal.o
    0x08000ca8   0x08000ca8   0x00000052   Code   RO         2799    i.HAL_LTDC_ConfigLayer  stm32f7xx_hal_ltdc.o
    0x08000cfa   0x08000cfa   0x00000002   PAD
    0x08000cfc   0x08000cfc   0x00000100   Code   RO         2816    i.HAL_LTDC_Init     stm32f7xx_hal_ltdc.o
    0x08000dfc   0x08000dfc   0x000000a4   Code   RO         3720    i.HAL_LTDC_MspInit  stm32f7xx_hal_msp.o
    0x08000ea0   0x08000ea0   0x00000044   Code   RO         2823    i.HAL_LTDC_SetAddress  stm32f7xx_hal_ltdc.o
    0x08000ee4   0x08000ee4   0x0000005c   Code   RO         3305    i.HAL_MPU_ConfigRegion  stm32f7xx_hal_cortex.o
    0x08000f40   0x08000f40   0x0000001c   Code   RO         3306    i.HAL_MPU_Disable   stm32f7xx_hal_cortex.o
    0x08000f5c   0x08000f5c   0x00000024   Code   RO         3307    i.HAL_MPU_Enable    stm32f7xx_hal_cortex.o
    0x08000f80   0x08000f80   0x00000058   Code   RO         3721    i.HAL_MspInit       stm32f7xx_hal_msp.o
    0x08000fd8   0x08000fd8   0x00000016   Code   RO         3310    i.HAL_NVIC_EnableIRQ  stm32f7xx_hal_cortex.o
    0x08000fee   0x08000fee   0x00000002   PAD
    0x08000ff0   0x08000ff0   0x00000040   Code   RO         3316    i.HAL_NVIC_SetPriority  stm32f7xx_hal_cortex.o
    0x08001030   0x08001030   0x00000024   Code   RO         3317    i.HAL_NVIC_SetPriorityGrouping  stm32f7xx_hal_cortex.o
    0x08001054   0x08001054   0x0000006c   Code   RO          646    i.HAL_PWREx_EnableOverDrive  stm32f7xx_hal_pwr_ex.o
    0x080010c0   0x080010c0   0x000004fc   Code   RO         3446    i.HAL_RCCEx_PeriphCLKConfig  stm32f7xx_hal_rcc_ex.o
    0x080015bc   0x080015bc   0x0000012c   Code   RO         2236    i.HAL_RCC_ClockConfig  stm32f7xx_hal_rcc.o
    0x080016e8   0x080016e8   0x0000000c   Code   RO         2241    i.HAL_RCC_GetHCLKFreq  stm32f7xx_hal_rcc.o
    0x080016f4   0x080016f4   0x00000064   Code   RO         2245    i.HAL_RCC_GetSysClockFreq  stm32f7xx_hal_rcc.o
    0x08001758   0x08001758   0x00000338   Code   RO         2248    i.HAL_RCC_OscConfig  stm32f7xx_hal_rcc.o
    0x08001a90   0x08001a90   0x00000030   Code   RO         3061    i.HAL_RNG_Init      stm32f7xx_hal_rng.o
    0x08001ac0   0x08001ac0   0x00000028   Code   RO         3723    i.HAL_RNG_MspInit   stm32f7xx_hal_msp.o
    0x08001ae8   0x08001ae8   0x00000042   Code   RO         3155    i.HAL_SDRAM_Init    stm32f7xx_hal_sdram.o
    0x08001b2a   0x08001b2a   0x00000004   Code   RO         3725    i.HAL_SDRAM_MspInit  stm32f7xx_hal_msp.o
    0x08001b2e   0x08001b2e   0x00000022   Code   RO         3158    i.HAL_SDRAM_ProgramRefreshRate  stm32f7xx_hal_sdram.o
    0x08001b50   0x08001b50   0x00000030   Code   RO         3164    i.HAL_SDRAM_SendCommand  stm32f7xx_hal_sdram.o
    0x08001b80   0x08001b80   0x00000078   Code   RO         1449    i.HAL_SD_ConfigWideBusOperation  stm32f7xx_hal_sd.o
    0x08001bf8   0x08001bf8   0x00000002   Code   RO         1452    i.HAL_SD_ErrorCallback  stm32f7xx_hal_sd.o
    0x08001bfa   0x08001bfa   0x000001fa   Code   RO         1454    i.HAL_SD_GetCardCSD  stm32f7xx_hal_sd.o
    0x08001df4   0x08001df4   0x00000024   Code   RO         1455    i.HAL_SD_GetCardInfo  stm32f7xx_hal_sd.o
    0x08001e18   0x08001e18   0x0000002c   Code   RO         1456    i.HAL_SD_GetCardState  stm32f7xx_hal_sd.o
    0x08001e44   0x08001e44   0x00000036   Code   RO         1461    i.HAL_SD_Init       stm32f7xx_hal_sd.o
    0x08001e7a   0x08001e7a   0x0000005c   Code   RO         1462    i.HAL_SD_InitCard   stm32f7xx_hal_sd.o
    0x08001ed6   0x08001ed6   0x00000002   PAD
    0x08001ed8   0x08001ed8   0x00000058   Code   RO         3727    i.HAL_SD_MspInit    stm32f7xx_hal_msp.o
    0x08001f30   0x08001f30   0x000000f4   Code   RO         1466    i.HAL_SD_ReadBlocks_DMA  stm32f7xx_hal_sd.o
    0x08002024   0x08002024   0x00000002   Code   RO         1468    i.HAL_SD_RxCpltCallback  stm32f7xx_hal_sd.o
    0x08002026   0x08002026   0x00000002   PAD
    0x08002028   0x08002028   0x000000f8   Code   RO         1471    i.HAL_SD_WriteBlocks_DMA  stm32f7xx_hal_sd.o
    0x08002120   0x08002120   0x00000018   Code   RO         3319    i.HAL_SYSTICK_CLKSourceConfig  stm32f7xx_hal_cortex.o
    0x08002138   0x08002138   0x00000002   Code   RO         3320    i.HAL_SYSTICK_Callback  stm32f7xx_hal_cortex.o
    0x0800213a   0x0800213a   0x00000026   Code   RO         3321    i.HAL_SYSTICK_Config  stm32f7xx_hal_cortex.o
    0x08002160   0x08002160   0x00000008   Code   RO         3322    i.HAL_SYSTICK_IRQHandler  stm32f7xx_hal_cortex.o
    0x08002168   0x08002168   0x00000002   Code   RO         3810    i.HardFault_Handler  stm32f7xx_it.o
    0x0800216a   0x0800216a   0x000001d0   Code   RO         2835    i.LTDC_SetConfig    stm32f7xx_hal_ltdc.o
    0x0800233a   0x0800233a   0x00000002   PAD
    0x0800233c   0x0800233c   0x000000a8   Code   RO         4207    i.MT48LC4M32B2_Init  mt48lc4m32b2.o
    0x080023e4   0x080023e4   0x00000050   Code   RO         3932    i.MX_DMA2D_Init     main.o
    0x08002434   0x08002434   0x0000001c   Code   RO         3889    i.MX_FATFS_Init     fatfs.o
    0x08002450   0x08002450   0x00000058   Code   RO         3933    i.MX_FMC_Init       main.o
    0x080024a8   0x080024a8   0x0000011c   Code   RO         3934    i.MX_GPIO_Init      main.o
    0x080025c4   0x080025c4   0x00000098   Code   RO         3935    i.MX_LTDC_Init      main.o
    0x0800265c   0x0800265c   0x00000002   Code   RO         3811    i.MemManage_Handler  stm32f7xx_it.o
    0x0800265e   0x0800265e   0x00000002   Code   RO         3812    i.NMI_Handler       stm32f7xx_it.o
    0x08002660   0x08002660   0x00000022   Code   RO         3323    i.NVIC_SetPriority  stm32f7xx_hal_cortex.o
    0x08002682   0x08002682   0x00000002   Code   RO         3813    i.PendSV_Handler    stm32f7xx_it.o
    0x08002684   0x08002684   0x00000032   Code   RO         2337    i.SDMMC_CmdAppCommand  stm32f7xx_ll_sdmmc.o
    0x080026b6   0x080026b6   0x00000002   PAD
    0x080026b8   0x080026b8   0x00000034   Code   RO         2338    i.SDMMC_CmdAppOperCommand  stm32f7xx_ll_sdmmc.o
    0x080026ec   0x080026ec   0x00000032   Code   RO         2339    i.SDMMC_CmdBlockLength  stm32f7xx_ll_sdmmc.o
    0x0800271e   0x0800271e   0x00000032   Code   RO         2340    i.SDMMC_CmdBusWidth  stm32f7xx_ll_sdmmc.o
    0x08002750   0x08002750   0x00000050   Code   RO         2344    i.SDMMC_CmdGoIdleState  stm32f7xx_ll_sdmmc.o
    0x080027a0   0x080027a0   0x00000064   Code   RO         2346    i.SDMMC_CmdOperCond  stm32f7xx_ll_sdmmc.o
    0x08002804   0x08002804   0x00000032   Code   RO         2347    i.SDMMC_CmdReadMultiBlock  stm32f7xx_ll_sdmmc.o
    0x08002836   0x08002836   0x00000032   Code   RO         2348    i.SDMMC_CmdReadSingleBlock  stm32f7xx_ll_sdmmc.o
    0x08002868   0x08002868   0x00000030   Code   RO         2351    i.SDMMC_CmdSelDesel  stm32f7xx_ll_sdmmc.o
    0x08002898   0x08002898   0x0000002a   Code   RO         2352    i.SDMMC_CmdSendCID  stm32f7xx_ll_sdmmc.o
    0x080028c2   0x080028c2   0x0000002e   Code   RO         2353    i.SDMMC_CmdSendCSD  stm32f7xx_ll_sdmmc.o
    0x080028f0   0x080028f0   0x00000030   Code   RO         2354    i.SDMMC_CmdSendSCR  stm32f7xx_ll_sdmmc.o
    0x08002920   0x08002920   0x00000032   Code   RO         2355    i.SDMMC_CmdSendStatus  stm32f7xx_ll_sdmmc.o
    0x08002952   0x08002952   0x00000030   Code   RO         2356    i.SDMMC_CmdSetRelAdd  stm32f7xx_ll_sdmmc.o
    0x08002982   0x08002982   0x00000002   PAD
    0x08002984   0x08002984   0x00000034   Code   RO         2358    i.SDMMC_CmdStopTransfer  stm32f7xx_ll_sdmmc.o
    0x080029b8   0x080029b8   0x00000032   Code   RO         2360    i.SDMMC_CmdWriteMultiBlock  stm32f7xx_ll_sdmmc.o
    0x080029ea   0x080029ea   0x00000032   Code   RO         2361    i.SDMMC_CmdWriteSingleBlock  stm32f7xx_ll_sdmmc.o
    0x08002a1c   0x08002a1c   0x00000026   Code   RO         2362    i.SDMMC_ConfigData  stm32f7xx_ll_sdmmc.o
    0x08002a42   0x08002a42   0x00000002   PAD
    0x08002a44   0x08002a44   0x0000011c   Code   RO         2363    i.SDMMC_GetCmdResp1  stm32f7xx_ll_sdmmc.o
    0x08002b60   0x08002b60   0x00000050   Code   RO         2364    i.SDMMC_GetCmdResp2  stm32f7xx_ll_sdmmc.o
    0x08002bb0   0x08002bb0   0x00000040   Code   RO         2365    i.SDMMC_GetCmdResp3  stm32f7xx_ll_sdmmc.o
    0x08002bf0   0x08002bf0   0x00000084   Code   RO         2366    i.SDMMC_GetCmdResp6  stm32f7xx_ll_sdmmc.o
    0x08002c74   0x08002c74   0x00000008   Code   RO         2370    i.SDMMC_GetPowerState  stm32f7xx_ll_sdmmc.o
    0x08002c7c   0x08002c7c   0x0000000c   Code   RO         2371    i.SDMMC_GetResponse  stm32f7xx_ll_sdmmc.o
    0x08002c88   0x08002c88   0x00000022   Code   RO         2372    i.SDMMC_Init        stm32f7xx_ll_sdmmc.o
    0x08002caa   0x08002caa   0x00000008   Code   RO         2374    i.SDMMC_PowerState_ON  stm32f7xx_ll_sdmmc.o
    0x08002cb2   0x08002cb2   0x00000006   Code   RO         2375    i.SDMMC_ReadFIFO    stm32f7xx_ll_sdmmc.o
    0x08002cb8   0x08002cb8   0x00000022   Code   RO         2376    i.SDMMC_SendCommand  stm32f7xx_ll_sdmmc.o
    0x08002cda   0x08002cda   0x00000002   PAD
    0x08002cdc   0x08002cdc   0x00000020   Code   RO         3646    i.SD_CheckStatus    sd_diskio.o
    0x08002cfc   0x08002cfc   0x0000005e   Code   RO         1473    i.SD_DMAError       stm32f7xx_hal_sd.o
    0x08002d5a   0x08002d5a   0x0000003e   Code   RO         1474    i.SD_DMAReceiveCplt  stm32f7xx_hal_sd.o
    0x08002d98   0x08002d98   0x0000000e   Code   RO         1476    i.SD_DMATransmitCplt  stm32f7xx_hal_sd.o
    0x08002da6   0x08002da6   0x000000d6   Code   RO         1478    i.SD_FindSCR        stm32f7xx_hal_sd.o
    0x08002e7c   0x08002e7c   0x000000e6   Code   RO         1479    i.SD_InitCard       stm32f7xx_hal_sd.o
    0x08002f62   0x08002f62   0x000000a6   Code   RO         1480    i.SD_PowerON        stm32f7xx_hal_sd.o
    0x08003008   0x08003008   0x0000004e   Code   RO         1482    i.SD_WideBus_Disable  stm32f7xx_hal_sd.o
    0x08003056   0x08003056   0x0000004e   Code   RO         1483    i.SD_WideBus_Enable  stm32f7xx_hal_sd.o
    0x080030a4   0x080030a4   0x00000020   Code   RO         3647    i.SD_initialize     sd_diskio.o
    0x080030c4   0x080030c4   0x00000058   Code   RO         3648    i.SD_ioctl          sd_diskio.o
    0x0800311c   0x0800311c   0x0000006c   Code   RO         3649    i.SD_read           sd_diskio.o
    0x08003188   0x08003188   0x00000004   Code   RO         3650    i.SD_status         sd_diskio.o
    0x0800318c   0x0800318c   0x0000006c   Code   RO         3651    i.SD_write          sd_diskio.o
    0x080031f8   0x080031f8   0x00000002   Code   RO         3814    i.SVC_Handler       stm32f7xx_it.o
    0x080031fa   0x080031fa   0x0000000e   Code   RO         3815    i.SysTick_Handler   stm32f7xx_it.o
    0x08003208   0x08003208   0x000000d0   Code   RO         3936    i.SystemClock_Config  main.o
    0x080032d8   0x080032d8   0x00000054   Code   RO         3607    i.SystemInit        system_stm32f7xx.o
    0x0800332c   0x0800332c   0x00000094   Code   RO         4085    i.TFT_DisplayString  ltdc.o
    0x080033c0   0x080033c0   0x000000b0   Code   RO         4088    i.TFT_DrawChar      ltdc.o
    0x08003470   0x08003470   0x00000018   Code   RO         4091    i.TFT_DrawPixel     ltdc.o
    0x08003488   0x08003488   0x00000020   Code   RO         4095    i.TFT_FillScreen    ltdc.o
    0x080034a8   0x080034a8   0x0000000c   Code   RO         4098    i.TFT_SetBackColor  ltdc.o
    0x080034b4   0x080034b4   0x0000000c   Code   RO         4099    i.TFT_SetFont       ltdc.o
    0x080034c0   0x080034c0   0x0000000c   Code   RO         4100    i.TFT_SetTextColor  ltdc.o
    0x080034cc   0x080034cc   0x00000002   Code   RO         3816    i.UsageFault_Handler  stm32f7xx_it.o
    0x080034ce   0x080034ce   0x0000000e   Code   RO         4334    i.__scatterload_copy  mc_w.l(handlers.o)
    0x080034dc   0x080034dc   0x00000002   Code   RO         4335    i.__scatterload_null  mc_w.l(handlers.o)
    0x080034de   0x080034de   0x0000000e   Code   RO         4336    i.__scatterload_zeroinit  mc_w.l(handlers.o)
    0x080034ec   0x080034ec   0x000001d8   Code   RO         3938    i.main              main.o
    0x080036c4   0x080036c4   0x00000010   Data   RO         3608    .constdata          system_stm32f7xx.o
    0x080036d4   0x080036d4   0x00000014   Data   RO         3652    .constdata          sd_diskio.o
    0x080036e8   0x080036e8   0x000002f8   Data   RO         4233    .constdata          font8.o
    0x080039e0   0x080039e0   0x00000474   Data   RO         4247    .constdata          font12.o
    0x08003e54   0x08003e54   0x00000be0   Data   RO         4261    .constdata          font16.o
    0x08004a34   0x08004a34   0x00000ed8   Data   RO         4275    .constdata          font20.o
    0x0800590c   0x0800590c   0x00001ab8   Data   RO         4289    .constdata          font24.o
    0x080073c4   0x080073c4   0x00000020   Data   RO         4332    Region$$Table       anon$$obj.o


    Execution Region RW_IRAM1 (Exec base: 0x20000000, Load base: 0x080073e4, Size: 0x00004240, Max: 0x00050000, ABSOLUTE)

    Exec Addr    Load Addr    Size         Type   Attr      Idx    E Section Name        Object

    0x20000000   0x080073e4   0x0000000c   Data   RW         2630    .data               stm32f7xx_hal.o
    0x2000000c   0x080073f0   0x00000004   Data   RW         3610    .data               system_stm32f7xx.o
    0x20000010   0x080073f4   0x0000000c   Data   RW         3653    .data               sd_diskio.o
    0x2000001c   0x08007400   0x00000008   Data   RW         3728    .data               stm32f7xx_hal_msp.o
    0x20000024   0x08007408   0x00000005   Data   RW         3893    .data               fatfs.o
    0x20000029   0x0800740d   0x00000003   PAD
    0x2000002c   0x08007410   0x0000000c   Data   RW         3941    .data               main.o
    0x20000038   0x0800741c   0x00000008   Data   RW         4102    .data               ltdc.o
    0x20000040   0x08007424   0x00000001   Data   RW         4209    .data               mt48lc4m32b2.o
    0x20000041   0x08007425   0x00000003   PAD
    0x20000044   0x08007428   0x00000008   Data   RW         4234    .data               font8.o
    0x2000004c   0x08007430   0x00000008   Data   RW         4248    .data               font12.o
    0x20000054   0x08007438   0x00000008   Data   RW         4262    .data               font16.o
    0x2000005c   0x08007440   0x00000008   Data   RW         4276    .data               font20.o
    0x20000064   0x08007448   0x00000008   Data   RW         4290    .data               font24.o
    0x2000006c        -       0x0000000c   Zero   RW           18    .bss                ff_gen_drv.o
    0x20000078        -       0x000001ac   Zero   RW         3939    .bss                main.o
    0x20000224        -       0x0000000c   Zero   RW         4101    .bss                ltdc.o
    0x20000230        -       0x00000010   Zero   RW         4208    .bss                mt48lc4m32b2.o
    0x20000240        -       0x00004000   Zero   RW            1    STACK               startup_stm32f746xx.o


==============================================================================

Image component sizes


      Code (inc. data)   RO Data    RW Data    ZI Data      Debug   Object Name

       144         20          0          0          0       3839   bsp_driver_sd.o
        28         10          0          5          0       1198   fatfs.o
        70          6          0          0         12     824951   ff_gen_drv.o
         0          0       1140          8          0       1207   font12.o
         0          0       3040          8          0       1207   font16.o
         0          0       3800          8          0       1207   font20.o
         0          0       6840          8          0       1207   font24.o
         0          0        760          8          0       1202   font8.o
       416         46          0          8         12       5839   ltdc.o
      1688        176          0         12        428      38611   main.o
       168         12          0          1         16       1525   mt48lc4m32b2.o
       372         26         20         12          0       5172   sd_diskio.o
        36          8        456          0      16384        896   startup_stm32f746xx.o
       150         24          0         12          0       4393   stm32f7xx_hal.o
       384         28          0          0          0      40179   stm32f7xx_hal_cortex.o
       166          0          0          0          0       3086   stm32f7xx_hal_dma.o
       542          6          0          0          0       4642   stm32f7xx_hal_dma2d.o
       482         54          0          0          0       2752   stm32f7xx_hal_gpio.o
       870          4          0          0          0       4253   stm32f7xx_hal_ltdc.o
       616         98          0          8          0       5324   stm32f7xx_hal_msp.o
       108          8          0          0          0       1388   stm32f7xx_hal_pwr_ex.o
      1236         50          0          0          0       4694   stm32f7xx_hal_rcc.o
      1276         16          0          0          0       2400   stm32f7xx_hal_rcc_ex.o
        48          0          0          0          0       1195   stm32f7xx_hal_rng.o
      2284         16          0          0          0      16255   stm32f7xx_hal_sd.o
       148          0          0          0          0       2960   stm32f7xx_hal_sdram.o
        42          6          0          0          0       5177   stm32f7xx_it.o
       278          6          0          0          0       3680   stm32f7xx_ll_fmc.o
      1616         42          0          0          0      24002   stm32f7xx_ll_sdmmc.o
        84         16         16          4          0       1411   system_stm32f7xx.o

    ----------------------------------------------------------------------
     13282        678      16104        108      16852    1015852   Object Totals
         0          0         32          0          0          0   (incl. Generated)
        30          0          0          6          0          0   (incl. Padding)

    ----------------------------------------------------------------------

      Code (inc. data)   RO Data    RW Data    ZI Data      Debug   Library Member Name

         0          0          0          0          0          0   entry.o
         0          0          0          0          0          0   entry10a.o
         0          0          0          0          0          0   entry11a.o
         8          4          0          0          0          0   entry2.o
         4          0          0          0          0          0   entry5.o
         0          0          0          0          0          0   entry7b.o
         0          0          0          0          0          0   entry8b.o
         8          4          0          0          0          0   entry9a.o
        30          0          0          0          0          0   handlers.o
        36          8          0          0          0         68   init.o
        30          0          0          0          0         68   llshl.o
        32          0          0          0          0         68   llushr.o
        36          0          0          0          0         68   memcpya.o
        98          0          0          0          0         92   uldiv.o

    ----------------------------------------------------------------------
       282         16          0          0          0        364   Library Totals
         0          0          0          0          0          0   (incl. Padding)

    ----------------------------------------------------------------------

      Code (inc. data)   RO Data    RW Data    ZI Data      Debug   Library Name

       282         16          0          0          0        364   mc_w.l

    ----------------------------------------------------------------------
       282         16          0          0          0        364   Library Totals

    ----------------------------------------------------------------------

==============================================================================


      Code (inc. data)   RO Data    RW Data    ZI Data      Debug   

     13564        694      16104        108      16852    1003416   Grand Totals
     13564        694      16104        108      16852    1003416   ELF Image Totals
     13564        694      16104        108          0          0   ROM Totals

==============================================================================

    Total RO  Size (Code + RO Data)                29668 (  28.97kB)
    Total RW  Size (RW Data + ZI Data)             16960 (  16.56kB)
    Total ROM Size (Code + RO Data + RW Data)      29776 (  29.08kB)

==============================================================================

